******************************************************************************
                  TI ARM Linker PC v18.12.2                    
******************************************************************************
>> Linked Sun Sep 29 16:02:33 2019

OUTPUT FILE NAME:   <CC1310_Clear_Robot(ver_0.2).out>
ENTRY POINT SYMBOL: "resetISR"  address: 00004bbd


MEMORY CONFIGURATION

         name            origin    length      used     unused   attr    fill
----------------------  --------  ---------  --------  --------  ----  --------
  FLASH                 00000000   00020000  000051ef  0001ae11  R  X
  SRAM                  20000000   00005000  00001023  00003fdd  RW X


SEGMENT ALLOCATION MAP

run origin  load origin   length   init length attrs members
----------  ----------- ---------- ----------- ----- -------
00000000    00000000    00005129   00005129    r-x
  00000000    00000000    000000c8   000000c8    r-- .intvecs
  000000c8    000000c8    00004d5a   00004d5a    r-x .text
  00004e24    00004e24    00000305   00000305    r-- .const
0000512c    0000512c    00000008   00000008    rw-
  0000512c    0000512c    00000008   00000008    rw- .args
00005138    00005138    00000068   00000068    r--
  00005138    00005138    00000068   00000068    r-- .cinit
0001ffa8    0001ffa8    00000058   00000058    r--
  0001ffa8    0001ffa8    00000058   00000058    r-- .ccfg
20000000    20000000    00000b60   00000000    rw-
  20000000    20000000    00000628   00000000    rw- .bss
  20000628    20000628    00000433   00000000    rw- .data
  20000a60    20000a60    00000100   00000000    rw- .sysmem
20000c00    20000c00    000000c8   00000000    rw-
  20000c00    20000c00    000000c8   00000000    rw- .vtable_ram
20004c00    20004c00    00000400   00000000    rw-
  20004c00    20004c00    00000400   00000000    rw- .stack


SECTION ALLOCATION MAP

 output                                  attributes/
section   page    origin      length       input sections
--------  ----  ----------  ----------   ----------------
.intvecs   0    00000000    000000c8     
                  00000000    000000c8     nortos_cc13x0.aem3 : startup_cc13xx_cc26xx_ccs.oem3 (.intvecs)

.text      0    000000c8    00004d5a     
                  000000c8    0000030c     drivers_cc13x0.aem3 : PowerCC26XX_calibrateRCOSC.oem3 (.text:PowerCC26XX_auxISR)
                  000003d4    00000228     driverlib.lib : sys_ctrl.obj (.text:NOROM_SysCtrlSetRechargeBeforePowerDown)
                  000005fc    00000224     drivers_cc13x0.aem3 : PowerCC26XX.oem3 (.text:Power_sleep)
                  00000820    000001b0                         : PINCC26XX.oem3 (.text:PIN_init)
                  000009d0    00000190                         : PowerCC26XX_calibrateRCOSC.oem3 (.text:PowerCC26XX_doCalibrate)
                  00000b60    0000017c     pwm.obj (.text:PWM_Handler_Open)
                  00000cdc    00000168     motor.obj (.text:DC_Motor_Manger)
                  00000e44    00000164     drivers_cc13x0.aem3 : UARTCC26XX.oem3 (.text:UARTCC26XX_open)
                  00000fa8    00000148                         : UARTCC26XX.oem3 (.text:UARTCC26XX_hwiIntFxn)
                  000010f0    00000136                         : UARTCC26XX.oem3 (.text:UARTCC26XX_read)
                  00001226    00000002     driverlib.lib : interrupt.obj (.text:IntDefaultHandler)
                  00001228    00000124                   : setup_rom.obj (.text:NOROM_SetupAfterColdResetWakeupFromShutDownCfg3)
                  0000134c    00000114     drivers_cc13x0.aem3 : PowerCC26XX.oem3 (.text:Power_init)
                  00001460    00000100     nortos_cc13x0.aem3 : PowerCC26XX_nortos.oem3 (.text:PowerCC26XX_standbyPolicy)
                  00001560    000000f0     driverlib.lib : setup_rom.obj (.text:NOROM_SetupAfterColdResetWakeupFromShutDownCfg2)
                  00001650    000000f0     drivers_cc13x0.aem3 : PINCC26XX.oem3 (.text:PINCC26XX_setIoCfg)
                  00001740    000000e4     pwm.obj (.text:PWM_Handler_Start)
                  00001824    000000e4     pwm.obj (.text:PWM_Handler_Stop)
                  00001908    000000e2     drivers_cc13x0.aem3 : UARTCC26XX.oem3 (.text:UARTCC26XX_write)
                  000019ea    00000002                         : PWMTimerCC26XX.oem3 (.text:PWMTimerCC26XX_init)
                  000019ec    000000d8                         : PWMTimerCC26XX.oem3 (.text:PWMTimerCC26XX_open)
                  00001ac4    000000d8     nortos_cc13x0.aem3 : SwiP_nortos.oem3 (.text:SwiP_construct)
                  00001b9c    000000d0     drivers_cc13x0.aem3 : GPTimerCC26XX.oem3 (.text:GPTimerCC26XX_open)
                  00001c6c    000000c4     driverlib.lib : setup.obj (.text:TrimAfterColdResetWakeupFromShutDown)
                  00001d30    000000bc     drivers_cc13x0.aem3 : PowerCC26XX.oem3 (.text:Power_releaseDependency)
                  00001dec    000000b4                         : PowerCC26XX.oem3 (.text:Power_setDependency)
                  00001ea0    000000b0     nortos_cc13x0.aem3 : TimerPCC26XX_nortos.oem3 (.text:TimerP_construct)
                  00001f50    000000a8                        : ClockPTimer_nortos.oem3 (.text:ClockP_workFuncDynamic)
                  00001ff8    000000a8     driverlib.lib : setup.obj (.text:NOROM_SetupTrimDevice)
                  000020a0    000000a4     drivers_cc13x0.aem3 : GPTimerCC26XX.oem3 (.text:GPTimerCC26XX_close)
                  00002144    000000a4     driverlib.lib : setup_rom.obj (.text:NOROM_SetupAfterColdResetWakeupFromShutDownCfg1)
                  000021e8    000000a4     drivers_cc13x0.aem3 : UARTCC26XX.oem3 (.text:UARTCC26XX_initHw)
                  0000228c    000000a4                         : PowerCC26XX.oem3 (.text:switchXOSCHFclockFunc)
                  00002330    000000a0                         : PINCC26XX.oem3 (.text:PIN_open)
                  000023d0    000000a0     nortos_cc13x0.aem3 : SwiP_nortos.oem3 (.text:SwiP_dispatch)
                  00002470    0000009c                        : ClockPTimer_nortos.oem3 (.text:ClockP_startup)
                  0000250c    0000009c     drivers_cc13x0.aem3 : PWMTimerCC26XX.oem3 (.text:PWMTimerCC26XX_setDutyAndPeriod)
                  000025a8    0000009c     rtsv7M3_T_le_eabi.lib : memcpy_t2.asm.obj (.text)
                  00002644    00000098     nortos_cc13x0.aem3 : SemaphoreP_nortos.oem3 (.text:SemaphoreP_pend)
                  000026dc    00000098     drivers_cc13x0.aem3 : UARTCC26XX.oem3 (.text:UARTCC26XX_initIO)
                  00002774    00000096     rtsv7M3_T_le_eabi.lib : ull_div_t2.asm.obj (.text)
                  0000280a    00000002     nortos_cc13x0.aem3 : SemaphoreP_nortos.oem3 (.text:SemaphoreP_destruct)
                  0000280c    00000094     uart.obj (.text:Uart_Config_init)
                  000028a0    0000008e     drivers_cc13x0.aem3 : UARTCC26XX.oem3 (.text:UARTCC26XX_writeCancel)
                  0000292e    00000002     nortos_cc13x0.aem3 : SemaphoreP_nortos.oem3 (.text:clkFxn)
                  00002930    00000084     drivers_cc13x0.aem3 : UARTCC26XX.oem3 (.text:UARTCC26XX_close)
                  000029b4    00000080     nortos_cc13x0.aem3 : ClockPTimer_nortos.oem3 (.text:ClockP_start)
                  00002a34    00000080     drivers_cc13x0.aem3 : UARTCC26XX.oem3 (.text:writeTxFifoFlush)
                  00002ab4    0000007a     rtsv7M3_T_le_eabi.lib : memset_t2.asm.obj (.text)
                  00002b2e    00000002     drivers_cc13x0.aem3 : PowerCC26XX.oem3 (.text:emptyClockFunc)
                  00002b30    00000078     nortos_cc13x0.aem3 : HwiPCC26XX_nortos.oem3 (.text:HwiP_construct)
                  00002ba8    00000078     motor.obj (.text:Motor_Control_Timer)
                  00002c20    00000078     pwm.obj (.text:PWM_Params_Set)
                  00002c98    00000074     nortos_cc13x0.aem3 : ClockPTimer_nortos.oem3 (.text:ClockP_walkQueueDynamic)
                  00002d0c    00000074     driverlib.lib : setup_rom.obj (.text:NOROM_SetupSetVddrLevel)
                  00002d80    00000070     nortos_cc13x0.aem3 : TimerPCC26XX_nortos.oem3 (.text:TimerP_start)
                  00002df0    0000006c     drivers_cc13x0.aem3 : PowerCC26XX_calibrateRCOSC.oem3 (.text:PowerCC26XX_initiateCalibration)
                  00002e5c    00000068     driverlib.lib : setup_rom.obj (.text:NOROM_SetupGetTrimForAmpcompCtrl)
                  00002ec4    00000068                   : setup_rom.obj (.text:NOROM_SetupGetTrimForAnabypassValue1)
                  00002f2c    00000068                   : sys_ctrl.obj (.text:NOROM_SysCtrlAdjustRechargeAfterPowerDown)
                  00002f94    00000068                   : sys_ctrl.obj (.text:NOROM_SysCtrl_DCDC_VoltageConditionalControl)
                  00002ffc    00000068     drivers_cc13x0.aem3 : PINCC26XX.oem3 (.text:PIN_add)
                  00003064    00000068     sensor.obj (.text:Sensor_Manager)
                  000030cc    00000068     nortos_cc13x0.aem3 : SwiP_nortos.oem3 (.text:SwiP_post)
                  00003134    00000068     timer.obj (.text:Timer_Config_init)
                  0000319c    00000068     rtsv7M3_T_le_eabi.lib : copy_decompress_lzss.c.obj (.text:decompress:lzss:__TI_decompress_lzss)
                  00003204    00000068     drivers_cc13x0.aem3 : PowerCC26XX.oem3 (.text:lfClockReadyCallback)
                  0000326c    00000064     driverlib.lib : osc.obj (.text:NOROM_OSCHF_AttemptToSwitchToXosc)
                  000032d0    00000064     drivers_cc13x0.aem3 : PowerCC26XX.oem3 (.text:configureXOSCHF)
                  00003334    00000060     nortos_cc13x0.aem3 : ClockPTimer_nortos.oem3 (.text:ClockP_usleep)
                  00003394    00000060     driverlib.lib : osc.obj (.text:NOROM_OSCClockSourceSet)
                  000033f4    00000060     drivers_cc13x0.aem3 : PowerCC26XX.oem3 (.text:PowerCC26XX_calibrate)
                  00003454    00000060                         : UARTCC26XX.oem3 (.text:UARTCC26XX_control)
                  000034b4    0000005e                         : UARTCC26XX.oem3 (.text:UARTCC26XX_swiIntFxn)
                  00003512    00000002     nortos_cc13x0.aem3 : startup_cc13xx_cc26xx_ccs.oem3 (.text:faultISR)
                  00003514    0000005c     drivers_cc13x0.aem3 : PWMTimerCC26XX.oem3 (.text:PWMTimerCC26XX_setPeriod)
                  00003570    0000005c                         : PowerCC26XX_calibrateRCOSC.oem3 (.text:PowerCC26XX_RCOSC_clockFunc)
                  000035cc    00000058                         : GPTimerCC26XX.oem3 (.text:GPTimerCC26XXHwiFxn)
                  00003624    00000058                         : GPTimerCC26XX.oem3 (.text:GPTimerCC26XX_stop)
                  0000367c    00000058                         : PINCC26XX.oem3 (.text:PIN_remove)
                  000036d4    00000054     timer.obj (.text:Timer_Interrupt_Handler1)
                  00003728    00000050     driverlib.lib : setup_rom.obj (.text:NOROM_SetupSetCacheModeAccordingToCcfgSetting)
                  00003778    00000050     drivers_cc13x0.aem3 : PWMTimerCC26XX.oem3 (.text:PWMTimerCC26XX_getdutyCounts)
                  000037c8    00000050     nortos_cc13x0.aem3 : SemaphoreP_nortos.oem3 (.text:SemaphoreP_construct)
                  00003818    00000050     drivers_cc13x0.aem3 : UARTCC26XX.oem3 (.text:startTxFifoEmptyClk)
                  00003868    0000004c                         : GPTimerCC26XX.oem3 (.text:GPTimerCC26XX_registerInterrupt)
                  000038b4    0000004c                         : GPTimerCC26XX.oem3 (.text:GPTimerCC26XX_start)
                  00003900    0000004a                         : UARTCC26XX.oem3 (.text:UARTCC26XX_readCancel)
                  0000394a    00000002     nortos_cc13x0.aem3 : startup_cc13xx_cc26xx_ccs.oem3 (.text:intDefaultHandler)
                  0000394c    00000048                        : ClockPTimer_nortos.oem3 (.text:ClockP_construct)
                  00003994    00000048     drivers_cc13x0.aem3 : PINCC26XX.oem3 (.text:PIN_setOutputEnable)
                  000039dc    00000048     main.obj (.text:RunningLED)
                  00003a24    00000048     drivers_cc13x0.aem3 : UARTCC26XX.oem3 (.text:writeFinishedDoCallback)
                  00003a6c    00000044                         : PWMTimerCC26XX.oem3 (.text:PWMTimerCC26XX_setDuty)
                  00003ab0    00000044                         : RingBuf.oem3 (.text:RingBuf_put)
                  00003af4    00000044     nortos_cc13x0.aem3 : SwiP_nortos.oem3 (.text:SwiP_restore)
                  00003b38    00000044     rtsv7M3_T_le_eabi.lib : autoinit.c.obj (.text:__TI_auto_init_nobinit_nopinit:__TI_auto_init_nobinit_nopinit)
                  00003b7c    00000040     drivers_cc13x0.aem3 : PINCC26XX.oem3 (.text:PIN_swi)
                  00003bbc    00000040                         : PWM.oem3 (.text:PWM_init)
                  00003bfc    00000040                         : PWM.oem3 (.text:PWM_open)
                  00003c3c    00000040                         : UART.oem3 (.text:UART_init)
                  00003c7c    00000040                         : UART.oem3 (.text:UART_open)
                  00003cbc    0000003e                         : RingBuf.oem3 (.text:RingBuf_get)
                  00003cfa    00000002     nortos_cc13x0.aem3 : startup_cc13xx_cc26xx_ccs.oem3 (.text:nmiISR)
                  00003cfc    0000003c     driverlib.lib : chipinfo.obj (.text:NOROM_ChipInfo_GetHwRevision)
                  00003d38    0000003c                   : osc.obj (.text:NOROM_OSC_HPOSCRelativeFrequencyOffsetGet)
                  00003d74    0000003c     nortos_cc13x0.aem3 : SemaphoreP_nortos.oem3 (.text:SemaphoreP_post)
                  00003db0    0000003c     drivers_cc13x0.aem3 : PowerCC26XX.oem3 (.text:disableLfClkQualifiersEnableClkLoss)
                  00003dec    00000038                         : PINCC26XX.oem3 (.text:PIN_setConfig)
                  00003e24    00000038                         : PINCC26XX.oem3 (.text:PIN_setOutputValue)
                  00003e5c    00000038     uart.obj (.text:UART_Interrupt_Handler)
                  00003e94    00000038     drivers_cc13x0.aem3 : UARTCC26XX.oem3 (.text:readData)
                  00003ecc    00000038                         : UARTCC26XX.oem3 (.text:writeData)
                  00003f04    00000036     nortos_cc13x0.aem3 : TimerPCC26XX_nortos.oem3 (.text:TimerP_setNextTick)
                  00003f3a    00000002     rtsv7M3_T_le_eabi.lib : div0.asm.obj (.text)
                  00003f3c    00000034     nortos_cc13x0.aem3 : ClockPTimer_nortos.oem3 (.text:ClockP_getTicksUntilInterrupt)
                  00003f70    00000034     drivers_cc13x0.aem3 : GPTimerCC26XX.oem3 (.text:GPTimerCC26XXSetLoadMatch)
                  00003fa4    00000034     driverlib.lib : interrupt.obj (.text:NOROM_IntRegister)
                  00003fd8    00000034                   : osc.obj (.text:NOROM_OSCHF_SwitchToRcOscTurnOffXosc)
                  0000400c    00000034     drivers_cc13x0.aem3 : PWMTimerCC26XX.oem3 (.text:PWMTimerCC26XX_getperiodCounts)
                  00004040    00000034                         : PowerCC26XX.oem3 (.text:Power_releaseConstraint)
                  00004074    00000034     nortos_cc13x0.aem3 : SwiP_nortos.oem3 (.text:SwiP_destruct)
                  000040a8    00000034                        : TimerPCC26XX_nortos.oem3 (.text:TimerP_initDevice)
                  000040dc    00000034     drivers_cc13x0.aem3 : PowerCC26XX.oem3 (.text:notify)
                  00004110    00000030                         : GPTimerCC26XX.oem3 (.text:GPTimerCC26XX_configureDebugStall)
                  00004140    00000030     driverlib.lib : chipinfo.obj (.text:NOROM_ChipInfo_GetChipType)
                  00004170    00000030                   : setup_rom.obj (.text:NOROM_SetupSetAonRtcSubSecInc)
                  000041a0    00000030     drivers_cc13x0.aem3 : PINCC26XX.oem3 (.text:PINCC26XX_setMux)
                  000041d0    00000030                         : PWMTimerCC26XX.oem3 (.text:PWMTimerCC26XX_start)
                  00004200    00000030                         : PowerCC26XX.oem3 (.text:Power_setConstraint)
                  00004230    00000030     nortos_cc13x0.aem3 : TimerPCC26XX_nortos.oem3 (.text:TimerP_getCurrentTick)
                  00004260    00000030                        : TimerPCC26XX_nortos.oem3 (.text:TimerP_setThreshold)
                  00004290    00000030     timer.obj (.text:getCalcTimer0)
                  000042c0    00000030     timer.obj (.text:getCalcTimer1)
                  000042f0    00000030     drivers_cc13x0.aem3 : UARTCC26XX.oem3 (.text:readData2RingBuf)
                  00004320    0000002c                         : GPTimerCC26XX.oem3 (.text:GPTimerCC26XX_getTimerValue)
                  0000434c    0000002c     nortos_cc13x0.aem3 : HwiPCC26XX_nortos.oem3 (.text:HwiP_dispatch)
                  00004378    0000002c     driverlib.lib : ddi.obj (.text:NOROM_DDI32RegWrite)
                  000043a4    0000002c                   : osc.obj (.text:NOROM_OSCClockSourceGet)
                  000043d0    0000002c                   : setup_rom.obj (.text:NOROM_SetupGetTrimForRadcExtCfg)
                  000043fc    0000002c     drivers_cc13x0.aem3 : PWMTimerCC26XX.oem3 (.text:PWMTimerCC26XX_close)
                  00004428    0000002c                         : PWMTimerCC26XX.oem3 (.text:PWMTimerCC26XX_stop)
                  00004454    00000028     driverlib.lib : aon_batmon.obj (.text:NOROM_AONBatMonTemperatureGetDegC)
                  0000447c    00000028     drivers_cc13x0.aem3 : PowerCC26XX.oem3 (.text:Power_registerNotify)
                  000044a4    00000028     driverlib.lib : adi.obj (.text:SafeHapiVoid)
                  000044cc    00000028     main.obj (.text:main)
                  000044f4    00000026     motor.obj (.text:Back_UP_Motor)
                  0000451a    00000026     motor.obj (.text:Motor_Config_init)
                  00004540    00000026     motor.obj (.text:Move_forward_Left_Motor)
                  00004566    00000026     motor.obj (.text:Move_forward_Motor)
                  0000458c    00000026     motor.obj (.text:Move_forward_Right_Motor)
                  000045b2    00000002     --HOLE-- [fill = 0]
                  000045b4    00000024     nortos_cc13x0.aem3 : ClockPTimer_nortos.oem3 (.text:ClockP_getTicks)
                  000045d8    00000024                        : ClockPTimer_nortos.oem3 (.text:ClockP_scheduleNextTick)
                  000045fc    00000024     drivers_cc13x0.aem3 : GPTimerCC26XX.oem3 (.text:GPTimerCC26XX_enableInterrupt)
                  00004620    00000024                         : List.oem3 (.text:List_remove)
                  00004644    00000024     nortos_cc13x0.aem3 : TimerPCC26XX_nortos.oem3 (.text:TimerP_getMaxTicks)
                  00004668    00000024     rtsv7M3_T_le_eabi.lib : boot_cortex_m.c.obj (.text:_c_int00:_c_int00)
                  0000468c    00000024     nortos_cc13x0.aem3 : ClockPTimer_nortos.oem3 (.text:sleepTicks)
                  000046b0    00000022     drivers_cc13x0.aem3 : List.oem3 (.text:List_put)
                  000046d2    00000002     --HOLE-- [fill = 0]
                  000046d4    00000020     nortos_cc13x0.aem3 : ClockPTimer_nortos.oem3 (.text:ClockP_add)
                  000046f4    00000020     drivers_cc13x0.aem3 : GPTimerCC26XX.oem3 (.text:GPTimerCC26XXReverseLookupMask)
                  00004714    00000020     driverlib.lib : setup_rom.obj (.text:NOROM_SetupGetTrimForXoscHfCtl)
                  00004734    00000020     drivers_cc13x0.aem3 : PINCC26XX.oem3 (.text:PINCC26XX_setIoCfgMux)
                  00004754    00000020                         : PowerCC26XX.oem3 (.text:Power_unregisterNotify)
                  00004774    00000020                         : UARTCC26XX.oem3 (.text:threadSafeStdbyDisRelease)
                  00004794    00000020                         : UARTCC26XX.oem3 (.text:threadSafeStdbyDisSet)
                  000047b4    0000001e                         : PINCC26XX.oem3 (.text:PIN_close)
                  000047d2    0000001e                         : PowerCC26XX.oem3 (.text:Power_getTransitionLatency)
                  000047f0    0000001e     nortos_cc13x0.aem3 : SemaphoreP_nortos.oem3 (.text:SemaphoreP_constructBinary)
                  0000480e    00000002     --HOLE-- [fill = 0]
                  00004810    0000001c                        : HwiPCC26XX_nortos.oem3 (.text:HwiP_destruct)
                  0000482c    0000001c     driverlib.lib : chipinfo.obj (.text:NOROM_ChipInfo_GetChipFamily)
                  00004848    0000001c                   : setup_rom.obj (.text:NOROM_SetupGetTrimForAmpcompTh2)
                  00004864    0000001c                   : setup_rom.obj (.text:NOROM_SetupGetTrimForRcOscLfRtuneCtuneTrim)
                  00004880    0000001c     drivers_cc13x0.aem3 : PINCC26XX.oem3 (.text:PIN_hwi)
                  0000489c    0000001c     pwm.obj (.text:PWM_Config_init)
                  000048b8    0000001c     nortos_cc13x0.aem3 : QueueP_nortos.oem3 (.text:QueueP_put)
                  000048d4    0000001c                        : SwiP_nortos.oem3 (.text:SwiP_disable)
                  000048f0    0000001c                        : SwiP_nortos.oem3 (.text:SwiP_or)
                  0000490c    0000001c                        : TimerPCC26XX_nortos.oem3 (.text:TimerP_dynamicStub)
                  00004928    0000001a     drivers_cc13x0.aem3 : PWMTimerCC26XX.oem3 (.text:PWMTimerCC26XX_control)
                  00004942    0000001a     nortos_cc13x0.aem3 : QueueP_nortos.oem3 (.text:QueueP_get)
                  0000495c    00000018     CC1310_LAUNCHXL.obj (.text:CC1310_LAUNCHXL_initGeneral)
                  00004974    00000018     nortos_cc13x0.aem3 : ClockPTimer_nortos.oem3 (.text:ClockP_destruct)
                  0000498c    00000018                        : HwiPCC26XX_nortos.oem3 (.text:HwiP_inISR)
                  000049a4    00000018     driverlib.lib : aon_rtc.obj (.text:NOROM_AONRTCCurrentCompareValueGet)
                  000049bc    00000018                   : chipinfo.obj (.text:NOROM_ChipInfo_GetPackageType)
                  000049d4    00000018                   : osc.obj (.text:NOROM_OSCHF_TurnOnXosc)
                  000049ec    00000018                   : setup_rom.obj (.text:NOROM_SetupGetTrimForAdcShModeEn)
                  00004a04    00000018                   : setup_rom.obj (.text:NOROM_SetupGetTrimForAdcShVbufEn)
                  00004a1c    00000018                   : setup_rom.obj (.text:NOROM_SetupGetTrimForAmpcompTh1)
                  00004a34    00000018                   : setup_rom.obj (.text:NOROM_SetupGetTrimForDblrLoopFilterResetVoltage)
                  00004a4c    00000018                   : setup_rom.obj (.text:NOROM_SetupGetTrimForRcOscLfIBiasTrim)
                  00004a64    00000018                   : setup_rom.obj (.text:NOROM_SetupGetTrimForXoscLfRegulatorAndCmirrwrRatio)
                  00004a7c    00000018     drivers_cc13x0.aem3 : PowerCC26XX.oem3 (.text:Power_idleFunc)
                  00004a94    00000018                         : UART.oem3 (.text:UART_Params_init)
                  00004aac    00000018     rtsv7M3_T_le_eabi.lib : args_main.c.obj (.text:_args_main)
                  00004ac4    00000018                           : ll_mul_t2.asm.obj (.text)
                  00004adc    00000016     driverlib.lib : chipinfo.obj (.text:NOROM_ThisLibraryIsFor_CC13x0_HwRev20AndLater_HaltIfViolated)
                  00004af2    00000002     --HOLE-- [fill = 0]
                  00004af4    00000014                   : aon_rtc.obj (.text:NOROM_AONRTCCurrent64BitValueGet)
                  00004b08    00000014                   : interrupt.obj (.text:NOROM_IntUnregister)
                  00004b1c    00000014     drivers_cc13x0.aem3 : PINCC26XX.oem3 (.text:PINCC26XX_getInputValue)
                  00004b30    00000014                         : PINCC26XX.oem3 (.text:PINCC26XX_getOutputValue)
                  00004b44    00000014                         : PWM.oem3 (.text:PWM_Params_init)
                  00004b58    00000014     main.obj (.text:Peripheral_init)
                  00004b6c    00000014     drivers_cc13x0.aem3 : PowerCC26XX.oem3 (.text:Power_disablePolicy)
                  00004b80    00000014     nortos_cc13x0.aem3 : SwiP_nortos.oem3 (.text:SwiP_handleHwi)
                  00004b94    00000014                        : TimerPCC26XX_nortos.oem3 (.text:TimerP_startup)
                  00004ba8    00000014     drivers_cc13x0.aem3 : PowerCC26XX.oem3 (.text:configureRFCoreClocks)
                  00004bbc    00000014     nortos_cc13x0.aem3 : startup_cc13xx_cc26xx_ccs.oem3 (.text:resetISR)
                  00004bd0    00000012     drivers_cc13x0.aem3 : GPTimerCC26XX.oem3 (.text:GPTimerCC26XX_Params_init)
                  00004be2    00000012     nortos_cc13x0.aem3 : HwiPCC26XX_nortos.oem3 (.text:HwiP_Params_init)
                  00004bf4    00000012     drivers_cc13x0.aem3 : RingBuf.oem3 (.text:RingBuf_construct)
                  00004c06    00000002     --HOLE-- [fill = 0]
                  00004c08    00000010     nortos_cc13x0.aem3 : ClockPTimer_nortos.oem3 (.text:ClockP_Params_init)
                  00004c18    00000010                        : ClockPTimer_nortos.oem3 (.text:ClockP_getCpuFreq)
                  00004c28    00000010                        : HwiPCC26XX_nortos.oem3 (.text:HwiP_disable)
                  00004c38    00000010                        : HwiPCC26XX_nortos.oem3 (.text:HwiP_post)
                  00004c48    00000010     driverlib.lib : setup_rom.obj (.text:NOROM_SetupGetTrimForXoscHfFastStart)
                  00004c58    00000010                   : setup_rom.obj (.text:NOROM_SetupGetTrimForXoscHfIbiastherm)
                  00004c68    00000010     drivers_cc13x0.aem3 : PINCC26XX.oem3 (.text:PINCC26XX_getPinCount)
                  00004c78    00000010     nortos_cc13x0.aem3 : PowerCC26XX_nortos.oem3 (.text:PowerCC26XX_schedulerDisable)
                  00004c88    00000010     drivers_cc13x0.aem3 : PowerCC26XX.oem3 (.text:Power_enablePolicy)
                  00004c98    00000010     nortos_cc13x0.aem3 : SemaphoreP_nortos.oem3 (.text:SemaphoreP_Params_init)
                  00004ca8    00000010                        : SwiP_nortos.oem3 (.text:SwiP_Params_init)
                  00004cb8    00000010                        : TimerPCC26XX_nortos.oem3 (.text:TimerP_Params_init)
                  00004cc8    00000010     drivers_cc13x0.aem3 : UARTCC26XX.oem3 (.text:uartPostNotify)
                  00004cd8    0000000e     driverlib.lib : vims.obj (.text:NOROM_VIMSModeGet)
                  00004ce6    0000000e     nortos_cc13x0.aem3 : QueueP_nortos.oem3 (.text:QueueP_empty)
                  00004cf4    0000000e                        : QueueP_nortos.oem3 (.text:QueueP_remove)
                  00004d02    0000000e     rtsv7M3_T_le_eabi.lib : copy_decompress_none.c.obj (.text:decompress:none:__TI_decompress_none)
                  00004d10    0000000c     nortos_cc13x0.aem3 : ClockPTimer_nortos.oem3 (.text:ClockP_doTick)
                  00004d1c    0000000c     driverlib.lib : cpu.obj (.text:NOROM_CPUcpsid)
                  00004d28    0000000c                   : cpu.obj (.text:NOROM_CPUcpsie)
                  00004d34    0000000c                   : osc.obj (.text:NOROM_OSC_HPOSCRelativeFrequencyOffsetToRFCoreFormatConvert)
                  00004d40    0000000c     nortos_cc13x0.aem3 : PowerCC26XX_nortos.oem3 (.text:PowerCC26XX_schedulerRestore)
                  00004d4c    0000000c     drivers_cc13x0.aem3 : PowerCC26XX.oem3 (.text:Power_getConstraintMask)
                  00004d58    0000000c                         : PowerCC26XX.oem3 (.text:Power_getDependencyCount)
                  00004d64    0000000c     nortos_cc13x0.aem3 : SwiP_nortos.oem3 (.text:SwiP_getTrigger)
                  00004d70    0000000c                        : TimerPCC26XX_nortos.oem3 (.text:TimerP_getFreq)
                  00004d7c    0000000c     rtsv7M3_T_le_eabi.lib : copy_zero_init.c.obj (.text:decompress:ZI:__TI_zero_init)
                  00004d88    0000000a     drivers_cc13x0.aem3 : PWM.oem3 (.text:PWM_start)
                  00004d92    0000000a                         : PWM.oem3 (.text:PWM_stop)
                  00004d9c    00000008     CC1310_LAUNCHXL.obj (.text:Board_init)
                  00004da4    00000008     drivers_cc13x0.aem3 : GPTimerCC26XX.oem3 (.text:GPTimerCC26XX_setLoadValue)
                  00004dac    00000008                         : GPTimerCC26XX.oem3 (.text:GPTimerCC26XX_setMatchValue)
                  00004db4    00000008     nortos_cc13x0.aem3 : HwiPCC26XX_nortos.oem3 (.text:HwiP_restore)
                  00004dbc    00000008     timer.obj (.text:SysCtrlClockGet)
                  00004dc4    00000008     drivers_cc13x0.aem3 : UARTCC26XX.oem3 (.text:UARTCC26XX_init)
                  00004dcc    00000008                         : UARTCC26XX.oem3 (.text:readSemCallback)
                  00004dd4    00000008                         : UARTCC26XX.oem3 (.text:writeSemCallback)
                  00004ddc    00000006     nortos_cc13x0.aem3 : ClockPTimer_nortos.oem3 (.text:ClockP_stop)
                  00004de2    00000006     drivers_cc13x0.aem3 : GPTimerCC26XX.oem3 (.text:GPTimerCC26XX_getValue)
                  00004de8    00000006     nortos_cc13x0.aem3 : QueueP_nortos.oem3 (.text:QueueP_init)
                  00004dee    00000006     drivers_cc13x0.aem3 : UARTCC26XX.oem3 (.text:UARTCC26XX_readPolling)
                  00004df4    00000006                         : UARTCC26XX.oem3 (.text:UARTCC26XX_writePolling)
                  00004dfa    00000004     nortos_cc13x0.aem3 : PowerCC26XX_nortos.oem3 (.text:CPUwfi)
                  00004dfe    00000004                        : ClockPTimer_nortos.oem3 (.text:ClockP_isActive)
                  00004e02    00000004                        : ClockPTimer_nortos.oem3 (.text:ClockP_setTimeout)
                  00004e06    00000004                        : HwiPCC26XX_nortos.oem3 (.text:HwiP_enable)
                  00004e0a    00000004                        : QueueP_nortos.oem3 (.text:QueueP_head)
                  00004e0e    00000004                        : QueueP_nortos.oem3 (.text:QueueP_next)
                  00004e12    00000004                        : TimerPCC26XX_nortos.oem3 (.text:TimerP_getCount64)
                  00004e16    00000004     rtsv7M3_T_le_eabi.lib : pre_init.c.obj (.text:_system_pre_init)
                  00004e1a    00000004                           : exit.c.obj (.text:abort:abort)
                  00004e1e    00000004     drivers_cc13x0.aem3 : PowerCC26XX.oem3 (.text:nopResourceHandler)

.const     0    00004e24    00000305     
                  00004e24    00000060     CC1310_LAUNCHXL.obj (.const:GPTimerCC26XX_config)
                  00004e84    00000060     CC1310_LAUNCHXL.obj (.const:PWM_config)
                  00004ee4    00000060     CC1310_LAUNCHXL.obj (.const:gptimerCC26xxHWAttrs)
                  00004f44    0000004c     drivers_cc13x0.aem3 : PowerCC26XX.oem3 (.const:resourceDB)
                  00004f90    00000044                         : UARTCC26XX.oem3 (.const:$O1$$)
                  00004fd4    00000028     CC1310_LAUNCHXL.obj (.const:BoardGpioInitTable)
                  00004ffc    00000028     drivers_cc13x0.aem3 : UARTCC26XX.oem3 (.const:UARTCC26XX_fxnTable)
                  00005024    00000028     CC1310_LAUNCHXL.obj (.const:uartCC26XXHWAttrs)
                  0000504c    00000024     drivers_cc13x0.aem3 : GPTimerCC26XX.oem3 (.const:$O1$$)
                  00005070    00000024                         : PWMTimerCC26XX.oem3 (.const:PWMTimerCC26XX_fxnTable)
                  00005094    00000024                         : UART.oem3 (.const:UART_defaultParams)
                  000050b8    00000018                         : PWM.oem3 (.const:PWM_defaultParams)
                  000050d0    00000018     CC1310_LAUNCHXL.obj (.const:PowerCC26XX_config)
                  000050e8    00000010     nortos_cc13x0.aem3 : SwiP_nortos.oem3 (.const:SwiP_defaultParams)
                  000050f8    00000010     CC1310_LAUNCHXL.obj (.const:pwmtimerCC26xxHWAttrs)
                  00005108    0000000c     CC1310_LAUNCHXL.obj (.const:UART_config)
                  00005114    00000008     sensor.obj (.const:.string:cbits)
                  0000511c    00000008     CC1310_LAUNCHXL.obj (.const:PINCC26XX_hwAttrs)
                  00005124    00000005     CC1310_LAUNCHXL.obj (.const)

.cinit     0    00005138    00000068     
                  00005138    00000034     (.cinit..data.load) [load image, compression = lzss]
                  0000516c    0000000c     (__TI_handler_table)
                  00005178    00000008     (.cinit..bss.load) [load image, compression = zero_init]
                  00005180    00000008     (.cinit..vtable_ram.load) [load image, compression = zero_init]
                  00005188    00000018     (__TI_cinit_table)

.init_array 
*          0    00000000    00000000     UNINITIALIZED

.ccfg      0    0001ffa8    00000058     
                  0001ffa8    00000058     ccfg.obj (.ccfg:retain)

.bss       0    20000000    00000628     UNINITIALIZED
                  20000000    000001f8     (.common:UartQueue)
                  200001f8    0000012c     (.common:uartCC26XXObjects)
                  20000324    00000120     (.common:gptimerCC26XXObjects)
                  20000444    00000100     (.common:pwmtimerCC26xxObjects)
                  20000544    0000003c     nortos_cc13x0.aem3 : SwiP_nortos.oem3 (.bss:$O1$$)
                  20000580    00000024     (.common:uartParams)
                  200005a4    00000020     (.common:uartCC26XXRingBuffer)
                  200005c4    00000018     (.common:params)
                  200005dc    00000014     driverlib.lib : osc.obj (.bss:oscHfGlobals)
                  200005f0    0000000d     nortos_cc13x0.aem3 : SwiP_nortos.oem3 (.bss)
                  200005fd    0000000a     (.common:timerData)
                  20000607    00000001     (.common:cmd_motor)
                  20000608    00000008     driverlib.lib : sys_ctrl.obj (.bss:powerQualGlobals)
                  20000610    00000004     nortos_cc13x0.aem3 : PowerCC26XX_nortos.oem3 (.bss)
                  20000614    00000004     (.common:Timer1)
                  20000618    00000004     (.common:pinHandle)
                  2000061c    00000004     (.common:rxTimeoutVal)
                  20000620    00000004     (.common:uart)
                  20000624    00000002     (.common:Timer_Motor)
                  20000626    00000001     (.common:driverlib_release_0_55724)
                  20000627    00000001     (.common:status)

.data      0    20000628    00000433     UNINITIALIZED
                  20000628    00000114     drivers_cc13x0.aem3 : PINCC26XX.oem3 (.data:$O1$$)
                  2000073c    00000114                         : PowerCC26XX.oem3 (.data:PowerCC26XX_module)
                  20000850    000000d0     nortos_cc13x0.aem3 : HwiPCC26XX_nortos.oem3 (.data:$O1$$)
                  20000920    000000c0                        : ClockPTimer_nortos.oem3 (.data:$O1$$)
                  200009e0    00000030                        : TimerPCC26XX_nortos.oem3 (.data:$O1$$)
                  20000a10    00000020     pwm.obj (.data)
                  20000a30    00000010     drivers_cc13x0.aem3 : PWMTimerCC26XX.oem3 (.data:$O1$$)
                  20000a40    0000000c     nortos_cc13x0.aem3 : SemaphoreP_nortos.oem3 (.data:$O1$$)
                  20000a4c    00000008     motor.obj (.data)
                  20000a54    00000004     main.obj (.data)
                  20000a58    00000001     drivers_cc13x0.aem3 : PWM.oem3 (.data)
                  20000a59    00000001                         : UART.oem3 (.data)
                  20000a5a    00000001     nortos_cc13x0.aem3 : SwiP_nortos.oem3 (.data)

.sysmem    0    20000a60    00000100     UNINITIALIZED
                  20000a60    00000010     rtsv7M3_T_le_eabi.lib : memory.c.obj (.sysmem)
                  20000a70    000000f0     --HOLE--

.vtable_ram 
*          0    20000c00    000000c8     UNINITIALIZED
                  20000c00    000000c8     driverlib.lib : interrupt.obj (.vtable_ram)

.stack     0    20004c00    00000400     UNINITIALIZED
                  20004c00    00000004     rtsv7M3_T_le_eabi.lib : boot_cortex_m.c.obj (.stack)
                  20004c04    000003fc     --HOLE--

.binit     0    00000000    00000000     

.args      0    0000512c    00000008     
                  0000512c    00000008     --HOLE-- [fill = 0]

MODULE SUMMARY

       Module                            code    ro data   rw data
       ------                            ----    -------   -------
    .\easylink\
       EasyLink_nortos.obj               0       0         529    
    +--+---------------------------------+-------+---------+---------+
       Total:                            0       0         529    
                                                                  
    .\source\
       CC1310_LAUNCHXL.obj               32      433       876    
       pwm.obj                           984     0         57     
       motor.obj                         670     0         8      
       timer.obj                         292     0         0      
       uart.obj                          204     0         40     
       main.obj                          132     0         4      
       sensor.obj                        104     8         0      
       ccfg.obj                          0       88        0      
    +--+---------------------------------+-------+---------+---------+
       Total:                            2418    529       985    
                                                                  
    C:/ti/simplelink_cc13x0_sdk_3_20_00_23/kernel/nortos/lib/nortos_cc13x0.aem3
       ClockPTimer_nortos.oem3           1010    0         192    
       SwiP_nortos.oem3                  704     16        74     
       TimerPCC26XX_nortos.oem3          606     0         48     
       HwiPCC26XX_nortos.oem3            278     0         208    
       SemaphoreP_nortos.oem3            342     0         12     
       PowerCC26XX_nortos.oem3           288     0         4      
       startup_cc13xx_cc26xx_ccs.oem3    26      200       0      
       QueueP_nortos.oem3                96      0         0      
    +--+---------------------------------+-------+---------+---------+
       Total:                            3350    216       538    
                                                                  
    C:/ti/simplelink_cc13x0_sdk_3_20_00_23/source/ti/devices/cc13x0/driverlib/bin/ccs/driverlib.lib
       setup_rom.obj                     1456    0         0      
       sys_ctrl.obj                      760     0         8      
       osc.obj                           388     0         20     
       setup.obj                         364     0         0      
       interrupt.obj                     74      0         200    
       chipinfo.obj                      182     0         0      
       aon_rtc.obj                       44      0         0      
       ddi.obj                           44      0         0      
       adi.obj                           40      0         0      
       aon_batmon.obj                    40      0         0      
       cpu.obj                           24      0         0      
       vims.obj                          14      0         0      
       driverlib_release.obj             0       0         1      
    +--+---------------------------------+-------+---------+---------+
       Total:                            3430    0         229    
                                                                  
    C:/ti/simplelink_cc13x0_sdk_3_20_00_23/source/ti/drivers/lib/drivers_cc13x0.aem3
       UARTCC26XX.oem3                   2630    108       0      
       PowerCC26XX.oem3                  2080    76        276    
       PINCC26XX.oem3                    1466    0         276    
       PowerCC26XX_calibrateRCOSC.oem3   1380    0         0      
       GPTimerCC26XX.oem3                952     36        0      
       PWMTimerCC26XX.oem3               828     36        16     
       PWM.oem3                          168     24        1      
       UART.oem3                         152     36        1      
       RingBuf.oem3                      148     0         0      
       List.oem3                         70      0         0      
    +--+---------------------------------+-------+---------+---------+
       Total:                            9874    316       570    
                                                                  
    C:\ti\ccs910\ccs\tools\compiler\ti-cgt-arm_18.12.2.LTS\lib\rtsv7M3_T_le_eabi.lib
       memcpy_t2.asm.obj                 156     0         0      
       ull_div_t2.asm.obj                150     0         0      
       memset_t2.asm.obj                 122     0         0      
       copy_decompress_lzss.c.obj        104     0         0      
       autoinit.c.obj                    68      0         0      
       boot_cortex_m.c.obj               36      0         0      
       args_main.c.obj                   24      0         0      
       ll_mul_t2.asm.obj                 24      0         0      
       copy_decompress_none.c.obj        14      0         0      
       copy_zero_init.c.obj              12      0         0      
       exit.c.obj                        4       0         0      
       pre_init.c.obj                    4       0         0      
       div0.asm.obj                      2       0         0      
    +--+---------------------------------+-------+---------+---------+
       Total:                            720     0         0      
                                                                  
       Heap:                             0       0         256    
       Stack:                            0       0         1024   
       Linker Generated:                 0       104       0      
    +--+---------------------------------+-------+---------+---------+
       Grand Total:                      19792   1165      4131   


LINKER GENERATED COPY TABLES

__TI_cinit_table @ 00005188 records: 3, size/record: 8, table size: 24
	.data: load addr=00005138, load size=00000034 bytes, run addr=20000628, run size=00000433 bytes, compression=lzss
	.bss: load addr=00005178, load size=00000008 bytes, run addr=20000000, run size=00000628 bytes, compression=zero_init
	.vtable_ram: load addr=00005180, load size=00000008 bytes, run addr=20000c00, run size=000000c8 bytes, compression=zero_init


LINKER GENERATED HANDLER TABLE

__TI_handler_table @ 0000516c records: 3, size/record: 4, table size: 12
	index: 0, handler: __TI_zero_init
	index: 1, handler: __TI_decompress_lzss
	index: 2, handler: __TI_decompress_none


GLOBAL SYMBOLS: SORTED ALPHABETICALLY BY Name 

address   name                                                        
-------   ----                                                        
00005124  ADC_count                                                   
000044f5  Back_UP_Motor                                               
00004fd4  BoardGpioInitTable                                          
00004d9d  Board_init                                                  
00004e1b  C$$EXIT                                                     
0000495d  CC1310_LAUNCHXL_initGeneral                                 
00004c09  ClockP_Params_init                                          
000046d5  ClockP_add                                                  
0000394d  ClockP_construct                                            
00004975  ClockP_destruct                                             
00004d11  ClockP_doTick                                               
00004c19  ClockP_getCpuFreq                                           
000045b5  ClockP_getTicks                                             
00003f3d  ClockP_getTicksUntilInterrupt                               
00004dff  ClockP_isActive                                             
000045d9  ClockP_scheduleNextTick                                     
00004e03  ClockP_setTimeout                                           
000029b5  ClockP_start                                                
00002471  ClockP_startup                                              
00004ddd  ClockP_stop                                                 
20000924  ClockP_tickPeriod                                           
00003335  ClockP_usleep                                               
00002c99  ClockP_walkQueueDynamic                                     
00001f51  ClockP_workFuncDynamic                                      
00000cdd  DC_Motor_Manger                                             
00004bd1  GPTimerCC26XX_Params_init                                   
000020a1  GPTimerCC26XX_close                                         
00004e24  GPTimerCC26XX_config                                        
00004111  GPTimerCC26XX_configureDebugStall                           
000045fd  GPTimerCC26XX_enableInterrupt                               
00004de3  GPTimerCC26XX_getValue                                      
00001b9d  GPTimerCC26XX_open                                          
00003869  GPTimerCC26XX_registerInterrupt                             
00004da5  GPTimerCC26XX_setLoadValue                                  
00004dad  GPTimerCC26XX_setMatchValue                                 
000038b5  GPTimerCC26XX_start                                         
00003625  GPTimerCC26XX_stop                                          
00004be3  HwiP_Params_init                                            
00002b31  HwiP_construct                                              
00004811  HwiP_destruct                                               
00004c29  HwiP_disable                                                
00004e07  HwiP_enable                                                 
0000498d  HwiP_inISR                                                  
00004c39  HwiP_post                                                   
00004db5  HwiP_restore                                                
20000854  HwiP_swiPIntNum                                             
00005125  I2C_count                                                   
000046b1  List_put                                                    
00004621  List_remove                                                 
0000451b  Motor_Config_init                                           
00002ba9  Motor_Control_Timer                                         
00004541  Move_forward_Left_Motor                                     
00004567  Move_forward_Motor                                          
0000458d  Move_forward_Right_Motor                                    
00004455  NOROM_AONBatMonTemperatureGetDegC                           
00004af5  NOROM_AONRTCCurrent64BitValueGet                            
000049a5  NOROM_AONRTCCurrentCompareValueGet                          
00004d1d  NOROM_CPUcpsid                                              
00004d29  NOROM_CPUcpsie                                              
0000482d  NOROM_ChipInfo_GetChipFamily                                
00004141  NOROM_ChipInfo_GetChipType                                  
00003cfd  NOROM_ChipInfo_GetHwRevision                                
000049bd  NOROM_ChipInfo_GetPackageType                               
00004379  NOROM_DDI32RegWrite                                         
00003fa5  NOROM_IntRegister                                           
00004b09  NOROM_IntUnregister                                         
000043a5  NOROM_OSCClockSourceGet                                     
00003395  NOROM_OSCClockSourceSet                                     
0000326d  NOROM_OSCHF_AttemptToSwitchToXosc                           
00003fd9  NOROM_OSCHF_SwitchToRcOscTurnOffXosc                        
000049d5  NOROM_OSCHF_TurnOnXosc                                      
00003d39  NOROM_OSC_HPOSCRelativeFrequencyOffsetGet                   
00004d35  NOROM_OSC_HPOSCRelativeFrequencyOffsetToRFCoreFormatConvert 
00002145  NOROM_SetupAfterColdResetWakeupFromShutDownCfg1             
00001561  NOROM_SetupAfterColdResetWakeupFromShutDownCfg2             
00001229  NOROM_SetupAfterColdResetWakeupFromShutDownCfg3             
000049ed  NOROM_SetupGetTrimForAdcShModeEn                            
00004a05  NOROM_SetupGetTrimForAdcShVbufEn                            
00002e5d  NOROM_SetupGetTrimForAmpcompCtrl                            
00004a1d  NOROM_SetupGetTrimForAmpcompTh1                             
00004849  NOROM_SetupGetTrimForAmpcompTh2                             
00002ec5  NOROM_SetupGetTrimForAnabypassValue1                        
00004a35  NOROM_SetupGetTrimForDblrLoopFilterResetVoltage             
000043d1  NOROM_SetupGetTrimForRadcExtCfg                             
00004a4d  NOROM_SetupGetTrimForRcOscLfIBiasTrim                       
00004865  NOROM_SetupGetTrimForRcOscLfRtuneCtuneTrim                  
00004715  NOROM_SetupGetTrimForXoscHfCtl                              
00004c49  NOROM_SetupGetTrimForXoscHfFastStart                        
00004c59  NOROM_SetupGetTrimForXoscHfIbiastherm                       
00004a65  NOROM_SetupGetTrimForXoscLfRegulatorAndCmirrwrRatio         
00004171  NOROM_SetupSetAonRtcSubSecInc                               
00003729  NOROM_SetupSetCacheModeAccordingToCcfgSetting               
00002d0d  NOROM_SetupSetVddrLevel                                     
00001ff9  NOROM_SetupTrimDevice                                       
00002f2d  NOROM_SysCtrlAdjustRechargeAfterPowerDown                   
000003d5  NOROM_SysCtrlSetRechargeBeforePowerDown                     
00002f95  NOROM_SysCtrl_DCDC_VoltageConditionalControl                
00004add  NOROM_ThisLibraryIsFor_CC13x0_HwRev20AndLater_HaltIfViolated
00004cd9  NOROM_VIMSModeGet                                           
00004e07  NoRTOS_start                                                
00004c69  PINCC26XX_getPinCount                                       
0000511c  PINCC26XX_hwAttrs                                           
000041a1  PINCC26XX_setMux                                            
00002ffd  PIN_add                                                     
000047b5  PIN_close                                                   
00004b1d  PIN_getInputValue                                           
00004b31  PIN_getOutputValue                                          
00000821  PIN_init                                                    
00002331  PIN_open                                                    
0000367d  PIN_remove                                                  
00003ded  PIN_setConfig                                               
00003995  PIN_setOutputEnable                                         
00003e25  PIN_setOutputValue                                          
000043fd  PWMTimerCC26XX_close                                        
00004929  PWMTimerCC26XX_control                                      
00005070  PWMTimerCC26XX_fxnTable                                     
000019eb  PWMTimerCC26XX_init                                         
000019ed  PWMTimerCC26XX_open                                         
00003a6d  PWMTimerCC26XX_setDuty                                      
0000250d  PWMTimerCC26XX_setDutyAndPeriod                             
00003515  PWMTimerCC26XX_setPeriod                                    
000041d1  PWMTimerCC26XX_start                                        
00004429  PWMTimerCC26XX_stop                                         
0000489d  PWM_Config_init                                             
00000b61  PWM_Handler_Open                                            
00001741  PWM_Handler_Start                                           
00001825  PWM_Handler_Stop                                            
00002c21  PWM_Params_Set                                              
00004b45  PWM_Params_init                                             
00004e84  PWM_config                                                  
00005126  PWM_count                                                   
000050b8  PWM_defaultParams                                           
00003bbd  PWM_init                                                    
00003bfd  PWM_open                                                    
00004d89  PWM_start                                                   
00004d93  PWM_stop                                                    
00004b59  Peripheral_init                                             
00003571  PowerCC26XX_RCOSC_clockFunc                                 
000000c9  PowerCC26XX_auxISR                                          
000033f5  PowerCC26XX_calibrate                                       
000050d0  PowerCC26XX_config                                          
000009d1  PowerCC26XX_doCalibrate                                     
00002df1  PowerCC26XX_initiateCalibration                             
2000073c  PowerCC26XX_module                                          
00004c79  PowerCC26XX_schedulerDisable                                
00004d41  PowerCC26XX_schedulerRestore                                
00001461  PowerCC26XX_standbyPolicy                                   
00004b6d  Power_disablePolicy                                         
00004c89  Power_enablePolicy                                          
00004d4d  Power_getConstraintMask                                     
00004d59  Power_getDependencyCount                                    
000047d3  Power_getTransitionLatency                                  
00004a7d  Power_idleFunc                                              
0000134d  Power_init                                                  
0000447d  Power_registerNotify                                        
00004041  Power_releaseConstraint                                     
00001d31  Power_releaseDependency                                     
00004201  Power_setConstraint                                         
00001ded  Power_setDependency                                         
000005fd  Power_sleep                                                 
00004755  Power_unregisterNotify                                      
00004ce7  QueueP_empty                                                
00004943  QueueP_get                                                  
00004e0b  QueueP_head                                                 
00004de9  QueueP_init                                                 
00004e0f  QueueP_next                                                 
000048b9  QueueP_put                                                  
00004cf5  QueueP_remove                                               
00004bf5  RingBuf_construct                                           
00003cbd  RingBuf_get                                                 
00003ab1  RingBuf_put                                                 
000039dd  RunningLED                                                  
000044a5  SafeHapiVoid                                                
00004c99  SemaphoreP_Params_init                                      
000037c9  SemaphoreP_construct                                        
000047f1  SemaphoreP_constructBinary                                  
20000a44  SemaphoreP_defaultParams                                    
0000280b  SemaphoreP_destruct                                         
00002645  SemaphoreP_pend                                             
00003d75  SemaphoreP_post                                             
00003065  Sensor_Manager                                              
00004ca9  SwiP_Params_init                                            
00001ac5  SwiP_construct                                              
00004075  SwiP_destruct                                               
000048d5  SwiP_disable                                                
000023d1  SwiP_dispatch                                               
00004d65  SwiP_getTrigger                                             
000048f1  SwiP_or                                                     
000030cd  SwiP_post                                                   
00003af5  SwiP_restore                                                
20000614  Timer1                                                      
00004cb9  TimerP_Params_init                                          
00001ea1  TimerP_construct                                            
0000490d  TimerP_dynamicStub                                          
00004e13  TimerP_getCount64                                           
00004231  TimerP_getCurrentTick                                       
00004d71  TimerP_getFreq                                              
00004645  TimerP_getMaxTicks                                          
000040a9  TimerP_initDevice                                           
00003f05  TimerP_setNextTick                                          
00004261  TimerP_setThreshold                                         
00002d81  TimerP_start                                                
00004b95  TimerP_startup                                              
00003135  Timer_Config_init                                           
000036d5  Timer_Interrupt_Handler1                                    
20000624  Timer_Motor                                                 
00002931  UARTCC26XX_close                                            
00003455  UARTCC26XX_control                                          
00004ffc  UARTCC26XX_fxnTable                                         
00000fa9  UARTCC26XX_hwiIntFxn                                        
00004dc5  UARTCC26XX_init                                             
00000e45  UARTCC26XX_open                                             
000010f1  UARTCC26XX_read                                             
00003901  UARTCC26XX_readCancel                                       
00004def  UARTCC26XX_readPolling                                      
000034b5  UARTCC26XX_swiIntFxn                                        
00001909  UARTCC26XX_write                                            
000028a1  UARTCC26XX_writeCancel                                      
00004df5  UARTCC26XX_writePolling                                     
00004a95  UART_Params_init                                            
00005108  UART_config                                                 
00005127  UART_count                                                  
00005094  UART_defaultParams                                          
00003c3d  UART_init                                                   
00003c7d  UART_open                                                   
20000000  UartQueue                                                   
0000280d  Uart_Config_init                                            
00005128  Watchdog_count                                              
20005000  __STACK_END                                                 
00000400  __STACK_SIZE                                                
00000100  __SYSMEM_SIZE                                               
00005188  __TI_CINIT_Base                                             
000051a0  __TI_CINIT_Limit                                            
0000516c  __TI_Handler_Table_Base                                     
00005178  __TI_Handler_Table_Limit                                    
00003b39  __TI_auto_init_nobinit_nopinit                              
0000319d  __TI_decompress_lzss                                        
00004d03  __TI_decompress_none                                        
ffffffff  __TI_pprof_out_hndl                                         
ffffffff  __TI_prof_data_size                                         
ffffffff  __TI_prof_data_start                                        
00000000  __TI_static_base__                                          
00004d7d  __TI_zero_init                                              
00003f3b  __aeabi_idiv0                                               
00003f3b  __aeabi_ldiv0                                               
00004ac5  __aeabi_lmul                                                
00002ab5  __aeabi_memclr                                              
00002ab5  __aeabi_memclr4                                             
00002ab5  __aeabi_memclr8                                             
000025a9  __aeabi_memcpy                                              
000025a9  __aeabi_memcpy4                                             
000025a9  __aeabi_memcpy8                                             
00002ab7  __aeabi_memset                                              
00002ab7  __aeabi_memset4                                             
00002ab7  __aeabi_memset8                                             
00002775  __aeabi_uldivmod                                            
ffffffff  __binit__                                                   
0000512c  __c_args__                                                  
0001ffa8  __ccfg                                                      
UNDEFED   __mpu_init                                                  
20004c00  __stack                                                     
00004aad  _args_main                                                  
00004669  _c_int00                                                    
20000a60  _sys_memory                                                 
UNDEFED   _system_post_cinit                                          
00004e17  _system_pre_init                                            
00004e1b  abort                                                       
ffffffff  binit                                                       
00005114  cbits                                                       
0000292f  clkFxn                                                      
20000607  cmd_motor                                                   
20000626  driverlib_release_0_55724                                   
20000c00  g_pfnRAMVectors                                             
00000000  g_pfnVectors                                                
00004291  getCalcTimer0                                               
000042c1  getCalcTimer1                                               
20000324  gptimerCC26XXObjects                                        
00004ee4  gptimerCC26xxHWAttrs                                        
000044cd  main                                                        
000025a9  memcpy                                                      
00002abd  memset                                                      
200005c4  params                                                      
20000618  pinHandle                                                   
200006c0  pinHandleTable                                              
2000062c  pinLowerBound                                               
20000628  pinUpperBound                                               
20000a10  pwm1                                                        
20000a14  pwm2                                                        
20000a18  pwm3                                                        
20000a1c  pwm4                                                        
20000a20  pwm5                                                        
20000a24  pwm6                                                        
20000a28  pwm7                                                        
20000a2c  pwm8                                                        
000050f8  pwmtimerCC26xxHWAttrs                                       
20000444  pwmtimerCC26xxObjects                                       
00004bbd  resetISR                                                    
00004f44  resourceDB                                                  
2000061c  rxTimeoutVal                                                
20000627  status                                                      
200005fd  timerData                                                   
20000620  uart                                                        
00005024  uartCC26XXHWAttrs                                           
200001f8  uartCC26XXObjects                                           
200005a4  uartCC26XXRingBuffer                                        
20000580  uartParams                                                  
00003335  usleep                                                      


GLOBAL SYMBOLS: SORTED BY Symbol Address 

address   name                                                        
-------   ----                                                        
00000000  __TI_static_base__                                          
00000000  g_pfnVectors                                                
000000c9  PowerCC26XX_auxISR                                          
00000100  __SYSMEM_SIZE                                               
000003d5  NOROM_SysCtrlSetRechargeBeforePowerDown                     
00000400  __STACK_SIZE                                                
000005fd  Power_sleep                                                 
00000821  PIN_init                                                    
000009d1  PowerCC26XX_doCalibrate                                     
00000b61  PWM_Handler_Open                                            
00000cdd  DC_Motor_Manger                                             
00000e45  UARTCC26XX_open                                             
00000fa9  UARTCC26XX_hwiIntFxn                                        
000010f1  UARTCC26XX_read                                             
00001229  NOROM_SetupAfterColdResetWakeupFromShutDownCfg3             
0000134d  Power_init                                                  
00001461  PowerCC26XX_standbyPolicy                                   
00001561  NOROM_SetupAfterColdResetWakeupFromShutDownCfg2             
00001741  PWM_Handler_Start                                           
00001825  PWM_Handler_Stop                                            
00001909  UARTCC26XX_write                                            
000019eb  PWMTimerCC26XX_init                                         
000019ed  PWMTimerCC26XX_open                                         
00001ac5  SwiP_construct                                              
00001b9d  GPTimerCC26XX_open                                          
00001d31  Power_releaseDependency                                     
00001ded  Power_setDependency                                         
00001ea1  TimerP_construct                                            
00001f51  ClockP_workFuncDynamic                                      
00001ff9  NOROM_SetupTrimDevice                                       
000020a1  GPTimerCC26XX_close                                         
00002145  NOROM_SetupAfterColdResetWakeupFromShutDownCfg1             
00002331  PIN_open                                                    
000023d1  SwiP_dispatch                                               
00002471  ClockP_startup                                              
0000250d  PWMTimerCC26XX_setDutyAndPeriod                             
000025a9  __aeabi_memcpy                                              
000025a9  __aeabi_memcpy4                                             
000025a9  __aeabi_memcpy8                                             
000025a9  memcpy                                                      
00002645  SemaphoreP_pend                                             
00002775  __aeabi_uldivmod                                            
0000280b  SemaphoreP_destruct                                         
0000280d  Uart_Config_init                                            
000028a1  UARTCC26XX_writeCancel                                      
0000292f  clkFxn                                                      
00002931  UARTCC26XX_close                                            
000029b5  ClockP_start                                                
00002ab5  __aeabi_memclr                                              
00002ab5  __aeabi_memclr4                                             
00002ab5  __aeabi_memclr8                                             
00002ab7  __aeabi_memset                                              
00002ab7  __aeabi_memset4                                             
00002ab7  __aeabi_memset8                                             
00002abd  memset                                                      
00002b31  HwiP_construct                                              
00002ba9  Motor_Control_Timer                                         
00002c21  PWM_Params_Set                                              
00002c99  ClockP_walkQueueDynamic                                     
00002d0d  NOROM_SetupSetVddrLevel                                     
00002d81  TimerP_start                                                
00002df1  PowerCC26XX_initiateCalibration                             
00002e5d  NOROM_SetupGetTrimForAmpcompCtrl                            
00002ec5  NOROM_SetupGetTrimForAnabypassValue1                        
00002f2d  NOROM_SysCtrlAdjustRechargeAfterPowerDown                   
00002f95  NOROM_SysCtrl_DCDC_VoltageConditionalControl                
00002ffd  PIN_add                                                     
00003065  Sensor_Manager                                              
000030cd  SwiP_post                                                   
00003135  Timer_Config_init                                           
0000319d  __TI_decompress_lzss                                        
0000326d  NOROM_OSCHF_AttemptToSwitchToXosc                           
00003335  ClockP_usleep                                               
00003335  usleep                                                      
00003395  NOROM_OSCClockSourceSet                                     
000033f5  PowerCC26XX_calibrate                                       
00003455  UARTCC26XX_control                                          
000034b5  UARTCC26XX_swiIntFxn                                        
00003515  PWMTimerCC26XX_setPeriod                                    
00003571  PowerCC26XX_RCOSC_clockFunc                                 
00003625  GPTimerCC26XX_stop                                          
0000367d  PIN_remove                                                  
000036d5  Timer_Interrupt_Handler1                                    
00003729  NOROM_SetupSetCacheModeAccordingToCcfgSetting               
000037c9  SemaphoreP_construct                                        
00003869  GPTimerCC26XX_registerInterrupt                             
000038b5  GPTimerCC26XX_start                                         
00003901  UARTCC26XX_readCancel                                       
0000394d  ClockP_construct                                            
00003995  PIN_setOutputEnable                                         
000039dd  RunningLED                                                  
00003a6d  PWMTimerCC26XX_setDuty                                      
00003ab1  RingBuf_put                                                 
00003af5  SwiP_restore                                                
00003b39  __TI_auto_init_nobinit_nopinit                              
00003bbd  PWM_init                                                    
00003bfd  PWM_open                                                    
00003c3d  UART_init                                                   
00003c7d  UART_open                                                   
00003cbd  RingBuf_get                                                 
00003cfd  NOROM_ChipInfo_GetHwRevision                                
00003d39  NOROM_OSC_HPOSCRelativeFrequencyOffsetGet                   
00003d75  SemaphoreP_post                                             
00003ded  PIN_setConfig                                               
00003e25  PIN_setOutputValue                                          
00003f05  TimerP_setNextTick                                          
00003f3b  __aeabi_idiv0                                               
00003f3b  __aeabi_ldiv0                                               
00003f3d  ClockP_getTicksUntilInterrupt                               
00003fa5  NOROM_IntRegister                                           
00003fd9  NOROM_OSCHF_SwitchToRcOscTurnOffXosc                        
00004041  Power_releaseConstraint                                     
00004075  SwiP_destruct                                               
000040a9  TimerP_initDevice                                           
00004111  GPTimerCC26XX_configureDebugStall                           
00004141  NOROM_ChipInfo_GetChipType                                  
00004171  NOROM_SetupSetAonRtcSubSecInc                               
000041a1  PINCC26XX_setMux                                            
000041d1  PWMTimerCC26XX_start                                        
00004201  Power_setConstraint                                         
00004231  TimerP_getCurrentTick                                       
00004261  TimerP_setThreshold                                         
00004291  getCalcTimer0                                               
000042c1  getCalcTimer1                                               
00004379  NOROM_DDI32RegWrite                                         
000043a5  NOROM_OSCClockSourceGet                                     
000043d1  NOROM_SetupGetTrimForRadcExtCfg                             
000043fd  PWMTimerCC26XX_close                                        
00004429  PWMTimerCC26XX_stop                                         
00004455  NOROM_AONBatMonTemperatureGetDegC                           
0000447d  Power_registerNotify                                        
000044a5  SafeHapiVoid                                                
000044cd  main                                                        
000044f5  Back_UP_Motor                                               
0000451b  Motor_Config_init                                           
00004541  Move_forward_Left_Motor                                     
00004567  Move_forward_Motor                                          
0000458d  Move_forward_Right_Motor                                    
000045b5  ClockP_getTicks                                             
000045d9  ClockP_scheduleNextTick                                     
000045fd  GPTimerCC26XX_enableInterrupt                               
00004621  List_remove                                                 
00004645  TimerP_getMaxTicks                                          
00004669  _c_int00                                                    
000046b1  List_put                                                    
000046d5  ClockP_add                                                  
00004715  NOROM_SetupGetTrimForXoscHfCtl                              
00004755  Power_unregisterNotify                                      
000047b5  PIN_close                                                   
000047d3  Power_getTransitionLatency                                  
000047f1  SemaphoreP_constructBinary                                  
00004811  HwiP_destruct                                               
0000482d  NOROM_ChipInfo_GetChipFamily                                
00004849  NOROM_SetupGetTrimForAmpcompTh2                             
00004865  NOROM_SetupGetTrimForRcOscLfRtuneCtuneTrim                  
0000489d  PWM_Config_init                                             
000048b9  QueueP_put                                                  
000048d5  SwiP_disable                                                
000048f1  SwiP_or                                                     
0000490d  TimerP_dynamicStub                                          
00004929  PWMTimerCC26XX_control                                      
00004943  QueueP_get                                                  
0000495d  CC1310_LAUNCHXL_initGeneral                                 
00004975  ClockP_destruct                                             
0000498d  HwiP_inISR                                                  
000049a5  NOROM_AONRTCCurrentCompareValueGet                          
000049bd  NOROM_ChipInfo_GetPackageType                               
000049d5  NOROM_OSCHF_TurnOnXosc                                      
000049ed  NOROM_SetupGetTrimForAdcShModeEn                            
00004a05  NOROM_SetupGetTrimForAdcShVbufEn                            
00004a1d  NOROM_SetupGetTrimForAmpcompTh1                             
00004a35  NOROM_SetupGetTrimForDblrLoopFilterResetVoltage             
00004a4d  NOROM_SetupGetTrimForRcOscLfIBiasTrim                       
00004a65  NOROM_SetupGetTrimForXoscLfRegulatorAndCmirrwrRatio         
00004a7d  Power_idleFunc                                              
00004a95  UART_Params_init                                            
00004aad  _args_main                                                  
00004ac5  __aeabi_lmul                                                
00004add  NOROM_ThisLibraryIsFor_CC13x0_HwRev20AndLater_HaltIfViolated
00004af5  NOROM_AONRTCCurrent64BitValueGet                            
00004b09  NOROM_IntUnregister                                         
00004b1d  PIN_getInputValue                                           
00004b31  PIN_getOutputValue                                          
00004b45  PWM_Params_init                                             
00004b59  Peripheral_init                                             
00004b6d  Power_disablePolicy                                         
00004b95  TimerP_startup                                              
00004bbd  resetISR                                                    
00004bd1  GPTimerCC26XX_Params_init                                   
00004be3  HwiP_Params_init                                            
00004bf5  RingBuf_construct                                           
00004c09  ClockP_Params_init                                          
00004c19  ClockP_getCpuFreq                                           
00004c29  HwiP_disable                                                
00004c39  HwiP_post                                                   
00004c49  NOROM_SetupGetTrimForXoscHfFastStart                        
00004c59  NOROM_SetupGetTrimForXoscHfIbiastherm                       
00004c69  PINCC26XX_getPinCount                                       
00004c79  PowerCC26XX_schedulerDisable                                
00004c89  Power_enablePolicy                                          
00004c99  SemaphoreP_Params_init                                      
00004ca9  SwiP_Params_init                                            
00004cb9  TimerP_Params_init                                          
00004cd9  NOROM_VIMSModeGet                                           
00004ce7  QueueP_empty                                                
00004cf5  QueueP_remove                                               
00004d03  __TI_decompress_none                                        
00004d11  ClockP_doTick                                               
00004d1d  NOROM_CPUcpsid                                              
00004d29  NOROM_CPUcpsie                                              
00004d35  NOROM_OSC_HPOSCRelativeFrequencyOffsetToRFCoreFormatConvert 
00004d41  PowerCC26XX_schedulerRestore                                
00004d4d  Power_getConstraintMask                                     
00004d59  Power_getDependencyCount                                    
00004d65  SwiP_getTrigger                                             
00004d71  TimerP_getFreq                                              
00004d7d  __TI_zero_init                                              
00004d89  PWM_start                                                   
00004d93  PWM_stop                                                    
00004d9d  Board_init                                                  
00004da5  GPTimerCC26XX_setLoadValue                                  
00004dad  GPTimerCC26XX_setMatchValue                                 
00004db5  HwiP_restore                                                
00004dc5  UARTCC26XX_init                                             
00004ddd  ClockP_stop                                                 
00004de3  GPTimerCC26XX_getValue                                      
00004de9  QueueP_init                                                 
00004def  UARTCC26XX_readPolling                                      
00004df5  UARTCC26XX_writePolling                                     
00004dff  ClockP_isActive                                             
00004e03  ClockP_setTimeout                                           
00004e07  HwiP_enable                                                 
00004e07  NoRTOS_start                                                
00004e0b  QueueP_head                                                 
00004e0f  QueueP_next                                                 
00004e13  TimerP_getCount64                                           
00004e17  _system_pre_init                                            
00004e1b  C$$EXIT                                                     
00004e1b  abort                                                       
00004e24  GPTimerCC26XX_config                                        
00004e84  PWM_config                                                  
00004ee4  gptimerCC26xxHWAttrs                                        
00004f44  resourceDB                                                  
00004fd4  BoardGpioInitTable                                          
00004ffc  UARTCC26XX_fxnTable                                         
00005024  uartCC26XXHWAttrs                                           
00005070  PWMTimerCC26XX_fxnTable                                     
00005094  UART_defaultParams                                          
000050b8  PWM_defaultParams                                           
000050d0  PowerCC26XX_config                                          
000050f8  pwmtimerCC26xxHWAttrs                                       
00005108  UART_config                                                 
00005114  cbits                                                       
0000511c  PINCC26XX_hwAttrs                                           
00005124  ADC_count                                                   
00005125  I2C_count                                                   
00005126  PWM_count                                                   
00005127  UART_count                                                  
00005128  Watchdog_count                                              
0000512c  __c_args__                                                  
0000516c  __TI_Handler_Table_Base                                     
00005178  __TI_Handler_Table_Limit                                    
00005188  __TI_CINIT_Base                                             
000051a0  __TI_CINIT_Limit                                            
0001ffa8  __ccfg                                                      
20000000  UartQueue                                                   
200001f8  uartCC26XXObjects                                           
20000324  gptimerCC26XXObjects                                        
20000444  pwmtimerCC26xxObjects                                       
20000580  uartParams                                                  
200005a4  uartCC26XXRingBuffer                                        
200005c4  params                                                      
200005fd  timerData                                                   
20000607  cmd_motor                                                   
20000614  Timer1                                                      
20000618  pinHandle                                                   
2000061c  rxTimeoutVal                                                
20000620  uart                                                        
20000624  Timer_Motor                                                 
20000626  driverlib_release_0_55724                                   
20000627  status                                                      
20000628  pinUpperBound                                               
2000062c  pinLowerBound                                               
200006c0  pinHandleTable                                              
2000073c  PowerCC26XX_module                                          
20000854  HwiP_swiPIntNum                                             
20000924  ClockP_tickPeriod                                           
20000a10  pwm1                                                        
20000a14  pwm2                                                        
20000a18  pwm3                                                        
20000a1c  pwm4                                                        
20000a20  pwm5                                                        
20000a24  pwm6                                                        
20000a28  pwm7                                                        
20000a2c  pwm8                                                        
20000a44  SemaphoreP_defaultParams                                    
20000a60  _sys_memory                                                 
20000c00  g_pfnRAMVectors                                             
20004c00  __stack                                                     
20005000  __STACK_END                                                 
ffffffff  __TI_pprof_out_hndl                                         
ffffffff  __TI_prof_data_size                                         
ffffffff  __TI_prof_data_start                                        
ffffffff  __binit__                                                   
ffffffff  binit                                                       
UNDEFED   __mpu_init                                                  
UNDEFED   _system_post_cinit                                          

[307 symbols]
