<?xml version="1.0" encoding="ISO-8859-1" ?>
<link_info>
   <banner>TI ARM Linker PC v18.12.2.LTS</banner>
   <copyright>Copyright (c) 1996-2018 Texas Instruments Incorporated</copyright>
   <link_time>0x5d80a7e2</link_time>
   <link_errors>0x0</link_errors>
   <output_file>CC1310_Distance_Measure(ver_0.1).out</output_file>
   <entry_point>
      <name>resetISR</name>
      <address>0x4dad</address>
   </entry_point>
   <input_file_list>
      <input_file id="fl-2">
         <path>.\easylink\</path>
         <kind>object</kind>
         <file>EasyLink_nortos.obj</file>
         <name>EasyLink_nortos.obj</name>
      </input_file>
      <input_file id="fl-3">
         <path>.\easylink\</path>
         <kind>object</kind>
         <file>easylink_config.obj</file>
         <name>easylink_config.obj</name>
      </input_file>
      <input_file id="fl-4">
         <path>.\smartrf_settings\</path>
         <kind>object</kind>
         <file>smartrf_settings.obj</file>
         <name>smartrf_settings.obj</name>
      </input_file>
      <input_file id="fl-5">
         <path>.\smartrf_settings\</path>
         <kind>object</kind>
         <file>smartrf_settings_predefined.obj</file>
         <name>smartrf_settings_predefined.obj</name>
      </input_file>
      <input_file id="fl-6">
         <path>.\source\</path>
         <kind>object</kind>
         <file>CC1310_LAUNCHXL.obj</file>
         <name>CC1310_LAUNCHXL.obj</name>
      </input_file>
      <input_file id="fl-7">
         <path>.\source\</path>
         <kind>object</kind>
         <file>adc.obj</file>
         <name>adc.obj</name>
      </input_file>
      <input_file id="fl-8">
         <path>.\source\</path>
         <kind>object</kind>
         <file>ccfg.obj</file>
         <name>ccfg.obj</name>
      </input_file>
      <input_file id="fl-9">
         <path>.\source\</path>
         <kind>object</kind>
         <file>easyRF.obj</file>
         <name>easyRF.obj</name>
      </input_file>
      <input_file id="fl-a">
         <path>.\source\</path>
         <kind>object</kind>
         <file>flash.obj</file>
         <name>flash.obj</name>
      </input_file>
      <input_file id="fl-b">
         <path>.\source\</path>
         <kind>object</kind>
         <file>i2c.obj</file>
         <name>i2c.obj</name>
      </input_file>
      <input_file id="fl-c">
         <path>.\source\</path>
         <kind>object</kind>
         <file>main.obj</file>
         <name>main.obj</name>
      </input_file>
      <input_file id="fl-d">
         <path>.\source\</path>
         <kind>object</kind>
         <file>pwm.obj</file>
         <name>pwm.obj</name>
      </input_file>
      <input_file id="fl-e">
         <path>.\source\</path>
         <kind>object</kind>
         <file>temperature.obj</file>
         <name>temperature.obj</name>
      </input_file>
      <input_file id="fl-f">
         <path>.\source\</path>
         <kind>object</kind>
         <file>timer.obj</file>
         <name>timer.obj</name>
      </input_file>
      <input_file id="fl-10">
         <path>.\source\</path>
         <kind>object</kind>
         <file>uart.obj</file>
         <name>uart.obj</name>
      </input_file>
      <input_file id="fl-1b">
         <kind>object</kind>
         <file>&lt;internal&gt;</file>
         <name>&lt;internal&gt;</name>
      </input_file>
      <input_file id="fl-1c">
         <path>C:\ti\simplelink_cc13x0_sdk_3_20_00_23\source\ti\drivers\rf\lib\</path>
         <kind>archive</kind>
         <file>rf_multiMode_cc13x0.aem3</file>
         <name>RFCC26XX_multiMode.oem3</name>
      </input_file>
      <input_file id="fl-1d">
         <path>C:\ti\simplelink_cc13x0_sdk_3_20_00_23\source\ti\drivers\lib\</path>
         <kind>archive</kind>
         <file>drivers_cc13x0.aem3</file>
         <name>List.oem3</name>
      </input_file>
      <input_file id="fl-1e">
         <path>C:\ti\simplelink_cc13x0_sdk_3_20_00_23\source\ti\drivers\lib\</path>
         <kind>archive</kind>
         <file>drivers_cc13x0.aem3</file>
         <name>ADCCC26XX.oem3</name>
      </input_file>
      <input_file id="fl-1f">
         <path>C:\ti\simplelink_cc13x0_sdk_3_20_00_23\source\ti\drivers\lib\</path>
         <kind>archive</kind>
         <file>drivers_cc13x0.aem3</file>
         <name>I2C.oem3</name>
      </input_file>
      <input_file id="fl-20">
         <path>C:\ti\simplelink_cc13x0_sdk_3_20_00_23\source\ti\drivers\lib\</path>
         <kind>archive</kind>
         <file>drivers_cc13x0.aem3</file>
         <name>I2CCC26XX.oem3</name>
      </input_file>
      <input_file id="fl-21">
         <path>C:\ti\simplelink_cc13x0_sdk_3_20_00_23\source\ti\drivers\lib\</path>
         <kind>archive</kind>
         <file>drivers_cc13x0.aem3</file>
         <name>PINCC26XX.oem3</name>
      </input_file>
      <input_file id="fl-22">
         <path>C:\ti\simplelink_cc13x0_sdk_3_20_00_23\source\ti\drivers\lib\</path>
         <kind>archive</kind>
         <file>drivers_cc13x0.aem3</file>
         <name>PowerCC26XX.oem3</name>
      </input_file>
      <input_file id="fl-23">
         <path>C:\ti\simplelink_cc13x0_sdk_3_20_00_23\source\ti\drivers\lib\</path>
         <kind>archive</kind>
         <file>drivers_cc13x0.aem3</file>
         <name>PowerCC26XX_calibrateRCOSC.oem3</name>
      </input_file>
      <input_file id="fl-24">
         <path>C:\ti\simplelink_cc13x0_sdk_3_20_00_23\source\ti\drivers\lib\</path>
         <kind>archive</kind>
         <file>drivers_cc13x0.aem3</file>
         <name>PWM.oem3</name>
      </input_file>
      <input_file id="fl-25">
         <path>C:\ti\simplelink_cc13x0_sdk_3_20_00_23\source\ti\drivers\lib\</path>
         <kind>archive</kind>
         <file>drivers_cc13x0.aem3</file>
         <name>PWMTimerCC26XX.oem3</name>
      </input_file>
      <input_file id="fl-26">
         <path>C:\ti\simplelink_cc13x0_sdk_3_20_00_23\source\ti\drivers\lib\</path>
         <kind>archive</kind>
         <file>drivers_cc13x0.aem3</file>
         <name>GPTimerCC26XX.oem3</name>
      </input_file>
      <input_file id="fl-27">
         <path>C:\ti\simplelink_cc13x0_sdk_3_20_00_23\source\ti\drivers\lib\</path>
         <kind>archive</kind>
         <file>drivers_cc13x0.aem3</file>
         <name>UART.oem3</name>
      </input_file>
      <input_file id="fl-28">
         <path>C:\ti\simplelink_cc13x0_sdk_3_20_00_23\source\ti\drivers\lib\</path>
         <kind>archive</kind>
         <file>drivers_cc13x0.aem3</file>
         <name>UARTCC26XX.oem3</name>
      </input_file>
      <input_file id="fl-29">
         <path>C:\ti\simplelink_cc13x0_sdk_3_20_00_23\source\ti\drivers\lib\</path>
         <kind>archive</kind>
         <file>drivers_cc13x0.aem3</file>
         <name>WatchdogCC26XX.oem3</name>
      </input_file>
      <input_file id="fl-2a">
         <path>C:\ti\simplelink_cc13x0_sdk_3_20_00_23\source\ti\drivers\lib\</path>
         <kind>archive</kind>
         <file>drivers_cc13x0.aem3</file>
         <name>RingBuf.oem3</name>
      </input_file>
      <input_file id="fl-2b">
         <path>C:\ti\simplelink_cc13x0_sdk_3_20_00_23\kernel\nortos\lib\</path>
         <kind>archive</kind>
         <file>nortos_cc13x0.aem3</file>
         <name>posix_sleep.oem3</name>
      </input_file>
      <input_file id="fl-2c">
         <path>C:\ti\simplelink_cc13x0_sdk_3_20_00_23\kernel\nortos\lib\</path>
         <kind>archive</kind>
         <file>nortos_cc13x0.aem3</file>
         <name>NoRTOS.oem3</name>
      </input_file>
      <input_file id="fl-2d">
         <path>C:\ti\simplelink_cc13x0_sdk_3_20_00_23\kernel\nortos\lib\</path>
         <kind>archive</kind>
         <file>nortos_cc13x0.aem3</file>
         <name>SemaphoreP_nortos.oem3</name>
      </input_file>
      <input_file id="fl-2e">
         <path>C:\ti\simplelink_cc13x0_sdk_3_20_00_23\kernel\nortos\lib\</path>
         <kind>archive</kind>
         <file>nortos_cc13x0.aem3</file>
         <name>SwiP_nortos.oem3</name>
      </input_file>
      <input_file id="fl-2f">
         <path>C:\ti\simplelink_cc13x0_sdk_3_20_00_23\kernel\nortos\lib\</path>
         <kind>archive</kind>
         <file>nortos_cc13x0.aem3</file>
         <name>ClockPTimer_nortos.oem3</name>
      </input_file>
      <input_file id="fl-30">
         <path>C:\ti\simplelink_cc13x0_sdk_3_20_00_23\kernel\nortos\lib\</path>
         <kind>archive</kind>
         <file>nortos_cc13x0.aem3</file>
         <name>TimerPCC26XX_nortos.oem3</name>
      </input_file>
      <input_file id="fl-31">
         <path>C:\ti\simplelink_cc13x0_sdk_3_20_00_23\kernel\nortos\lib\</path>
         <kind>archive</kind>
         <file>nortos_cc13x0.aem3</file>
         <name>HwiPCC26XX_nortos.oem3</name>
      </input_file>
      <input_file id="fl-32">
         <path>C:\ti\simplelink_cc13x0_sdk_3_20_00_23\kernel\nortos\lib\</path>
         <kind>archive</kind>
         <file>nortos_cc13x0.aem3</file>
         <name>PowerCC26XX_nortos.oem3</name>
      </input_file>
      <input_file id="fl-33">
         <path>C:\ti\simplelink_cc13x0_sdk_3_20_00_23\kernel\nortos\lib\</path>
         <kind>archive</kind>
         <file>nortos_cc13x0.aem3</file>
         <name>startup_cc13xx_cc26xx_ccs.oem3</name>
      </input_file>
      <input_file id="fl-34">
         <path>C:\ti\simplelink_cc13x0_sdk_3_20_00_23\kernel\nortos\lib\</path>
         <kind>archive</kind>
         <file>nortos_cc13x0.aem3</file>
         <name>QueueP_nortos.oem3</name>
      </input_file>
      <input_file id="fl-35">
         <path>C:\ti\simplelink_cc13x0_sdk_3_20_00_23\source\ti\devices\cc13x0\driverlib\bin\ccs\</path>
         <kind>archive</kind>
         <file>driverlib.lib</file>
         <name>adi.obj</name>
      </input_file>
      <input_file id="fl-36">
         <path>C:\ti\simplelink_cc13x0_sdk_3_20_00_23\source\ti\devices\cc13x0\driverlib\bin\ccs\</path>
         <kind>archive</kind>
         <file>driverlib.lib</file>
         <name>aon_batmon.obj</name>
      </input_file>
      <input_file id="fl-37">
         <path>C:\ti\simplelink_cc13x0_sdk_3_20_00_23\source\ti\devices\cc13x0\driverlib\bin\ccs\</path>
         <kind>archive</kind>
         <file>driverlib.lib</file>
         <name>aon_rtc.obj</name>
      </input_file>
      <input_file id="fl-38">
         <path>C:\ti\simplelink_cc13x0_sdk_3_20_00_23\source\ti\devices\cc13x0\driverlib\bin\ccs\</path>
         <kind>archive</kind>
         <file>driverlib.lib</file>
         <name>aux_adc.obj</name>
      </input_file>
      <input_file id="fl-39">
         <path>C:\ti\simplelink_cc13x0_sdk_3_20_00_23\source\ti\devices\cc13x0\driverlib\bin\ccs\</path>
         <kind>archive</kind>
         <file>driverlib.lib</file>
         <name>chipinfo.obj</name>
      </input_file>
      <input_file id="fl-3a">
         <path>C:\ti\simplelink_cc13x0_sdk_3_20_00_23\source\ti\devices\cc13x0\driverlib\bin\ccs\</path>
         <kind>archive</kind>
         <file>driverlib.lib</file>
         <name>cpu.obj</name>
      </input_file>
      <input_file id="fl-3b">
         <path>C:\ti\simplelink_cc13x0_sdk_3_20_00_23\source\ti\devices\cc13x0\driverlib\bin\ccs\</path>
         <kind>archive</kind>
         <file>driverlib.lib</file>
         <name>driverlib_release.obj</name>
      </input_file>
      <input_file id="fl-3c">
         <path>C:\ti\simplelink_cc13x0_sdk_3_20_00_23\source\ti\devices\cc13x0\driverlib\bin\ccs\</path>
         <kind>archive</kind>
         <file>driverlib.lib</file>
         <name>flash.obj</name>
      </input_file>
      <input_file id="fl-3d">
         <path>C:\ti\simplelink_cc13x0_sdk_3_20_00_23\source\ti\devices\cc13x0\driverlib\bin\ccs\</path>
         <kind>archive</kind>
         <file>driverlib.lib</file>
         <name>interrupt.obj</name>
      </input_file>
      <input_file id="fl-3e">
         <path>C:\ti\simplelink_cc13x0_sdk_3_20_00_23\source\ti\devices\cc13x0\driverlib\bin\ccs\</path>
         <kind>archive</kind>
         <file>driverlib.lib</file>
         <name>osc.obj</name>
      </input_file>
      <input_file id="fl-3f">
         <path>C:\ti\simplelink_cc13x0_sdk_3_20_00_23\source\ti\devices\cc13x0\driverlib\bin\ccs\</path>
         <kind>archive</kind>
         <file>driverlib.lib</file>
         <name>rfc.obj</name>
      </input_file>
      <input_file id="fl-40">
         <path>C:\ti\simplelink_cc13x0_sdk_3_20_00_23\source\ti\devices\cc13x0\driverlib\bin\ccs\</path>
         <kind>archive</kind>
         <file>driverlib.lib</file>
         <name>setup.obj</name>
      </input_file>
      <input_file id="fl-41">
         <path>C:\ti\simplelink_cc13x0_sdk_3_20_00_23\source\ti\devices\cc13x0\driverlib\bin\ccs\</path>
         <kind>archive</kind>
         <file>driverlib.lib</file>
         <name>setup_rom.obj</name>
      </input_file>
      <input_file id="fl-42">
         <path>C:\ti\simplelink_cc13x0_sdk_3_20_00_23\source\ti\devices\cc13x0\driverlib\bin\ccs\</path>
         <kind>archive</kind>
         <file>driverlib.lib</file>
         <name>sys_ctrl.obj</name>
      </input_file>
      <input_file id="fl-43">
         <path>C:\ti\simplelink_cc13x0_sdk_3_20_00_23\source\ti\devices\cc13x0\driverlib\bin\ccs\</path>
         <kind>archive</kind>
         <file>driverlib.lib</file>
         <name>vims.obj</name>
      </input_file>
      <input_file id="fl-44">
         <path>C:\ti\simplelink_cc13x0_sdk_3_20_00_23\source\ti\devices\cc13x0\driverlib\bin\ccs\</path>
         <kind>archive</kind>
         <file>driverlib.lib</file>
         <name>ddi.obj</name>
      </input_file>
      <input_file id="fl-fa">
         <path>C:\ti\ccs910\ccs\tools\compiler\ti-cgt-arm_18.12.2.LTS\lib\</path>
         <kind>archive</kind>
         <file>rtsv7M3_T_le_eabi.lib</file>
         <name>ull_div_t2.asm.obj</name>
      </input_file>
      <input_file id="fl-fb">
         <path>C:\ti\ccs910\ccs\tools\compiler\ti-cgt-arm_18.12.2.LTS\lib\</path>
         <kind>archive</kind>
         <file>rtsv7M3_T_le_eabi.lib</file>
         <name>memset_t2.asm.obj</name>
      </input_file>
      <input_file id="fl-fc">
         <path>C:\ti\ccs910\ccs\tools\compiler\ti-cgt-arm_18.12.2.LTS\lib\</path>
         <kind>archive</kind>
         <file>rtsv7M3_T_le_eabi.lib</file>
         <name>fs_mul_t2.asm.obj</name>
      </input_file>
      <input_file id="fl-fd">
         <path>C:\ti\ccs910\ccs\tools\compiler\ti-cgt-arm_18.12.2.LTS\lib\</path>
         <kind>archive</kind>
         <file>rtsv7M3_T_le_eabi.lib</file>
         <name>fs_toi_t2.asm.obj</name>
      </input_file>
      <input_file id="fl-fe">
         <path>C:\ti\ccs910\ccs\tools\compiler\ti-cgt-arm_18.12.2.LTS\lib\</path>
         <kind>archive</kind>
         <file>rtsv7M3_T_le_eabi.lib</file>
         <name>ll_mul_t2.asm.obj</name>
      </input_file>
      <input_file id="fl-ff">
         <path>C:\ti\ccs910\ccs\tools\compiler\ti-cgt-arm_18.12.2.LTS\lib\</path>
         <kind>archive</kind>
         <file>rtsv7M3_T_le_eabi.lib</file>
         <name>memcpy_t2.asm.obj</name>
      </input_file>
      <input_file id="fl-100">
         <path>C:\ti\ccs910\ccs\tools\compiler\ti-cgt-arm_18.12.2.LTS\lib\</path>
         <kind>archive</kind>
         <file>rtsv7M3_T_le_eabi.lib</file>
         <name>u_tofs_t2.asm.obj</name>
      </input_file>
      <input_file id="fl-101">
         <path>C:\ti\ccs910\ccs\tools\compiler\ti-cgt-arm_18.12.2.LTS\lib\</path>
         <kind>archive</kind>
         <file>rtsv7M3_T_le_eabi.lib</file>
         <name>copy_zero_init.c.obj</name>
      </input_file>
      <input_file id="fl-102">
         <path>C:\ti\ccs910\ccs\tools\compiler\ti-cgt-arm_18.12.2.LTS\lib\</path>
         <kind>archive</kind>
         <file>rtsv7M3_T_le_eabi.lib</file>
         <name>copy_decompress_none.c.obj</name>
      </input_file>
      <input_file id="fl-103">
         <path>C:\ti\ccs910\ccs\tools\compiler\ti-cgt-arm_18.12.2.LTS\lib\</path>
         <kind>archive</kind>
         <file>rtsv7M3_T_le_eabi.lib</file>
         <name>copy_decompress_lzss.c.obj</name>
      </input_file>
      <input_file id="fl-104">
         <path>C:\ti\ccs910\ccs\tools\compiler\ti-cgt-arm_18.12.2.LTS\lib\</path>
         <kind>archive</kind>
         <file>rtsv7M3_T_le_eabi.lib</file>
         <name>memory.c.obj</name>
      </input_file>
      <input_file id="fl-105">
         <path>C:\ti\ccs910\ccs\tools\compiler\ti-cgt-arm_18.12.2.LTS\lib\</path>
         <kind>archive</kind>
         <file>rtsv7M3_T_le_eabi.lib</file>
         <name>rand.c.obj</name>
      </input_file>
      <input_file id="fl-106">
         <path>C:\ti\ccs910\ccs\tools\compiler\ti-cgt-arm_18.12.2.LTS\lib\</path>
         <kind>archive</kind>
         <file>rtsv7M3_T_le_eabi.lib</file>
         <name>strlen.c.obj</name>
      </input_file>
      <input_file id="fl-107">
         <path>C:\ti\ccs910\ccs\tools\compiler\ti-cgt-arm_18.12.2.LTS\lib\</path>
         <kind>archive</kind>
         <file>rtsv7M3_T_le_eabi.lib</file>
         <name>boot_cortex_m.c.obj</name>
      </input_file>
      <input_file id="fl-108">
         <path>C:\ti\ccs910\ccs\tools\compiler\ti-cgt-arm_18.12.2.LTS\lib\</path>
         <kind>archive</kind>
         <file>rtsv7M3_T_le_eabi.lib</file>
         <name>div0.asm.obj</name>
      </input_file>
      <input_file id="fl-109">
         <path>C:\ti\ccs910\ccs\tools\compiler\ti-cgt-arm_18.12.2.LTS\lib\</path>
         <kind>archive</kind>
         <file>rtsv7M3_T_le_eabi.lib</file>
         <name>autoinit.c.obj</name>
      </input_file>
      <input_file id="fl-10a">
         <path>C:\ti\ccs910\ccs\tools\compiler\ti-cgt-arm_18.12.2.LTS\lib\</path>
         <kind>archive</kind>
         <file>rtsv7M3_T_le_eabi.lib</file>
         <name>pre_init.c.obj</name>
      </input_file>
      <input_file id="fl-10b">
         <path>C:\ti\ccs910\ccs\tools\compiler\ti-cgt-arm_18.12.2.LTS\lib\</path>
         <kind>archive</kind>
         <file>rtsv7M3_T_le_eabi.lib</file>
         <name>cpy_tbl.c.obj</name>
      </input_file>
      <input_file id="fl-10c">
         <path>C:\ti\ccs910\ccs\tools\compiler\ti-cgt-arm_18.12.2.LTS\lib\</path>
         <kind>archive</kind>
         <file>rtsv7M3_T_le_eabi.lib</file>
         <name>exit.c.obj</name>
      </input_file>
      <input_file id="fl-10d">
         <path>C:\ti\ccs910\ccs\tools\compiler\ti-cgt-arm_18.12.2.LTS\lib\</path>
         <kind>archive</kind>
         <file>rtsv7M3_T_le_eabi.lib</file>
         <name>_lock.c.obj</name>
      </input_file>
      <input_file id="fl-10e">
         <path>C:\ti\ccs910\ccs\tools\compiler\ti-cgt-arm_18.12.2.LTS\lib\</path>
         <kind>archive</kind>
         <file>rtsv7M3_T_le_eabi.lib</file>
         <name>args_main.c.obj</name>
      </input_file>
   </input_file_list>
   <object_component_list>
      <object_component id="oc-15">
         <name>.intvecs</name>
         <load_address>0x0</load_address>
         <run_address>0x0</run_address>
         <size>0xc8</size>
         <input_file_ref idref="fl-33"/>
      </object_component>
      <object_component id="oc-7d5">
         <name>.text:PowerCC26XX_auxISR</name>
         <load_address>0xc8</load_address>
         <run_address>0xc8</run_address>
         <size>0x30c</size>
         <input_file_ref idref="fl-23"/>
      </object_component>
      <object_component id="oc-8f4">
         <name>.text:NOROM_SysCtrlSetRechargeBeforePowerDown</name>
         <load_address>0x3d4</load_address>
         <run_address>0x3d4</run_address>
         <size>0x228</size>
         <input_file_ref idref="fl-42"/>
      </object_component>
      <object_component id="oc-7aa">
         <name>.text:Power_sleep</name>
         <load_address>0x5fc</load_address>
         <run_address>0x5fc</run_address>
         <size>0x224</size>
         <input_file_ref idref="fl-22"/>
      </object_component>
      <object_component id="oc-2d8">
         <name>.text:PWM_Config_init</name>
         <load_address>0x820</load_address>
         <run_address>0x820</run_address>
         <size>0x1c4</size>
         <input_file_ref idref="fl-d"/>
      </object_component>
      <object_component id="oc-35c">
         <name>.text:PIN_init</name>
         <load_address>0x9e4</load_address>
         <run_address>0x9e4</run_address>
         <size>0x1b0</size>
         <input_file_ref idref="fl-21"/>
      </object_component>
      <object_component id="oc-7c3">
         <name>.text:PowerCC26XX_doCalibrate</name>
         <load_address>0xb94</load_address>
         <run_address>0xb94</run_address>
         <size>0x190</size>
         <input_file_ref idref="fl-23"/>
      </object_component>
      <object_component id="oc-84b">
         <name>.text:UARTCC26XX_open</name>
         <load_address>0xd24</load_address>
         <run_address>0xd24</run_address>
         <size>0x164</size>
         <input_file_ref idref="fl-28"/>
      </object_component>
      <object_component id="oc-9bd">
         <name>.text:UARTCC26XX_hwiIntFxn</name>
         <load_address>0xe88</load_address>
         <run_address>0xe88</run_address>
         <size>0x148</size>
         <input_file_ref idref="fl-28"/>
      </object_component>
      <object_component id="oc-828">
         <name>.text:I2CCC26XX_open</name>
         <load_address>0xfd0</load_address>
         <run_address>0xfd0</run_address>
         <size>0x144</size>
         <input_file_ref idref="fl-20"/>
      </object_component>
      <object_component id="oc-851">
         <name>.text:UARTCC26XX_read</name>
         <load_address>0x1114</load_address>
         <run_address>0x1114</run_address>
         <size>0x136</size>
         <input_file_ref idref="fl-28"/>
      </object_component>
      <object_component id="oc-aee">
         <name>.text:IntDefaultHandler</name>
         <load_address>0x124a</load_address>
         <run_address>0x124a</run_address>
         <size>0x2</size>
         <input_file_ref idref="fl-3d"/>
      </object_component>
      <object_component id="oc-126">
         <name>.text:NOROM_SetupAfterColdResetWakeupFromShutDownCfg3</name>
         <load_address>0x124c</load_address>
         <run_address>0x124c</run_address>
         <size>0x124</size>
         <input_file_ref idref="fl-41"/>
      </object_component>
      <object_component id="oc-96b">
         <name>.text:I2CCC26XX_hwiFxn</name>
         <load_address>0x1370</load_address>
         <run_address>0x1370</run_address>
         <size>0x120</size>
         <input_file_ref idref="fl-20"/>
      </object_component>
      <object_component id="oc-356">
         <name>.text:Power_init</name>
         <load_address>0x1490</load_address>
         <run_address>0x1490</run_address>
         <size>0x114</size>
         <input_file_ref idref="fl-22"/>
      </object_component>
      <object_component id="oc-63a">
         <name>.text:PowerCC26XX_standbyPolicy</name>
         <load_address>0x15a4</load_address>
         <run_address>0x15a4</run_address>
         <size>0x100</size>
         <input_file_ref idref="fl-32"/>
      </object_component>
      <object_component id="oc-120">
         <name>.text:NOROM_SetupAfterColdResetWakeupFromShutDownCfg2</name>
         <load_address>0x16a4</load_address>
         <run_address>0x16a4</run_address>
         <size>0xf0</size>
         <input_file_ref idref="fl-41"/>
      </object_component>
      <object_component id="oc-4f0">
         <name>.text:PINCC26XX_setIoCfg</name>
         <load_address>0x1794</load_address>
         <run_address>0x1794</run_address>
         <size>0xf0</size>
         <input_file_ref idref="fl-21"/>
      </object_component>
      <object_component id="oc-863">
         <name>.text:UARTCC26XX_write</name>
         <load_address>0x1884</load_address>
         <run_address>0x1884</run_address>
         <size>0xe2</size>
         <input_file_ref idref="fl-28"/>
      </object_component>
      <object_component id="oc-88b">
         <name>.text:PWMTimerCC26XX_init</name>
         <load_address>0x1966</load_address>
         <run_address>0x1966</run_address>
         <size>0x2</size>
         <input_file_ref idref="fl-25"/>
      </object_component>
      <object_component id="oc-891">
         <name>.text:PWMTimerCC26XX_open</name>
         <load_address>0x1968</load_address>
         <run_address>0x1968</run_address>
         <size>0xd8</size>
         <input_file_ref idref="fl-25"/>
      </object_component>
      <object_component id="oc-3ed">
         <name>.text:SwiP_construct</name>
         <load_address>0x1a40</load_address>
         <run_address>0x1a40</run_address>
         <size>0xd8</size>
         <input_file_ref idref="fl-2e"/>
      </object_component>
      <object_component id="oc-82e">
         <name>.text:I2CCC26XX_transfer</name>
         <load_address>0x1b18</load_address>
         <run_address>0x1b18</run_address>
         <size>0xd6</size>
         <input_file_ref idref="fl-20"/>
      </object_component>
      <object_component id="oc-435">
         <name>.text:SemaphoreP_destruct</name>
         <load_address>0x1bee</load_address>
         <run_address>0x1bee</run_address>
         <size>0x2</size>
         <input_file_ref idref="fl-2d"/>
      </object_component>
      <object_component id="oc-243">
         <name>.text:PWM_DutySet</name>
         <load_address>0x1bf0</load_address>
         <run_address>0x1bf0</run_address>
         <size>0xd4</size>
         <input_file_ref idref="fl-d"/>
      </object_component>
      <object_component id="oc-396">
         <name>.text:GPTimerCC26XX_open</name>
         <load_address>0x1cc4</load_address>
         <run_address>0x1cc4</run_address>
         <size>0xd0</size>
         <input_file_ref idref="fl-26"/>
      </object_component>
      <object_component id="oc-c4">
         <name>.text:TrimAfterColdResetWakeupFromShutDown</name>
         <load_address>0x1d94</load_address>
         <run_address>0x1d94</run_address>
         <size>0xc4</size>
         <input_file_ref idref="fl-40"/>
      </object_component>
      <object_component id="oc-90b">
         <name>.text:Power_releaseDependency</name>
         <load_address>0x1e58</load_address>
         <run_address>0x1e58</run_address>
         <size>0xbc</size>
         <input_file_ref idref="fl-22"/>
      </object_component>
      <object_component id="oc-4e4">
         <name>.text:Power_setDependency</name>
         <load_address>0x1f14</load_address>
         <run_address>0x1f14</run_address>
         <size>0xb4</size>
         <input_file_ref idref="fl-22"/>
      </object_component>
      <object_component id="oc-3f9">
         <name>.text:TimerP_construct</name>
         <load_address>0x1fc8</load_address>
         <run_address>0x1fc8</run_address>
         <size>0xb0</size>
         <input_file_ref idref="fl-30"/>
      </object_component>
      <object_component id="oc-40b">
         <name>.text:ClockP_workFuncDynamic</name>
         <load_address>0x2078</load_address>
         <run_address>0x2078</run_address>
         <size>0xa8</size>
         <input_file_ref idref="fl-2f"/>
      </object_component>
      <object_component id="oc-72">
         <name>.text:NOROM_SetupTrimDevice</name>
         <load_address>0x2120</load_address>
         <run_address>0x2120</run_address>
         <size>0xa8</size>
         <input_file_ref idref="fl-40"/>
      </object_component>
      <object_component id="oc-a18">
         <name>.text:GPTimerCC26XX_close</name>
         <load_address>0x21c8</load_address>
         <run_address>0x21c8</run_address>
         <size>0xa4</size>
         <input_file_ref idref="fl-26"/>
      </object_component>
      <object_component id="oc-11a">
         <name>.text:NOROM_SetupAfterColdResetWakeupFromShutDownCfg1</name>
         <load_address>0x226c</load_address>
         <run_address>0x226c</run_address>
         <size>0xa4</size>
         <input_file_ref idref="fl-41"/>
      </object_component>
      <object_component id="oc-9ab">
         <name>.text:UARTCC26XX_initHw</name>
         <load_address>0x2310</load_address>
         <run_address>0x2310</run_address>
         <size>0xa4</size>
         <input_file_ref idref="fl-28"/>
      </object_component>
      <object_component id="oc-4bf">
         <name>.text:switchXOSCHFclockFunc</name>
         <load_address>0x23b4</load_address>
         <run_address>0x23b4</run_address>
         <size>0xa4</size>
         <input_file_ref idref="fl-22"/>
      </object_component>
      <object_component id="oc-959">
         <name>.text:PIN_open</name>
         <load_address>0x2458</load_address>
         <run_address>0x2458</run_address>
         <size>0xa0</size>
         <input_file_ref idref="fl-21"/>
      </object_component>
      <object_component id="oc-729">
         <name>.text:SwiP_dispatch</name>
         <load_address>0x24f8</load_address>
         <run_address>0x24f8</run_address>
         <size>0xa0</size>
         <input_file_ref idref="fl-2e"/>
      </object_component>
      <object_component id="oc-2e9">
         <name>.text:ClockP_startup</name>
         <load_address>0x2598</load_address>
         <run_address>0x2598</run_address>
         <size>0x9c</size>
         <input_file_ref idref="fl-2f"/>
      </object_component>
      <object_component id="oc-8a3">
         <name>.text:PWMTimerCC26XX_setDutyAndPeriod</name>
         <load_address>0x2634</load_address>
         <run_address>0x2634</run_address>
         <size>0x9c</size>
         <input_file_ref idref="fl-25"/>
      </object_component>
      <object_component id="oc-54">
         <name>.text</name>
         <load_address>0x26d0</load_address>
         <run_address>0x26d0</run_address>
         <size>0x9c</size>
         <input_file_ref idref="fl-ff"/>
      </object_component>
      <object_component id="oc-42f">
         <name>.text:SemaphoreP_pend</name>
         <load_address>0x276c</load_address>
         <run_address>0x276c</run_address>
         <size>0x98</size>
         <input_file_ref idref="fl-2d"/>
      </object_component>
      <object_component id="oc-9b1">
         <name>.text:UARTCC26XX_initIO</name>
         <load_address>0x2804</load_address>
         <run_address>0x2804</run_address>
         <size>0x98</size>
         <input_file_ref idref="fl-28"/>
      </object_component>
      <object_component id="oc-5ae">
         <name>.text</name>
         <load_address>0x289c</load_address>
         <run_address>0x289c</run_address>
         <size>0x96</size>
         <input_file_ref idref="fl-fa"/>
      </object_component>
      <object_component id="oc-605">
         <name>.text:clkFxn</name>
         <load_address>0x2932</load_address>
         <run_address>0x2932</run_address>
         <size>0x2</size>
         <input_file_ref idref="fl-2d"/>
      </object_component>
      <object_component id="oc-2cc">
         <name>.text:Uart_Config_init</name>
         <load_address>0x2934</load_address>
         <run_address>0x2934</run_address>
         <size>0x94</size>
         <input_file_ref idref="fl-10"/>
      </object_component>
      <object_component id="oc-810">
         <name>.text:I2CCC26XX_cancel</name>
         <load_address>0x29c8</load_address>
         <run_address>0x29c8</run_address>
         <size>0x90</size>
         <input_file_ref idref="fl-20"/>
      </object_component>
      <object_component id="oc-86f">
         <name>.text:UARTCC26XX_writeCancel</name>
         <load_address>0x2a58</load_address>
         <run_address>0x2a58</run_address>
         <size>0x8e</size>
         <input_file_ref idref="fl-28"/>
      </object_component>
      <object_component id="oc-4b9">
         <name>.text:emptyClockFunc</name>
         <load_address>0x2ae6</load_address>
         <run_address>0x2ae6</run_address>
         <size>0x2</size>
         <input_file_ref idref="fl-22"/>
      </object_component>
      <object_component id="oc-98e">
         <name>.text:I2CCC26XX_primeTransfer</name>
         <load_address>0x2ae8</load_address>
         <run_address>0x2ae8</run_address>
         <size>0x8c</size>
         <input_file_ref idref="fl-20"/>
      </object_component>
      <object_component id="oc-839">
         <name>.text:UARTCC26XX_close</name>
         <load_address>0x2b74</load_address>
         <run_address>0x2b74</run_address>
         <size>0x84</size>
         <input_file_ref idref="fl-28"/>
      </object_component>
      <object_component id="oc-4b0">
         <name>.text:ClockP_start</name>
         <load_address>0x2bf8</load_address>
         <run_address>0x2bf8</run_address>
         <size>0x80</size>
         <input_file_ref idref="fl-2f"/>
      </object_component>
      <object_component id="oc-a07">
         <name>.text:writeTxFifoFlush</name>
         <load_address>0x2c78</load_address>
         <run_address>0x2c78</run_address>
         <size>0x80</size>
         <input_file_ref idref="fl-28"/>
      </object_component>
      <object_component id="oc-ac">
         <name>.text</name>
         <load_address>0x2cf8</load_address>
         <run_address>0x2cf8</run_address>
         <size>0x7a</size>
         <input_file_ref idref="fl-fb"/>
      </object_component>
      <object_component id="oc-3a">
         <name>.text:faultISR</name>
         <load_address>0x2d72</load_address>
         <run_address>0x2d72</run_address>
         <size>0x2</size>
         <input_file_ref idref="fl-33"/>
      </object_component>
      <object_component id="oc-502">
         <name>.text:HwiP_construct</name>
         <load_address>0x2d74</load_address>
         <run_address>0x2d74</run_address>
         <size>0x78</size>
         <input_file_ref idref="fl-31"/>
      </object_component>
      <object_component id="oc-5c8">
         <name>.text:ClockP_walkQueueDynamic</name>
         <load_address>0x2dec</load_address>
         <run_address>0x2dec</run_address>
         <size>0x74</size>
         <input_file_ref idref="fl-2f"/>
      </object_component>
      <object_component id="oc-1b8">
         <name>.text:NOROM_SetupSetVddrLevel</name>
         <load_address>0x2e60</load_address>
         <run_address>0x2e60</run_address>
         <size>0x74</size>
         <input_file_ref idref="fl-41"/>
      </object_component>
      <object_component id="oc-740">
         <name>.text:TimerP_start</name>
         <load_address>0x2ed4</load_address>
         <run_address>0x2ed4</run_address>
         <size>0x70</size>
         <input_file_ref idref="fl-30"/>
      </object_component>
      <object_component id="oc-7c9">
         <name>.text:PowerCC26XX_initiateCalibration</name>
         <load_address>0x2f44</load_address>
         <run_address>0x2f44</run_address>
         <size>0x6c</size>
         <input_file_ref idref="fl-23"/>
      </object_component>
      <object_component id="oc-971">
         <name>.text:I2CCC26XX_swiFxn</name>
         <load_address>0x2fb0</load_address>
         <run_address>0x2fb0</run_address>
         <size>0x68</size>
         <input_file_ref idref="fl-20"/>
      </object_component>
      <object_component id="oc-1e3">
         <name>.text:NOROM_SetupGetTrimForAmpcompCtrl</name>
         <load_address>0x3018</load_address>
         <run_address>0x3018</run_address>
         <size>0x68</size>
         <input_file_ref idref="fl-41"/>
      </object_component>
      <object_component id="oc-1bf">
         <name>.text:NOROM_SetupGetTrimForAnabypassValue1</name>
         <load_address>0x3080</load_address>
         <run_address>0x3080</run_address>
         <size>0x68</size>
         <input_file_ref idref="fl-41"/>
      </object_component>
      <object_component id="oc-900">
         <name>.text:NOROM_SysCtrlAdjustRechargeAfterPowerDown</name>
         <load_address>0x30e8</load_address>
         <run_address>0x30e8</run_address>
         <size>0x68</size>
         <input_file_ref idref="fl-42"/>
      </object_component>
      <object_component id="oc-798">
         <name>.text:NOROM_SysCtrl_DCDC_VoltageConditionalControl</name>
         <load_address>0x3150</load_address>
         <run_address>0x3150</run_address>
         <size>0x68</size>
         <input_file_ref idref="fl-42"/>
      </object_component>
      <object_component id="oc-a2a">
         <name>.text:PIN_add</name>
         <load_address>0x31b8</load_address>
         <run_address>0x31b8</run_address>
         <size>0x68</size>
         <input_file_ref idref="fl-21"/>
      </object_component>
      <object_component id="oc-5d5">
         <name>.text:SwiP_post</name>
         <load_address>0x3220</load_address>
         <run_address>0x3220</run_address>
         <size>0x68</size>
         <input_file_ref idref="fl-2e"/>
      </object_component>
      <object_component id="oc-2d2">
         <name>.text:Timer_Config_init</name>
         <load_address>0x3288</load_address>
         <run_address>0x3288</run_address>
         <size>0x68</size>
         <input_file_ref idref="fl-f"/>
      </object_component>
      <object_component id="oc-18">
         <name>.text:decompress:lzss:__TI_decompress_lzss</name>
         <load_address>0x32f0</load_address>
         <run_address>0x32f0</run_address>
         <size>0x68</size>
         <input_file_ref idref="fl-103"/>
      </object_component>
      <object_component id="oc-4c5">
         <name>.text:lfClockReadyCallback</name>
         <load_address>0x3358</load_address>
         <run_address>0x3358</run_address>
         <size>0x68</size>
         <input_file_ref idref="fl-22"/>
      </object_component>
      <object_component id="oc-655">
         <name>.text:NOROM_OSCHF_AttemptToSwitchToXosc</name>
         <load_address>0x33c0</load_address>
         <run_address>0x33c0</run_address>
         <size>0x64</size>
         <input_file_ref idref="fl-3e"/>
      </object_component>
      <object_component id="oc-66b">
         <name>.text:configureXOSCHF</name>
         <load_address>0x3424</load_address>
         <run_address>0x3424</run_address>
         <size>0x64</size>
         <input_file_ref idref="fl-22"/>
      </object_component>
      <object_component id="oc-249">
         <name>.text:ClockP_usleep</name>
         <load_address>0x3488</load_address>
         <run_address>0x3488</run_address>
         <size>0x60</size>
         <input_file_ref idref="fl-2f"/>
      </object_component>
      <object_component id="oc-221">
         <name>.text:NOROM_OSCClockSourceSet</name>
         <load_address>0x34e8</load_address>
         <run_address>0x34e8</run_address>
         <size>0x60</size>
         <input_file_ref idref="fl-3e"/>
      </object_component>
      <object_component id="oc-640">
         <name>.text:PowerCC26XX_calibrate</name>
         <load_address>0x3548</load_address>
         <run_address>0x3548</run_address>
         <size>0x60</size>
         <input_file_ref idref="fl-22"/>
      </object_component>
      <object_component id="oc-83f">
         <name>.text:UARTCC26XX_control</name>
         <load_address>0x35a8</load_address>
         <run_address>0x35a8</run_address>
         <size>0x60</size>
         <input_file_ref idref="fl-28"/>
      </object_component>
      <object_component id="oc-9c3">
         <name>.text:UARTCC26XX_swiIntFxn</name>
         <load_address>0x3608</load_address>
         <run_address>0x3608</run_address>
         <size>0x5e</size>
         <input_file_ref idref="fl-28"/>
      </object_component>
      <object_component id="oc-40">
         <name>.text:intDefaultHandler</name>
         <load_address>0x3666</load_address>
         <run_address>0x3666</run_address>
         <size>0x2</size>
         <input_file_ref idref="fl-33"/>
      </object_component>
      <object_component id="oc-816">
         <name>.text:I2CCC26XX_close</name>
         <load_address>0x3668</load_address>
         <run_address>0x3668</run_address>
         <size>0x5c</size>
         <input_file_ref idref="fl-20"/>
      </object_component>
      <object_component id="oc-89d">
         <name>.text:PWMTimerCC26XX_setPeriod</name>
         <load_address>0x36c4</load_address>
         <run_address>0x36c4</run_address>
         <size>0x5c</size>
         <input_file_ref idref="fl-25"/>
      </object_component>
      <object_component id="oc-7cf">
         <name>.text:PowerCC26XX_RCOSC_clockFunc</name>
         <load_address>0x3720</load_address>
         <run_address>0x3720</run_address>
         <size>0x5c</size>
         <input_file_ref idref="fl-23"/>
      </object_component>
      <object_component id="oc-569">
         <name>.text:GPTimerCC26XXHwiFxn</name>
         <load_address>0x377c</load_address>
         <run_address>0x377c</run_address>
         <size>0x58</size>
         <input_file_ref idref="fl-26"/>
      </object_component>
      <object_component id="oc-a4b">
         <name>.text:GPTimerCC26XX_stop</name>
         <load_address>0x37d4</load_address>
         <run_address>0x37d4</run_address>
         <size>0x58</size>
         <input_file_ref idref="fl-26"/>
      </object_component>
      <object_component id="oc-a12">
         <name>.text:PIN_remove</name>
         <load_address>0x382c</load_address>
         <run_address>0x382c</run_address>
         <size>0x58</size>
         <input_file_ref idref="fl-21"/>
      </object_component>
      <object_component id="oc-24f">
         <name>.text:RunningLED</name>
         <load_address>0x3884</load_address>
         <run_address>0x3884</run_address>
         <size>0x54</size>
         <input_file_ref idref="fl-c"/>
      </object_component>
      <object_component id="oc-be">
         <name>.text:NOROM_SetupSetCacheModeAccordingToCcfgSetting</name>
         <load_address>0x38d8</load_address>
         <run_address>0x38d8</run_address>
         <size>0x50</size>
         <input_file_ref idref="fl-41"/>
      </object_component>
      <object_component id="oc-a31">
         <name>.text:PWMTimerCC26XX_getdutyCounts</name>
         <load_address>0x3928</load_address>
         <run_address>0x3928</run_address>
         <size>0x50</size>
         <input_file_ref idref="fl-25"/>
      </object_component>
      <object_component id="oc-429">
         <name>.text:SemaphoreP_construct</name>
         <load_address>0x3978</load_address>
         <run_address>0x3978</run_address>
         <size>0x50</size>
         <input_file_ref idref="fl-2d"/>
      </object_component>
      <object_component id="oc-a01">
         <name>.text:startTxFifoEmptyClk</name>
         <load_address>0x39c8</load_address>
         <run_address>0x39c8</run_address>
         <size>0x50</size>
         <input_file_ref idref="fl-28"/>
      </object_component>
      <object_component id="oc-3a8">
         <name>.text:GPTimerCC26XX_registerInterrupt</name>
         <load_address>0x3a18</load_address>
         <run_address>0x3a18</run_address>
         <size>0x4c</size>
         <input_file_ref idref="fl-26"/>
      </object_component>
      <object_component id="oc-3ae">
         <name>.text:GPTimerCC26XX_start</name>
         <load_address>0x3a64</load_address>
         <run_address>0x3a64</run_address>
         <size>0x4c</size>
         <input_file_ref idref="fl-26"/>
      </object_component>
      <object_component id="oc-937">
         <name>.text:I2CCC26XX_initHw</name>
         <load_address>0x3ab0</load_address>
         <run_address>0x3ab0</run_address>
         <size>0x4c</size>
         <input_file_ref idref="fl-20"/>
      </object_component>
      <object_component id="oc-134">
         <name>.text:main</name>
         <load_address>0x3afc</load_address>
         <run_address>0x3afc</run_address>
         <size>0x4c</size>
         <input_file_ref idref="fl-c"/>
      </object_component>
      <object_component id="oc-85d">
         <name>.text:UARTCC26XX_readCancel</name>
         <load_address>0x3b48</load_address>
         <run_address>0x3b48</run_address>
         <size>0x4a</size>
         <input_file_ref idref="fl-28"/>
      </object_component>
      <object_component id="oc-34">
         <name>.text:nmiISR</name>
         <load_address>0x3b92</load_address>
         <run_address>0x3b92</run_address>
         <size>0x2</size>
         <input_file_ref idref="fl-33"/>
      </object_component>
      <object_component id="oc-498">
         <name>.text:ClockP_construct</name>
         <load_address>0x3b94</load_address>
         <run_address>0x3b94</run_address>
         <size>0x48</size>
         <input_file_ref idref="fl-2f"/>
      </object_component>
      <object_component id="oc-ac8">
         <name>.text:PIN_setOutputEnable</name>
         <load_address>0x3bdc</load_address>
         <run_address>0x3bdc</run_address>
         <size>0x48</size>
         <input_file_ref idref="fl-21"/>
      </object_component>
      <object_component id="oc-9d5">
         <name>.text:writeFinishedDoCallback</name>
         <load_address>0x3c24</load_address>
         <run_address>0x3c24</run_address>
         <size>0x48</size>
         <input_file_ref idref="fl-28"/>
      </object_component>
      <object_component id="oc-897">
         <name>.text:PWMTimerCC26XX_setDuty</name>
         <load_address>0x3c6c</load_address>
         <run_address>0x3c6c</run_address>
         <size>0x44</size>
         <input_file_ref idref="fl-25"/>
      </object_component>
      <object_component id="oc-b00">
         <name>.text:RingBuf_put</name>
         <load_address>0x3cb0</load_address>
         <run_address>0x3cb0</run_address>
         <size>0x44</size>
         <input_file_ref idref="fl-2a"/>
      </object_component>
      <object_component id="oc-8fa">
         <name>.text:SwiP_restore</name>
         <load_address>0x3cf4</load_address>
         <run_address>0x3cf4</run_address>
         <size>0x44</size>
         <input_file_ref idref="fl-2e"/>
      </object_component>
      <object_component id="oc-265">
         <name>.text:__TI_auto_init_nobinit_nopinit:__TI_auto_init_nobinit_nopinit</name>
         <load_address>0x3d38</load_address>
         <run_address>0x3d38</run_address>
         <size>0x44</size>
         <input_file_ref idref="fl-109"/>
      </object_component>
      <object_component id="oc-366">
         <name>.text:I2C_init</name>
         <load_address>0x3d7c</load_address>
         <run_address>0x3d7c</run_address>
         <size>0x40</size>
         <input_file_ref idref="fl-1f"/>
      </object_component>
      <object_component id="oc-372">
         <name>.text:I2C_open</name>
         <load_address>0x3dbc</load_address>
         <run_address>0x3dbc</run_address>
         <size>0x40</size>
         <input_file_ref idref="fl-1f"/>
      </object_component>
      <object_component id="oc-511">
         <name>.text:PIN_swi</name>
         <load_address>0x3dfc</load_address>
         <run_address>0x3dfc</run_address>
         <size>0x40</size>
         <input_file_ref idref="fl-21"/>
      </object_component>
      <object_component id="oc-3c3">
         <name>.text:PWM_Params_Set</name>
         <load_address>0x3e3c</load_address>
         <run_address>0x3e3c</run_address>
         <size>0x40</size>
         <input_file_ref idref="fl-d"/>
      </object_component>
      <object_component id="oc-3bd">
         <name>.text:PWM_init</name>
         <load_address>0x3e7c</load_address>
         <run_address>0x3e7c</run_address>
         <size>0x40</size>
         <input_file_ref idref="fl-24"/>
      </object_component>
      <object_component id="oc-3c9">
         <name>.text:PWM_open</name>
         <load_address>0x3ebc</load_address>
         <run_address>0x3ebc</run_address>
         <size>0x40</size>
         <input_file_ref idref="fl-24"/>
      </object_component>
      <object_component id="oc-37b">
         <name>.text:UART_init</name>
         <load_address>0x3efc</load_address>
         <run_address>0x3efc</run_address>
         <size>0x40</size>
         <input_file_ref idref="fl-27"/>
      </object_component>
      <object_component id="oc-387">
         <name>.text:UART_open</name>
         <load_address>0x3f3c</load_address>
         <run_address>0x3f3c</run_address>
         <size>0x40</size>
         <input_file_ref idref="fl-27"/>
      </object_component>
      <object_component id="oc-9e6">
         <name>.text:RingBuf_get</name>
         <load_address>0x3f7c</load_address>
         <run_address>0x3f7c</run_address>
         <size>0x3e</size>
         <input_file_ref idref="fl-2a"/>
      </object_component>
      <object_component id="oc-73a">
         <name>.text</name>
         <load_address>0x3fba</load_address>
         <run_address>0x3fba</run_address>
         <size>0x2</size>
         <input_file_ref idref="fl-108"/>
      </object_component>
      <object_component id="oc-2c6">
         <name>.text:I2C_Config_init</name>
         <load_address>0x3fbc</load_address>
         <run_address>0x3fbc</run_address>
         <size>0x3c</size>
         <input_file_ref idref="fl-b"/>
      </object_component>
      <object_component id="oc-112">
         <name>.text:NOROM_ChipInfo_GetHwRevision</name>
         <load_address>0x3ff8</load_address>
         <run_address>0x3ff8</run_address>
         <size>0x3c</size>
         <input_file_ref idref="fl-39"/>
      </object_component>
      <object_component id="oc-91a">
         <name>.text:NOROM_OSC_HPOSCRelativeFrequencyOffsetGet</name>
         <load_address>0x4034</load_address>
         <run_address>0x4034</run_address>
         <size>0x3c</size>
         <input_file_ref idref="fl-3e"/>
      </object_component>
      <object_component id="oc-99a">
         <name>.text:SemaphoreP_post</name>
         <load_address>0x4070</load_address>
         <run_address>0x4070</run_address>
         <size>0x3c</size>
         <input_file_ref idref="fl-2d"/>
      </object_component>
      <object_component id="oc-4a4">
         <name>.text:disableLfClkQualifiersEnableClkLoss</name>
         <load_address>0x40ac</load_address>
         <run_address>0x40ac</run_address>
         <size>0x3c</size>
         <input_file_ref idref="fl-22"/>
      </object_component>
      <object_component id="oc-a87">
         <name>.text:PIN_setConfig</name>
         <load_address>0x40e8</load_address>
         <run_address>0x40e8</run_address>
         <size>0x38</size>
         <input_file_ref idref="fl-21"/>
      </object_component>
      <object_component id="oc-30d">
         <name>.text:PIN_setOutputValue</name>
         <load_address>0x4120</load_address>
         <run_address>0x4120</run_address>
         <size>0x38</size>
         <input_file_ref idref="fl-21"/>
      </object_component>
      <object_component id="oc-38e">
         <name>.text:UART_Interrupt_Handler</name>
         <load_address>0x4158</load_address>
         <run_address>0x4158</run_address>
         <size>0x38</size>
         <input_file_ref idref="fl-10"/>
      </object_component>
      <object_component id="oc-ab1">
         <name>.text:readData</name>
         <load_address>0x4190</load_address>
         <run_address>0x4190</run_address>
         <size>0x38</size>
         <input_file_ref idref="fl-28"/>
      </object_component>
      <object_component id="oc-9fb">
         <name>.text:writeData</name>
         <load_address>0x41c8</load_address>
         <run_address>0x41c8</run_address>
         <size>0x38</size>
         <input_file_ref idref="fl-28"/>
      </object_component>
      <object_component id="oc-75b">
         <name>.text:TimerP_setNextTick</name>
         <load_address>0x4200</load_address>
         <run_address>0x4200</run_address>
         <size>0x36</size>
         <input_file_ref idref="fl-30"/>
      </object_component>
      <object_component id="oc-79e">
         <name>.text:ClockP_getTicksUntilInterrupt</name>
         <load_address>0x4238</load_address>
         <run_address>0x4238</run_address>
         <size>0x34</size>
         <input_file_ref idref="fl-2f"/>
      </object_component>
      <object_component id="oc-55c">
         <name>.text:GPTimerCC26XXSetLoadMatch</name>
         <load_address>0x426c</load_address>
         <run_address>0x426c</run_address>
         <size>0x34</size>
         <input_file_ref idref="fl-26"/>
      </object_component>
      <object_component id="oc-68b">
         <name>.text:NOROM_IntRegister</name>
         <load_address>0x42a0</load_address>
         <run_address>0x42a0</run_address>
         <size>0x34</size>
         <input_file_ref idref="fl-3d"/>
      </object_component>
      <object_component id="oc-7f6">
         <name>.text:NOROM_OSCHF_SwitchToRcOscTurnOffXosc</name>
         <load_address>0x42d4</load_address>
         <run_address>0x42d4</run_address>
         <size>0x34</size>
         <input_file_ref idref="fl-3e"/>
      </object_component>
      <object_component id="oc-a3e">
         <name>.text:PWMTimerCC26XX_getperiodCounts</name>
         <load_address>0x4308</load_address>
         <run_address>0x4308</run_address>
         <size>0x34</size>
         <input_file_ref idref="fl-25"/>
      </object_component>
      <object_component id="oc-65c">
         <name>.text:Power_releaseConstraint</name>
         <load_address>0x433c</load_address>
         <run_address>0x433c</run_address>
         <size>0x34</size>
         <input_file_ref idref="fl-22"/>
      </object_component>
      <object_component id="oc-94a">
         <name>.text:SwiP_destruct</name>
         <load_address>0x4370</load_address>
         <run_address>0x4370</run_address>
         <size>0x34</size>
         <input_file_ref idref="fl-2e"/>
      </object_component>
      <object_component id="oc-5a8">
         <name>.text:TimerP_initDevice</name>
         <load_address>0x43a4</load_address>
         <run_address>0x43a4</run_address>
         <size>0x34</size>
         <input_file_ref idref="fl-30"/>
      </object_component>
      <object_component id="oc-3b6">
         <name>.text:Timer_Interrupt_Handler</name>
         <load_address>0x43d8</load_address>
         <run_address>0x43d8</run_address>
         <size>0x34</size>
         <input_file_ref idref="fl-f"/>
      </object_component>
      <object_component id="oc-649">
         <name>.text:notify</name>
         <load_address>0x440c</load_address>
         <run_address>0x440c</run_address>
         <size>0x34</size>
         <input_file_ref idref="fl-22"/>
      </object_component>
      <object_component id="oc-54c">
         <name>.text:GPTimerCC26XX_configureDebugStall</name>
         <load_address>0x4440</load_address>
         <run_address>0x4440</run_address>
         <size>0x30</size>
         <input_file_ref idref="fl-26"/>
      </object_component>
      <object_component id="oc-4d2">
         <name>.text:NOROM_ChipInfo_GetChipType</name>
         <load_address>0x4470</load_address>
         <run_address>0x4470</run_address>
         <size>0x30</size>
         <input_file_ref idref="fl-39"/>
      </object_component>
      <object_component id="oc-227">
         <name>.text:NOROM_SetupSetAonRtcSubSecInc</name>
         <load_address>0x44a0</load_address>
         <run_address>0x44a0</run_address>
         <size>0x30</size>
         <input_file_ref idref="fl-41"/>
      </object_component>
      <object_component id="oc-95f">
         <name>.text:PINCC26XX_setMux</name>
         <load_address>0x44d0</load_address>
         <run_address>0x44d0</run_address>
         <size>0x30</size>
         <input_file_ref idref="fl-21"/>
      </object_component>
      <object_component id="oc-8a9">
         <name>.text:PWMTimerCC26XX_start</name>
         <load_address>0x4500</load_address>
         <run_address>0x4500</run_address>
         <size>0x30</size>
         <input_file_ref idref="fl-25"/>
      </object_component>
      <object_component id="oc-49e">
         <name>.text:Power_setConstraint</name>
         <load_address>0x4530</load_address>
         <run_address>0x4530</run_address>
         <size>0x30</size>
         <input_file_ref idref="fl-22"/>
      </object_component>
      <object_component id="oc-5c2">
         <name>.text:TimerP_getCurrentTick</name>
         <load_address>0x4560</load_address>
         <run_address>0x4560</run_address>
         <size>0x30</size>
         <input_file_ref idref="fl-30"/>
      </object_component>
      <object_component id="oc-8cd">
         <name>.text:TimerP_setThreshold</name>
         <load_address>0x4590</load_address>
         <run_address>0x4590</run_address>
         <size>0x30</size>
         <input_file_ref idref="fl-30"/>
      </object_component>
      <object_component id="oc-301">
         <name>.text:getCalcTimer0</name>
         <load_address>0x45c0</load_address>
         <run_address>0x45c0</run_address>
         <size>0x30</size>
         <input_file_ref idref="fl-f"/>
      </object_component>
      <object_component id="oc-ab7">
         <name>.text:readData2RingBuf</name>
         <load_address>0x45f0</load_address>
         <run_address>0x45f0</run_address>
         <size>0x30</size>
         <input_file_ref idref="fl-28"/>
      </object_component>
      <object_component id="oc-ad8">
         <name>.text:GPTimerCC26XX_getTimerValue</name>
         <load_address>0x4620</load_address>
         <run_address>0x4620</run_address>
         <size>0x2c</size>
         <input_file_ref idref="fl-26"/>
      </object_component>
      <object_component id="oc-691">
         <name>.text:HwiP_dispatch</name>
         <load_address>0x464c</load_address>
         <run_address>0x464c</run_address>
         <size>0x2c</size>
         <input_file_ref idref="fl-31"/>
      </object_component>
      <object_component id="oc-1c5">
         <name>.text:NOROM_DDI32RegWrite</name>
         <load_address>0x4678</load_address>
         <run_address>0x4678</run_address>
         <size>0x2c</size>
         <input_file_ref idref="fl-44"/>
      </object_component>
      <object_component id="oc-21b">
         <name>.text:NOROM_OSCClockSourceGet</name>
         <load_address>0x46a4</load_address>
         <run_address>0x46a4</run_address>
         <size>0x2c</size>
         <input_file_ref idref="fl-3e"/>
      </object_component>
      <object_component id="oc-20d">
         <name>.text:NOROM_SetupGetTrimForRadcExtCfg</name>
         <load_address>0x46d0</load_address>
         <run_address>0x46d0</run_address>
         <size>0x2c</size>
         <input_file_ref idref="fl-41"/>
      </object_component>
      <object_component id="oc-87f">
         <name>.text:PWMTimerCC26XX_close</name>
         <load_address>0x46fc</load_address>
         <run_address>0x46fc</run_address>
         <size>0x2c</size>
         <input_file_ref idref="fl-25"/>
      </object_component>
      <object_component id="oc-8af">
         <name>.text:PWMTimerCC26XX_stop</name>
         <load_address>0x4728</load_address>
         <run_address>0x4728</run_address>
         <size>0x2c</size>
         <input_file_ref idref="fl-25"/>
      </object_component>
      <object_component id="oc-914">
         <name>.text:NOROM_AONBatMonTemperatureGetDegC</name>
         <load_address>0x4754</load_address>
         <run_address>0x4754</run_address>
         <size>0x28</size>
         <input_file_ref idref="fl-36"/>
      </object_component>
      <object_component id="oc-965">
         <name>.text:Power_registerNotify</name>
         <load_address>0x477c</load_address>
         <run_address>0x477c</run_address>
         <size>0x28</size>
         <input_file_ref idref="fl-22"/>
      </object_component>
      <object_component id="oc-7de">
         <name>.text:SafeHapiVoid</name>
         <load_address>0x47a4</load_address>
         <run_address>0x47a4</run_address>
         <size>0x28</size>
         <input_file_ref idref="fl-35"/>
      </object_component>
      <object_component id="oc-633">
         <name>.text:ClockP_getTicks</name>
         <load_address>0x47cc</load_address>
         <run_address>0x47cc</run_address>
         <size>0x24</size>
         <input_file_ref idref="fl-2f"/>
      </object_component>
      <object_component id="oc-5ce">
         <name>.text:ClockP_scheduleNextTick</name>
         <load_address>0x47f0</load_address>
         <run_address>0x47f0</run_address>
         <size>0x24</size>
         <input_file_ref idref="fl-2f"/>
      </object_component>
      <object_component id="oc-563">
         <name>.text:GPTimerCC26XX_enableInterrupt</name>
         <load_address>0x4814</load_address>
         <run_address>0x4814</run_address>
         <size>0x24</size>
         <input_file_ref idref="fl-26"/>
      </object_component>
      <object_component id="oc-a80">
         <name>.text:List_remove</name>
         <load_address>0x4838</load_address>
         <run_address>0x4838</run_address>
         <size>0x24</size>
         <input_file_ref idref="fl-1d"/>
      </object_component>
      <object_component id="oc-3ff">
         <name>.text:TimerP_getMaxTicks</name>
         <load_address>0x485c</load_address>
         <run_address>0x485c</run_address>
         <size>0x24</size>
         <input_file_ref idref="fl-30"/>
      </object_component>
      <object_component id="oc-dd">
         <name>.text:_c_int00:_c_int00</name>
         <load_address>0x4880</load_address>
         <run_address>0x4880</run_address>
         <size>0x24</size>
         <input_file_ref idref="fl-107"/>
      </object_component>
      <object_component id="oc-2f5">
         <name>.text:sleepTicks</name>
         <load_address>0x48a4</load_address>
         <run_address>0x48a4</run_address>
         <size>0x24</size>
         <input_file_ref idref="fl-2f"/>
      </object_component>
      <object_component id="oc-a8f">
         <name>.text:List_put</name>
         <load_address>0x48c8</load_address>
         <run_address>0x48c8</run_address>
         <size>0x22</size>
         <input_file_ref idref="fl-1d"/>
      </object_component>
      <object_component id="oc-5ed">
         <name>.text:ClockP_add</name>
         <load_address>0x48ec</load_address>
         <run_address>0x48ec</run_address>
         <size>0x20</size>
         <input_file_ref idref="fl-2f"/>
      </object_component>
      <object_component id="oc-700">
         <name>.text:GPTimerCC26XXReverseLookupMask</name>
         <load_address>0x490c</load_address>
         <run_address>0x490c</run_address>
         <size>0x20</size>
         <input_file_ref idref="fl-26"/>
      </object_component>
      <object_component id="oc-1f5">
         <name>.text:NOROM_SetupGetTrimForXoscHfCtl</name>
         <load_address>0x492c</load_address>
         <run_address>0x492c</run_address>
         <size>0x20</size>
         <input_file_ref idref="fl-41"/>
      </object_component>
      <object_component id="oc-4f6">
         <name>.text:PINCC26XX_setIoCfgMux</name>
         <load_address>0x494c</load_address>
         <run_address>0x494c</run_address>
         <size>0x20</size>
         <input_file_ref idref="fl-21"/>
      </object_component>
      <object_component id="oc-950">
         <name>.text:Power_unregisterNotify</name>
         <load_address>0x496c</load_address>
         <run_address>0x496c</run_address>
         <size>0x20</size>
         <input_file_ref idref="fl-22"/>
      </object_component>
      <object_component id="oc-9f2">
         <name>.text:threadSafeStdbyDisRelease</name>
         <load_address>0x498c</load_address>
         <run_address>0x498c</run_address>
         <size>0x20</size>
         <input_file_ref idref="fl-28"/>
      </object_component>
      <object_component id="oc-9ec">
         <name>.text:threadSafeStdbyDisSet</name>
         <load_address>0x49ac</load_address>
         <run_address>0x49ac</run_address>
         <size>0x20</size>
         <input_file_ref idref="fl-28"/>
      </object_component>
      <object_component id="oc-93e">
         <name>.text:PIN_close</name>
         <load_address>0x49cc</load_address>
         <run_address>0x49cc</run_address>
         <size>0x1e</size>
         <input_file_ref idref="fl-21"/>
      </object_component>
      <object_component id="oc-7a4">
         <name>.text:Power_getTransitionLatency</name>
         <load_address>0x49ea</load_address>
         <run_address>0x49ea</run_address>
         <size>0x1e</size>
         <input_file_ref idref="fl-22"/>
      </object_component>
      <object_component id="oc-4ea">
         <name>.text:SemaphoreP_constructBinary</name>
         <load_address>0x4a08</load_address>
         <run_address>0x4a08</run_address>
         <size>0x1e</size>
         <input_file_ref idref="fl-2d"/>
      </object_component>
      <object_component id="oc-944">
         <name>.text:HwiP_destruct</name>
         <load_address>0x4a28</load_address>
         <run_address>0x4a28</run_address>
         <size>0x1c</size>
         <input_file_ref idref="fl-31"/>
      </object_component>
      <object_component id="oc-10c">
         <name>.text:NOROM_ChipInfo_GetChipFamily</name>
         <load_address>0x4a44</load_address>
         <run_address>0x4a44</run_address>
         <size>0x1c</size>
         <input_file_ref idref="fl-39"/>
      </object_component>
      <object_component id="oc-1d7">
         <name>.text:NOROM_SetupGetTrimForAmpcompTh2</name>
         <load_address>0x4a60</load_address>
         <run_address>0x4a60</run_address>
         <size>0x1c</size>
         <input_file_ref idref="fl-41"/>
      </object_component>
      <object_component id="oc-1cb">
         <name>.text:NOROM_SetupGetTrimForRcOscLfRtuneCtuneTrim</name>
         <load_address>0x4a7c</load_address>
         <run_address>0x4a7c</run_address>
         <size>0x1c</size>
         <input_file_ref idref="fl-41"/>
      </object_component>
      <object_component id="oc-50b">
         <name>.text:PIN_hwi</name>
         <load_address>0x4a98</load_address>
         <run_address>0x4a98</run_address>
         <size>0x1c</size>
         <input_file_ref idref="fl-21"/>
      </object_component>
      <object_component id="oc-23d">
         <name>.text:Peripheral_init</name>
         <load_address>0x4ab4</load_address>
         <run_address>0x4ab4</run_address>
         <size>0x1c</size>
         <input_file_ref idref="fl-c"/>
      </object_component>
      <object_component id="oc-628">
         <name>.text:QueueP_put</name>
         <load_address>0x4ad0</load_address>
         <run_address>0x4ad0</run_address>
         <size>0x1c</size>
         <input_file_ref idref="fl-34"/>
      </object_component>
      <object_component id="oc-8e8">
         <name>.text:SwiP_disable</name>
         <load_address>0x4aec</load_address>
         <run_address>0x4aec</run_address>
         <size>0x1c</size>
         <input_file_ref idref="fl-2e"/>
      </object_component>
      <object_component id="oc-69a">
         <name>.text:SwiP_or</name>
         <load_address>0x4b08</load_address>
         <run_address>0x4b08</run_address>
         <size>0x1c</size>
         <input_file_ref idref="fl-2e"/>
      </object_component>
      <object_component id="oc-5b9">
         <name>.text:TimerP_dynamicStub</name>
         <load_address>0x4b24</load_address>
         <run_address>0x4b24</run_address>
         <size>0x1c</size>
         <input_file_ref idref="fl-30"/>
      </object_component>
      <object_component id="oc-885">
         <name>.text:PWMTimerCC26XX_control</name>
         <load_address>0x4b40</load_address>
         <run_address>0x4b40</run_address>
         <size>0x1a</size>
         <input_file_ref idref="fl-25"/>
      </object_component>
      <object_component id="oc-8bb">
         <name>.text:QueueP_get</name>
         <load_address>0x4b5a</load_address>
         <run_address>0x4b5a</run_address>
         <size>0x1a</size>
         <input_file_ref idref="fl-34"/>
      </object_component>
      <object_component id="oc-2be">
         <name>.text:CC1310_LAUNCHXL_initGeneral</name>
         <load_address>0x4b74</load_address>
         <run_address>0x4b74</run_address>
         <size>0x18</size>
         <input_file_ref idref="fl-6"/>
      </object_component>
      <object_component id="oc-5ff">
         <name>.text:ClockP_destruct</name>
         <load_address>0x4b8c</load_address>
         <run_address>0x4b8c</run_address>
         <size>0x18</size>
         <input_file_ref idref="fl-2f"/>
      </object_component>
      <object_component id="oc-a9d">
         <name>.text:HwiP_inISR</name>
         <load_address>0x4ba4</load_address>
         <run_address>0x4ba4</run_address>
         <size>0x18</size>
         <input_file_ref idref="fl-31"/>
      </object_component>
      <object_component id="oc-7e4">
         <name>.text:NOROM_AONRTCCurrentCompareValueGet</name>
         <load_address>0x4bbc</load_address>
         <run_address>0x4bbc</run_address>
         <size>0x18</size>
         <input_file_ref idref="fl-37"/>
      </object_component>
      <object_component id="oc-4d8">
         <name>.text:NOROM_ChipInfo_GetPackageType</name>
         <load_address>0x4bd4</load_address>
         <run_address>0x4bd4</run_address>
         <size>0x18</size>
         <input_file_ref idref="fl-39"/>
      </object_component>
      <object_component id="oc-7f0">
         <name>.text:NOROM_OSCHF_TurnOnXosc</name>
         <load_address>0x4bec</load_address>
         <run_address>0x4bec</run_address>
         <size>0x18</size>
         <input_file_ref idref="fl-3e"/>
      </object_component>
      <object_component id="oc-1e9">
         <name>.text:NOROM_SetupGetTrimForAdcShModeEn</name>
         <load_address>0x4c04</load_address>
         <run_address>0x4c04</run_address>
         <size>0x18</size>
         <input_file_ref idref="fl-41"/>
      </object_component>
      <object_component id="oc-1ef">
         <name>.text:NOROM_SetupGetTrimForAdcShVbufEn</name>
         <load_address>0x4c1c</load_address>
         <run_address>0x4c1c</run_address>
         <size>0x18</size>
         <input_file_ref idref="fl-41"/>
      </object_component>
      <object_component id="oc-1dd">
         <name>.text:NOROM_SetupGetTrimForAmpcompTh1</name>
         <load_address>0x4c34</load_address>
         <run_address>0x4c34</run_address>
         <size>0x18</size>
         <input_file_ref idref="fl-41"/>
      </object_component>
      <object_component id="oc-1fb">
         <name>.text:NOROM_SetupGetTrimForDblrLoopFilterResetVoltage</name>
         <load_address>0x4c4c</load_address>
         <run_address>0x4c4c</run_address>
         <size>0x18</size>
         <input_file_ref idref="fl-41"/>
      </object_component>
      <object_component id="oc-201">
         <name>.text:NOROM_SetupGetTrimForRcOscLfIBiasTrim</name>
         <load_address>0x4c64</load_address>
         <run_address>0x4c64</run_address>
         <size>0x18</size>
         <input_file_ref idref="fl-41"/>
      </object_component>
      <object_component id="oc-207">
         <name>.text:NOROM_SetupGetTrimForXoscLfRegulatorAndCmirrwrRatio</name>
         <load_address>0x4c7c</load_address>
         <run_address>0x4c7c</run_address>
         <size>0x18</size>
         <input_file_ref idref="fl-41"/>
      </object_component>
      <object_component id="oc-76b">
         <name>.text:Power_idleFunc</name>
         <load_address>0x4c94</load_address>
         <run_address>0x4c94</run_address>
         <size>0x18</size>
         <input_file_ref idref="fl-22"/>
      </object_component>
      <object_component id="oc-381">
         <name>.text:UART_Params_init</name>
         <load_address>0x4cac</load_address>
         <run_address>0x4cac</run_address>
         <size>0x18</size>
         <input_file_ref idref="fl-27"/>
      </object_component>
      <object_component id="oc-13e">
         <name>.text:_args_main</name>
         <load_address>0x4cc4</load_address>
         <run_address>0x4cc4</run_address>
         <size>0x18</size>
         <input_file_ref idref="fl-10e"/>
      </object_component>
      <object_component id="oc-748">
         <name>.text</name>
         <load_address>0x4cdc</load_address>
         <run_address>0x4cdc</run_address>
         <size>0x18</size>
         <input_file_ref idref="fl-fe"/>
      </object_component>
      <object_component id="oc-b8">
         <name>.text:NOROM_ThisLibraryIsFor_CC13x0_HwRev20AndLater_HaltIfViolated</name>
         <load_address>0x4cf4</load_address>
         <run_address>0x4cf4</run_address>
         <size>0x16</size>
         <input_file_ref idref="fl-39"/>
      </object_component>
      <object_component id="oc-422">
         <name>.text:NOROM_AONRTCCurrent64BitValueGet</name>
         <load_address>0x4d0c</load_address>
         <run_address>0x4d0c</run_address>
         <size>0x14</size>
         <input_file_ref idref="fl-37"/>
      </object_component>
      <object_component id="oc-a78">
         <name>.text:NOROM_IntUnregister</name>
         <load_address>0x4d20</load_address>
         <run_address>0x4d20</run_address>
         <size>0x14</size>
         <input_file_ref idref="fl-3d"/>
      </object_component>
      <object_component id="oc-307">
         <name>.text:PINCC26XX_getOutputValue</name>
         <load_address>0x4d34</load_address>
         <run_address>0x4d34</run_address>
         <size>0x14</size>
         <input_file_ref idref="fl-21"/>
      </object_component>
      <object_component id="oc-579">
         <name>.text:PWM_Params_init</name>
         <load_address>0x4d48</load_address>
         <run_address>0x4d48</run_address>
         <size>0x14</size>
         <input_file_ref idref="fl-24"/>
      </object_component>
      <object_component id="oc-aa3">
         <name>.text:Power_disablePolicy</name>
         <load_address>0x4d5c</load_address>
         <run_address>0x4d5c</run_address>
         <size>0x14</size>
         <input_file_ref idref="fl-22"/>
      </object_component>
      <object_component id="oc-59b">
         <name>.text:SwiP_handleHwi</name>
         <load_address>0x4d70</load_address>
         <run_address>0x4d70</run_address>
         <size>0x14</size>
         <input_file_ref idref="fl-2e"/>
      </object_component>
      <object_component id="oc-5b3">
         <name>.text:TimerP_startup</name>
         <load_address>0x4d84</load_address>
         <run_address>0x4d84</run_address>
         <size>0x14</size>
         <input_file_ref idref="fl-30"/>
      </object_component>
      <object_component id="oc-665">
         <name>.text:configureRFCoreClocks</name>
         <load_address>0x4d98</load_address>
         <run_address>0x4d98</run_address>
         <size>0x14</size>
         <input_file_ref idref="fl-22"/>
      </object_component>
      <object_component id="oc-25">
         <name>.text:resetISR</name>
         <load_address>0x4dac</load_address>
         <run_address>0x4dac</run_address>
         <size>0x14</size>
         <input_file_ref idref="fl-33"/>
      </object_component>
      <object_component id="oc-a24">
         <name>.text:GPTimerCC26XX_Params_init</name>
         <load_address>0x4dc0</load_address>
         <run_address>0x4dc0</run_address>
         <size>0x12</size>
         <input_file_ref idref="fl-26"/>
      </object_component>
      <object_component id="oc-4fc">
         <name>.text:HwiP_Params_init</name>
         <load_address>0x4dd2</load_address>
         <run_address>0x4dd2</run_address>
         <size>0x12</size>
         <input_file_ref idref="fl-31"/>
      </object_component>
      <object_component id="oc-9b7">
         <name>.text:RingBuf_construct</name>
         <load_address>0x4de4</load_address>
         <run_address>0x4de4</run_address>
         <size>0x12</size>
         <input_file_ref idref="fl-2a"/>
      </object_component>
      <object_component id="oc-492">
         <name>.text:ClockP_Params_init</name>
         <load_address>0x4df8</load_address>
         <run_address>0x4df8</run_address>
         <size>0x10</size>
         <input_file_ref idref="fl-2f"/>
      </object_component>
      <object_component id="oc-a6d">
         <name>.text:ClockP_getCpuFreq</name>
         <load_address>0x4e08</load_address>
         <run_address>0x4e08</run_address>
         <size>0x10</size>
         <input_file_ref idref="fl-2f"/>
      </object_component>
      <object_component id="oc-51c">
         <name>.text:HwiP_disable</name>
         <load_address>0x4e18</load_address>
         <run_address>0x4e18</run_address>
         <size>0x10</size>
         <input_file_ref idref="fl-31"/>
      </object_component>
      <object_component id="oc-988">
         <name>.text:HwiP_disableInterrupt</name>
         <load_address>0x4e28</load_address>
         <run_address>0x4e28</run_address>
         <size>0x10</size>
         <input_file_ref idref="fl-31"/>
      </object_component>
      <object_component id="oc-994">
         <name>.text:HwiP_enableInterrupt</name>
         <load_address>0x4e38</load_address>
         <run_address>0x4e38</run_address>
         <size>0x10</size>
         <input_file_ref idref="fl-31"/>
      </object_component>
      <object_component id="oc-762">
         <name>.text:HwiP_post</name>
         <load_address>0x4e48</load_address>
         <run_address>0x4e48</run_address>
         <size>0x10</size>
         <input_file_ref idref="fl-31"/>
      </object_component>
      <object_component id="oc-36c">
         <name>.text:I2C_Params_init</name>
         <load_address>0x4e58</load_address>
         <run_address>0x4e58</run_address>
         <size>0x10</size>
         <input_file_ref idref="fl-1f"/>
      </object_component>
      <object_component id="oc-215">
         <name>.text:NOROM_SetupGetTrimForXoscHfFastStart</name>
         <load_address>0x4e68</load_address>
         <run_address>0x4e68</run_address>
         <size>0x10</size>
         <input_file_ref idref="fl-41"/>
      </object_component>
      <object_component id="oc-1d1">
         <name>.text:NOROM_SetupGetTrimForXoscHfIbiastherm</name>
         <load_address>0x4e78</load_address>
         <run_address>0x4e78</run_address>
         <size>0x10</size>
         <input_file_ref idref="fl-41"/>
      </object_component>
      <object_component id="oc-4de">
[...]
         <value>0x4e09</value>
         <object_component_ref idref="oc-a6d"/>
      </symbol>
      <symbol id="sm-c93">
         <name>ClockP_getTicks</name>
         <value>0x47cd</value>
         <object_component_ref idref="oc-633"/>
      </symbol>
      <symbol id="sm-c94">
         <name>ClockP_add</name>
         <value>0x48ed</value>
         <object_component_ref idref="oc-5ed"/>
      </symbol>
      <symbol id="sm-d29">
         <name>TimerP_setNextTick</name>
         <value>0x4201</value>
         <object_component_ref idref="oc-75b"/>
      </symbol>
      <symbol id="sm-d2a">
         <name>TimerP_getCurrentTick</name>
         <value>0x4561</value>
         <object_component_ref idref="oc-5c2"/>
      </symbol>
      <symbol id="sm-d2b">
         <name>TimerP_getCount64</name>
         <value>0x5063</value>
         <object_component_ref idref="oc-2ef"/>
      </symbol>
      <symbol id="sm-d2c">
         <name>TimerP_setThreshold</name>
         <value>0x4591</value>
         <object_component_ref idref="oc-8cd"/>
      </symbol>
      <symbol id="sm-d2d">
         <name>TimerP_dynamicStub</name>
         <value>0x4b25</value>
         <object_component_ref idref="oc-5b9"/>
      </symbol>
      <symbol id="sm-d2e">
         <name>TimerP_getMaxTicks</name>
         <value>0x485d</value>
         <object_component_ref idref="oc-3ff"/>
      </symbol>
      <symbol id="sm-d2f">
         <name>TimerP_construct</name>
         <value>0x1fc9</value>
         <object_component_ref idref="oc-3f9"/>
      </symbol>
      <symbol id="sm-d30">
         <name>TimerP_getFreq</name>
         <value>0x4fa1</value>
         <object_component_ref idref="oc-405"/>
      </symbol>
      <symbol id="sm-d31">
         <name>TimerP_initDevice</name>
         <value>0x43a5</value>
         <object_component_ref idref="oc-5a8"/>
      </symbol>
      <symbol id="sm-d32">
         <name>TimerP_startup</name>
         <value>0x4d85</value>
         <object_component_ref idref="oc-5b3"/>
      </symbol>
      <symbol id="sm-d33">
         <name>TimerP_start</name>
         <value>0x2ed5</value>
         <object_component_ref idref="oc-740"/>
      </symbol>
      <symbol id="sm-d34">
         <name>TimerP_Params_init</name>
         <value>0x4ed9</value>
         <object_component_ref idref="oc-3f3"/>
      </symbol>
      <symbol id="sm-db9">
         <name>HwiP_construct</name>
         <value>0x2d75</value>
         <object_component_ref idref="oc-502"/>
      </symbol>
      <symbol id="sm-dba">
         <name>HwiP_inISR</name>
         <value>0x4ba5</value>
         <object_component_ref idref="oc-a9d"/>
      </symbol>
      <symbol id="sm-dbb">
         <name>HwiP_destruct</name>
         <value>0x4a29</value>
         <object_component_ref idref="oc-944"/>
      </symbol>
      <symbol id="sm-dbc">
         <name>HwiP_swiPIntNum</name>
         <value>0x20000944</value>
         <object_component_ref idref="oc-598"/>
      </symbol>
      <symbol id="sm-dbd">
         <name>HwiP_Params_init</name>
         <value>0x4dd3</value>
         <object_component_ref idref="oc-4fc"/>
      </symbol>
      <symbol id="sm-dbe">
         <name>HwiP_disable</name>
         <value>0x4e19</value>
         <object_component_ref idref="oc-51c"/>
      </symbol>
      <symbol id="sm-dbf">
         <name>HwiP_enableInterrupt</name>
         <value>0x4e39</value>
         <object_component_ref idref="oc-994"/>
      </symbol>
      <symbol id="sm-dc0">
         <name>HwiP_post</name>
         <value>0x4e49</value>
         <object_component_ref idref="oc-762"/>
      </symbol>
      <symbol id="sm-dc1">
         <name>HwiP_enable</name>
         <value>0x5057</value>
         <object_component_ref idref="oc-237"/>
      </symbol>
      <symbol id="sm-dc2">
         <name>HwiP_restore</name>
         <value>0x4fef</value>
         <object_component_ref idref="oc-522"/>
      </symbol>
      <symbol id="sm-dc3">
         <name>HwiP_disableInterrupt</name>
         <value>0x4e29</value>
         <object_component_ref idref="oc-988"/>
      </symbol>
      <symbol id="sm-dfe">
         <name>PowerCC26XX_schedulerDisable</name>
         <value>0x4e99</value>
         <object_component_ref idref="oc-8dc"/>
      </symbol>
      <symbol id="sm-dff">
         <name>PowerCC26XX_schedulerRestore</name>
         <value>0x4f71</value>
         <object_component_ref idref="oc-8e2"/>
      </symbol>
      <symbol id="sm-e00">
         <name>PowerCC26XX_standbyPolicy</name>
         <value>0x15a5</value>
         <object_component_ref idref="oc-63a"/>
      </symbol>
      <symbol id="sm-e31">
         <name>resetISR</name>
         <value>0x4dad</value>
         <object_component_ref idref="oc-25"/>
      </symbol>
      <symbol id="sm-e32">
         <name>g_pfnVectors</name>
         <value>0x0</value>
         <object_component_ref idref="oc-15"/>
      </symbol>
      <symbol id="sm-e6f">
         <name>QueueP_next</name>
         <value>0x505f</value>
         <object_component_ref idref="oc-754"/>
      </symbol>
      <symbol id="sm-e70">
         <name>QueueP_put</name>
         <value>0x4ad1</value>
         <object_component_ref idref="oc-628"/>
      </symbol>
      <symbol id="sm-e71">
         <name>QueueP_remove</name>
         <value>0x4f25</value>
         <object_component_ref idref="oc-782"/>
      </symbol>
      <symbol id="sm-e72">
         <name>QueueP_head</name>
         <value>0x505b</value>
         <object_component_ref idref="oc-74e"/>
      </symbol>
      <symbol id="sm-e73">
         <name>QueueP_init</name>
         <value>0x5039</value>
         <object_component_ref idref="oc-3e1"/>
      </symbol>
      <symbol id="sm-e74">
         <name>QueueP_empty</name>
         <value>0x4f17</value>
         <object_component_ref idref="oc-8c1"/>
      </symbol>
      <symbol id="sm-e75">
         <name>QueueP_get</name>
         <value>0x4b5b</value>
         <object_component_ref idref="oc-8bb"/>
      </symbol>
      <symbol id="sm-e91">
         <name>SafeHapiVoid</name>
         <value>0x47a5</value>
         <object_component_ref idref="oc-7de"/>
      </symbol>
      <symbol id="sm-e9e">
         <name>NOROM_AONBatMonTemperatureGetDegC</name>
         <value>0x4755</value>
         <object_component_ref idref="oc-914"/>
      </symbol>
      <symbol id="sm-ebd">
         <name>NOROM_AONRTCCurrentCompareValueGet</name>
         <value>0x4bbd</value>
         <object_component_ref idref="oc-7e4"/>
      </symbol>
      <symbol id="sm-ebe">
         <name>NOROM_AONRTCCurrent64BitValueGet</name>
         <value>0x4d0d</value>
         <object_component_ref idref="oc-422"/>
      </symbol>
      <symbol id="sm-ef7">
         <name>NOROM_ChipInfo_GetChipType</name>
         <value>0x4471</value>
         <object_component_ref idref="oc-4d2"/>
      </symbol>
      <symbol id="sm-ef8">
         <name>NOROM_ChipInfo_GetHwRevision</name>
         <value>0x3ff9</value>
         <object_component_ref idref="oc-112"/>
      </symbol>
      <symbol id="sm-ef9">
         <name>NOROM_ThisLibraryIsFor_CC13x0_HwRev20AndLater_HaltIfViolated</name>
         <value>0x4cf5</value>
         <object_component_ref idref="oc-b8"/>
      </symbol>
      <symbol id="sm-efa">
         <name>NOROM_ChipInfo_GetChipFamily</name>
         <value>0x4a45</value>
         <object_component_ref idref="oc-10c"/>
      </symbol>
      <symbol id="sm-efb">
         <name>NOROM_ChipInfo_GetPackageType</name>
         <value>0x4bd5</value>
         <object_component_ref idref="oc-4d8"/>
      </symbol>
      <symbol id="sm-f0f">
         <name>NOROM_CPUdelay</name>
         <value>0x5033</value>
         <object_component_ref idref="oc-936"/>
      </symbol>
      <symbol id="sm-f10">
         <name>NOROM_CPUcpsie</name>
         <value>0x4f59</value>
         <object_component_ref idref="oc-2a3"/>
      </symbol>
      <symbol id="sm-f11">
         <name>NOROM_CPUcpsid</name>
         <value>0x4f4d</value>
         <object_component_ref idref="oc-6c"/>
      </symbol>
      <symbol id="sm-f17">
         <name>driverlib_release_0_55724</name>
         <value>0x200006ed</value>
      </symbol>
      <symbol id="sm-f45">
         <name>NOROM_IntUnregister</name>
         <value>0x4d21</value>
         <object_component_ref idref="oc-a78"/>
      </symbol>
      <symbol id="sm-f46">
         <name>NOROM_IntRegister</name>
         <value>0x42a1</value>
         <object_component_ref idref="oc-68b"/>
      </symbol>
      <symbol id="sm-f47">
         <name>g_pfnRAMVectors</name>
         <value>0x20000d00</value>
         <object_component_ref idref="oc-807"/>
      </symbol>
      <symbol id="sm-fa7">
         <name>NOROM_OSCHF_TurnOnXosc</name>
         <value>0x4bed</value>
         <object_component_ref idref="oc-7f0"/>
      </symbol>
      <symbol id="sm-fa8">
         <name>NOROM_OSC_HPOSCRelativeFrequencyOffsetToRFCoreFormatConvert</name>
         <value>0x4f65</value>
         <object_component_ref idref="oc-920"/>
      </symbol>
      <symbol id="sm-fa9">
         <name>NOROM_OSCHF_AttemptToSwitchToXosc</name>
         <value>0x33c1</value>
         <object_component_ref idref="oc-655"/>
      </symbol>
      <symbol id="sm-faa">
         <name>NOROM_OSCClockSourceSet</name>
         <value>0x34e9</value>
         <object_component_ref idref="oc-221"/>
      </symbol>
      <symbol id="sm-fab">
         <name>NOROM_OSCClockSourceGet</name>
         <value>0x46a5</value>
         <object_component_ref idref="oc-21b"/>
      </symbol>
      <symbol id="sm-fac">
         <name>NOROM_OSCHF_SwitchToRcOscTurnOffXosc</name>
         <value>0x42d5</value>
         <object_component_ref idref="oc-7f6"/>
      </symbol>
      <symbol id="sm-fad">
         <name>NOROM_OSC_HPOSCRelativeFrequencyOffsetGet</name>
         <value>0x4035</value>
         <object_component_ref idref="oc-91a"/>
      </symbol>
      <symbol id="sm-fe2">
         <name>NOROM_SetupTrimDevice</name>
         <value>0x2121</value>
         <object_component_ref idref="oc-72"/>
      </symbol>
      <symbol id="sm-10f1">
         <name>NOROM_SetupGetTrimForRadcExtCfg</name>
         <value>0x46d1</value>
         <object_component_ref idref="oc-20d"/>
      </symbol>
      <symbol id="sm-10f2">
         <name>NOROM_SetupGetTrimForAmpcompCtrl</name>
         <value>0x3019</value>
         <object_component_ref idref="oc-1e3"/>
      </symbol>
      <symbol id="sm-10f3">
         <name>NOROM_SetupSetAonRtcSubSecInc</name>
         <value>0x44a1</value>
         <object_component_ref idref="oc-227"/>
      </symbol>
      <symbol id="sm-10f4">
         <name>NOROM_SetupGetTrimForAnabypassValue1</name>
         <value>0x3081</value>
         <object_component_ref idref="oc-1bf"/>
      </symbol>
      <symbol id="sm-10f5">
         <name>NOROM_SetupGetTrimForXoscHfIbiastherm</name>
         <value>0x4e79</value>
         <object_component_ref idref="oc-1d1"/>
      </symbol>
      <symbol id="sm-10f6">
         <name>NOROM_SetupGetTrimForRcOscLfIBiasTrim</name>
         <value>0x4c65</value>
         <object_component_ref idref="oc-201"/>
      </symbol>
      <symbol id="sm-10f7">
         <name>NOROM_SetupSetCacheModeAccordingToCcfgSetting</name>
         <value>0x38d9</value>
         <object_component_ref idref="oc-be"/>
      </symbol>
      <symbol id="sm-10f8">
         <name>NOROM_SetupAfterColdResetWakeupFromShutDownCfg1</name>
         <value>0x226d</value>
         <object_component_ref idref="oc-11a"/>
      </symbol>
      <symbol id="sm-10f9">
         <name>NOROM_SetupAfterColdResetWakeupFromShutDownCfg3</name>
         <value>0x124d</value>
         <object_component_ref idref="oc-126"/>
      </symbol>
      <symbol id="sm-10fa">
         <name>NOROM_SetupAfterColdResetWakeupFromShutDownCfg2</name>
         <value>0x16a5</value>
         <object_component_ref idref="oc-120"/>
      </symbol>
      <symbol id="sm-10fb">
         <name>NOROM_SetupGetTrimForRcOscLfRtuneCtuneTrim</name>
         <value>0x4a7d</value>
         <object_component_ref idref="oc-1cb"/>
      </symbol>
      <symbol id="sm-10fc">
         <name>NOROM_SetupGetTrimForXoscHfFastStart</name>
         <value>0x4e69</value>
         <object_component_ref idref="oc-215"/>
      </symbol>
      <symbol id="sm-10fd">
         <name>NOROM_SetupGetTrimForXoscLfRegulatorAndCmirrwrRatio</name>
         <value>0x4c7d</value>
         <object_component_ref idref="oc-207"/>
      </symbol>
      <symbol id="sm-10fe">
         <name>NOROM_SetupGetTrimForXoscHfCtl</name>
         <value>0x492d</value>
         <object_component_ref idref="oc-1f5"/>
      </symbol>
      <symbol id="sm-10ff">
         <name>NOROM_SetupGetTrimForDblrLoopFilterResetVoltage</name>
         <value>0x4c4d</value>
         <object_component_ref idref="oc-1fb"/>
      </symbol>
      <symbol id="sm-1100">
         <name>NOROM_SetupGetTrimForAdcShModeEn</name>
         <value>0x4c05</value>
         <object_component_ref idref="oc-1e9"/>
      </symbol>
      <symbol id="sm-1101">
         <name>NOROM_SetupGetTrimForAdcShVbufEn</name>
         <value>0x4c1d</value>
         <object_component_ref idref="oc-1ef"/>
      </symbol>
      <symbol id="sm-1102">
         <name>NOROM_SetupSetVddrLevel</name>
         <value>0x2e61</value>
         <object_component_ref idref="oc-1b8"/>
      </symbol>
      <symbol id="sm-1103">
         <name>NOROM_SetupGetTrimForAmpcompTh1</name>
         <value>0x4c35</value>
         <object_component_ref idref="oc-1dd"/>
      </symbol>
      <symbol id="sm-1104">
         <name>NOROM_SetupGetTrimForAmpcompTh2</name>
         <value>0x4a61</value>
         <object_component_ref idref="oc-1d7"/>
      </symbol>
      <symbol id="sm-1156">
         <name>NOROM_SysCtrl_DCDC_VoltageConditionalControl</name>
         <value>0x3151</value>
         <object_component_ref idref="oc-798"/>
      </symbol>
      <symbol id="sm-1157">
         <name>NOROM_SysCtrlAdjustRechargeAfterPowerDown</name>
         <value>0x30e9</value>
         <object_component_ref idref="oc-900"/>
      </symbol>
      <symbol id="sm-1158">
         <name>NOROM_SysCtrlSetRechargeBeforePowerDown</name>
         <value>0x3d5</value>
         <object_component_ref idref="oc-8f4"/>
      </symbol>
      <symbol id="sm-1165">
         <name>NOROM_VIMSModeGet</name>
         <value>0x4f09</value>
         <object_component_ref idref="oc-7b6"/>
      </symbol>
      <symbol id="sm-1177">
         <name>NOROM_DDI32RegWrite</name>
         <value>0x4679</value>
         <object_component_ref idref="oc-1c5"/>
      </symbol>
      <symbol id="sm-1184">
         <name>__aeabi_uldivmod</name>
         <value>0x289d</value>
         <object_component_ref idref="oc-5ae"/>
      </symbol>
      <symbol id="sm-1193">
         <name>__aeabi_memset</name>
         <value>0x2cfb</value>
         <object_component_ref idref="oc-ac"/>
      </symbol>
      <symbol id="sm-1194">
         <name>memset</name>
         <value>0x2d01</value>
         <object_component_ref idref="oc-ac"/>
      </symbol>
      <symbol id="sm-1195">
         <name>__aeabi_memset8</name>
         <value>0x2cfb</value>
         <object_component_ref idref="oc-ac"/>
      </symbol>
      <symbol id="sm-1196">
         <name>__aeabi_memset4</name>
         <value>0x2cfb</value>
         <object_component_ref idref="oc-ac"/>
      </symbol>
      <symbol id="sm-1197">
         <name>__aeabi_memclr8</name>
         <value>0x2cf9</value>
         <object_component_ref idref="oc-ac"/>
      </symbol>
      <symbol id="sm-1198">
         <name>__aeabi_memclr4</name>
         <value>0x2cf9</value>
         <object_component_ref idref="oc-ac"/>
      </symbol>
      <symbol id="sm-1199">
         <name>__aeabi_memclr</name>
         <value>0x2cf9</value>
         <object_component_ref idref="oc-ac"/>
      </symbol>
      <symbol id="sm-11a4">
         <name>__aeabi_lmul</name>
         <value>0x4cdd</value>
         <object_component_ref idref="oc-748"/>
      </symbol>
      <symbol id="sm-11bf">
         <name>memcpy</name>
         <value>0x26d1</value>
         <object_component_ref idref="oc-54"/>
      </symbol>
      <symbol id="sm-11c0">
         <name>__aeabi_memcpy</name>
         <value>0x26d1</value>
         <object_component_ref idref="oc-54"/>
      </symbol>
      <symbol id="sm-11c1">
         <name>__aeabi_memcpy8</name>
         <value>0x26d1</value>
         <object_component_ref idref="oc-54"/>
      </symbol>
      <symbol id="sm-11c2">
         <name>__aeabi_memcpy4</name>
         <value>0x26d1</value>
         <object_component_ref idref="oc-54"/>
      </symbol>
      <symbol id="sm-11d5">
         <name>__TI_zero_init</name>
         <value>0x4fad</value>
         <object_component_ref idref="oc-66"/>
      </symbol>
      <symbol id="sm-11ec">
         <name>__TI_decompress_none</name>
         <value>0x4f33</value>
         <object_component_ref idref="oc-1e"/>
      </symbol>
      <symbol id="sm-120f">
         <name>__TI_decompress_lzss</name>
         <value>0x32f1</value>
         <object_component_ref idref="oc-18"/>
      </symbol>
      <symbol id="sm-1224">
         <name>_sys_memory</name>
         <value>0x20000b50</value>
         <object_component_ref idref="oc-2e"/>
      </symbol>
      <symbol id="sm-1238">
         <name>__stack</name>
         <value>0x20004c00</value>
         <object_component_ref idref="oc-31"/>
      </symbol>
      <symbol id="sm-1239">
         <name>_c_int00</name>
         <value>0x4881</value>
         <object_component_ref idref="oc-dd"/>
      </symbol>
      <symbol id="sm-1243">
         <name>__aeabi_idiv0</name>
         <value>0x3fbb</value>
         <object_component_ref idref="oc-73a"/>
      </symbol>
      <symbol id="sm-1244">
         <name>__aeabi_ldiv0</name>
         <value>0x3fbb</value>
         <object_component_ref idref="oc-73a"/>
      </symbol>
      <symbol id="sm-126c">
         <name>__TI_auto_init_nobinit_nopinit</name>
         <value>0x3d39</value>
         <object_component_ref idref="oc-265"/>
      </symbol>
      <symbol id="sm-1276">
         <name>_system_pre_init</name>
         <value>0x5067</value>
         <object_component_ref idref="oc-12e"/>
      </symbol>
      <symbol id="sm-1282">
         <name>C$$EXIT</name>
         <value>0x506b</value>
         <object_component_ref idref="oc-259"/>
      </symbol>
      <symbol id="sm-1283">
         <name>abort</name>
         <value>0x506b</value>
         <object_component_ref idref="oc-259"/>
      </symbol>
      <symbol id="sm-1298">
         <name>_args_main</name>
         <value>0x4cc5</value>
         <object_component_ref idref="oc-13e"/>
      </symbol>
      <symbol id="sm-1299">
         <name>__TI_static_base__</name>
         <value>0x0</value>
      </symbol>
      <symbol id="sm-129c">
         <name>__mpu_init</name>
         <value>0x0</value>
      </symbol>
      <symbol id="sm-129d">
         <name>_system_post_cinit</name>
         <value>0x0</value>
      </symbol>
      <symbol id="sm-129e">
         <name>usleep</name>
         <value>0x3489</value>
      </symbol>
      <symbol id="sm-129f">
         <name>NoRTOS_start</name>
         <value>0x5057</value>
      </symbol>
   </symbol_table>
   <title>Link successful</title>
</link_info>
