******************************************************************************
                  TI ARM Linker PC v18.12.2                    
******************************************************************************
>> Linked Sun Sep 29 20:45:48 2019

OUTPUT FILE NAME:   <CC1310_Clearn_Robot(ver_1.0).out>
ENTRY POINT SYMBOL: "resetISR"  address: 00008255


MEMORY CONFIGURATION

         name            origin    length      used     unused   attr    fill
----------------------  --------  ---------  --------  --------  ----  --------
  FLASH                 00000000   00020000  0000bd2a  000142d6  R  X
  SRAM                  20000000   00005000  00001c65  0000339b  RW X


SEGMENT ALLOCATION MAP

run origin  load origin   length   init length attrs members
----------  ----------- ---------- ----------- ----- -------
00000000    00000000    0000b84a   0000b84a    r-x
  00000000    00000000    000000c8   000000c8    r-- .intvecs
  000000c8    000000c8    000084cc   000084cc    r-x .text
  00008594    00008594    000032b6   000032b6    r-- .const
0000b84c    0000b84c    00000008   00000008    rw-
  0000b84c    0000b84c    00000008   00000008    rw- .args
0000b858    0000b858    00000480   00000480    r--
  0000b858    0000b858    00000480   00000480    r-- .cinit
0001ffa8    0001ffa8    00000058   00000058    r--
  0001ffa8    0001ffa8    00000058   00000058    r-- .ccfg
20000000    20000000    000017a8   00000000    rw-
  20000000    20000000    00000c59   00000000    rw- .bss
  20000c60    20000c60    00000a44   00000000    rw- .data
  200016a8    200016a8    00000100   00000000    rw- .sysmem
20001800    20001800    000000c8   00000000    rw-
  20001800    20001800    000000c8   00000000    rw- .vtable_ram
20004c00    20004c00    00000400   00000000    rw-
  20004c00    20004c00    00000400   00000000    rw- .stack


SECTION ALLOCATION MAP

 output                                  attributes/
section   page    origin      length       input sections
--------  ----  ----------  ----------   ----------------
.intvecs   0    00000000    000000c8     
                  00000000    000000c8     nortos_cc13x0.aem3 : startup_cc13xx_cc26xx_ccs.oem3 (.intvecs)

.text      0    000000c8    000084cc     
                  000000c8    00000648     EasyLink_nortos.obj (.text:EasyLink_init)
                  00000710    0000048c     rf_multiMode_cc13x0.aem3 : RFCC26XX_multiMode.oem3 (.text:RF_fsmActiveState)
                  00000b9c    0000030c     drivers_cc13x0.aem3 : PowerCC26XX_calibrateRCOSC.oem3 (.text:PowerCC26XX_auxISR)
                  00000ea8    00000288     rf_multiMode_cc13x0.aem3 : RFCC26XX_multiMode.oem3 (.text:RF_scheduleCmd)
                  00001130    00000228     driverlib.lib : sys_ctrl.obj (.text:NOROM_SysCtrlSetRechargeBeforePowerDown)
                  00001358    00000224     drivers_cc13x0.aem3 : PowerCC26XX.oem3 (.text:Power_sleep)
                  0000157c    00000204     EasyLink_nortos.obj (.text:EasyLink_transmit)
                  00001780    000001d8     rf_multiMode_cc13x0.aem3 : RFCC26XX_multiMode.oem3 (.text:RF_open)
                  00001958    000001b0     drivers_cc13x0.aem3 : PINCC26XX.oem3 (.text:PIN_init)
                  00001b08    00000190                         : PowerCC26XX_calibrateRCOSC.oem3 (.text:PowerCC26XX_doCalibrate)
                  00001c98    0000017c     pwm.obj (.text:PWM_Handler_Open)
                  00001e14    00000168     motor.obj (.text:DC_Motor_Manger)
                  00001f7c    00000164     drivers_cc13x0.aem3 : UARTCC26XX.oem3 (.text:UARTCC26XX_open)
                  000020e0    00000154     rf_multiMode_cc13x0.aem3 : RFCC26XX_multiMode.oem3 (.text:RF_fsmSetupState)
                  00002234    00000148     drivers_cc13x0.aem3 : UARTCC26XX.oem3 (.text:UARTCC26XX_hwiIntFxn)
                  0000237c    00000136                         : UARTCC26XX.oem3 (.text:UARTCC26XX_read)
                  000024b2    00000002     driverlib.lib : interrupt.obj (.text:IntDefaultHandler)
                  000024b4    00000134     rf_multiMode_cc13x0.aem3 : RFCC26XX_multiMode.oem3 (.text:RF_abortCmd)
                  000025e8    00000128     smartrf_settings.obj (.text:rf_patch_rfe_genfsk)
                  00002710    00000128     smartrf_settings_predefined.obj (.text:rf_patch_rfe_genfsk)
                  00002838    00000128     smartrf_settings_predefined.obj (.text:rf_patch_rfe_lrm)
                  00002960    00000128     smartrf_settings_predefined.obj (.text:rf_patch_rfe_sl_longrange)
                  00002a88    00000124     driverlib.lib : setup_rom.obj (.text:NOROM_SetupAfterColdResetWakeupFromShutDownCfg3)
                  00002bac    00000124     rf_multiMode_cc13x0.aem3 : RFCC26XX_multiMode.oem3 (.text:RF_dispatchNextCmd)
                  00002cd0    00000118                              : RFCC26XX_multiMode.oem3 (.text:RF_radioOpDoneCb)
                  00002de8    00000114     drivers_cc13x0.aem3 : PowerCC26XX.oem3 (.text:Power_init)
                  00002efc    00000110     rf_multiMode_cc13x0.aem3 : RFCC26XX_multiMode.oem3 (.text:RF_close)
                  0000300c    00000100     nortos_cc13x0.aem3 : PowerCC26XX_nortos.oem3 (.text:PowerCC26XX_standbyPolicy)
                  0000310c    000000f0     driverlib.lib : setup_rom.obj (.text:NOROM_SetupAfterColdResetWakeupFromShutDownCfg2)
                  000031fc    000000f0     drivers_cc13x0.aem3 : PINCC26XX.oem3 (.text:PINCC26XX_setIoCfg)
                  000032ec    000000e8     rf_multiMode_cc13x0.aem3 : RFCC26XX_multiMode.oem3 (.text:RF_fsmPowerUpState)
                  000033d4    000000e4     EasyLink_nortos.obj (.text:EasyLink_setRfPower)
                  000034b8    000000e4     pwm.obj (.text:PWM_Handler_Start)
                  0000359c    000000e4     pwm.obj (.text:PWM_Handler_Stop)
                  00003680    000000e2     drivers_cc13x0.aem3 : UARTCC26XX.oem3 (.text:UARTCC26XX_write)
                  00003762    00000002                         : PWMTimerCC26XX.oem3 (.text:PWMTimerCC26XX_init)
                  00003764    000000d8                         : PWMTimerCC26XX.oem3 (.text:PWMTimerCC26XX_open)
                  0000383c    000000d8     nortos_cc13x0.aem3 : SwiP_nortos.oem3 (.text:SwiP_construct)
                  00003914    000000d4     driverlib.lib : rfc.obj (.text:NOROM_RFCRfTrimRead)
                  000039e8    000000d4     rf_multiMode_cc13x0.aem3 : RFCC26XX_multiMode.oem3 (.text:RF_pendCmd)
                  00003abc    000000d0     drivers_cc13x0.aem3 : GPTimerCC26XX.oem3 (.text:GPTimerCC26XX_open)
                  00003b8c    000000cc     driverlib.lib : rfc.obj (.text:NOROM_RFCRTrim)
                  00003c58    000000cc     rf_multiMode_cc13x0.aem3 : RFCC26XX_multiMode.oem3 (.text:RF_swiHw)
                  00003d24    000000c4     driverlib.lib : setup.obj (.text:TrimAfterColdResetWakeupFromShutDown)
                  00003de8    000000c4     smartrf_settings_predefined.obj (.text:rf_patch_mce_sl_longrange)
                  00003eac    000000bc     drivers_cc13x0.aem3 : PowerCC26XX.oem3 (.text:Power_releaseDependency)
                  00003f68    000000b8     rf_multiMode_cc13x0.aem3 : RFCC26XX_multiMode.oem3 (.text:RF_postCmd)
                  00004020    000000b4     drivers_cc13x0.aem3 : PowerCC26XX.oem3 (.text:Power_setDependency)
                  000040d4    000000b0     rf_multiMode_cc13x0.aem3 : RFCC26XX_multiMode.oem3 (.text:RF_hwiCpe0Active)
                  00004184    000000b0     nortos_cc13x0.aem3 : TimerPCC26XX_nortos.oem3 (.text:TimerP_construct)
                  00004234    000000a8                        : ClockPTimer_nortos.oem3 (.text:ClockP_workFuncDynamic)
                  000042dc    000000a8     driverlib.lib : setup.obj (.text:NOROM_SetupTrimDevice)
                  00004384    000000a8     easyRF.obj (.text:RF_Send_Manager)
                  0000442c    000000a8     rf_multiMode_cc13x0.aem3 : RFCC26XX_multiMode.oem3 (.text:RF_ratRestartChannels)
                  000044d4    000000a4     drivers_cc13x0.aem3 : GPTimerCC26XX.oem3 (.text:GPTimerCC26XX_close)
                  00004578    000000a4     driverlib.lib : setup_rom.obj (.text:NOROM_SetupAfterColdResetWakeupFromShutDownCfg1)
                  0000461c    000000a4     drivers_cc13x0.aem3 : UARTCC26XX.oem3 (.text:UARTCC26XX_initHw)
                  000046c0    000000a4                         : PowerCC26XX.oem3 (.text:switchXOSCHFclockFunc)
                  00004764    000000a0                         : PINCC26XX.oem3 (.text:PIN_open)
                  00004804    000000a0     nortos_cc13x0.aem3 : SwiP_nortos.oem3 (.text:SwiP_dispatch)
                  000048a4    0000009c                        : ClockPTimer_nortos.oem3 (.text:ClockP_startup)
                  00004940    0000009c     drivers_cc13x0.aem3 : PWMTimerCC26XX.oem3 (.text:PWMTimerCC26XX_setDutyAndPeriod)
                  000049dc    0000009c     rf_multiMode_cc13x0.aem3 : RFCC26XX_multiMode.oem3 (.text:RF_calculateDispatchTime)
                  00004a78    0000009c     rtsv7M3_T_le_eabi.lib : memcpy_t2.asm.obj (.text)
                  00004b14    00000098     nortos_cc13x0.aem3 : SemaphoreP_nortos.oem3 (.text:SemaphoreP_pend)
                  00004bac    00000098     drivers_cc13x0.aem3 : UARTCC26XX.oem3 (.text:UARTCC26XX_initIO)
                  00004c44    00000096     rtsv7M3_T_le_eabi.lib : ull_div_t2.asm.obj (.text)
                  00004cda    00000002     rf_multiMode_cc13x0.aem3 : RFCC26XX_multiMode.oem3 (.text:RF_defaultCallback)
                  00004cdc    00000094     uart.obj (.text:Uart_Config_init)
                  00004d70    00000092     rtsv7M3_T_le_eabi.lib : fs_div_t2.asm.obj (.text)
                  00004e02    00000002     nortos_cc13x0.aem3 : SemaphoreP_nortos.oem3 (.text:SemaphoreP_destruct)
                  00004e04    00000090     rf_multiMode_cc13x0.aem3 : RFCC26XX_multiMode.oem3 (.text:RF_discardPendCmd)
                  00004e94    00000090     smartrf_settings.obj (.text:configureGenfskPatch)
                  00004f24    00000090     smartrf_settings_predefined.obj (.text:configureGenfskPatch)
                  00004fb4    00000090     smartrf_settings_predefined.obj (.text:configureLrmPatch)
                  00005044    00000090     smartrf_settings_predefined.obj (.text:configureSlLongrangePatch)
                  000050d4    0000008e     drivers_cc13x0.aem3 : UARTCC26XX.oem3 (.text:UARTCC26XX_writeCancel)
                  00005162    00000002     rtsv7M3_T_le_eabi.lib : _lock.c.obj (.text:_nop)
                  00005164    00000084     rf_multiMode_cc13x0.aem3 : RFCC26XX_multiMode.oem3 (.text:RF_issueRadioFreeCb)
                  000051e8    00000084     drivers_cc13x0.aem3 : UARTCC26XX.oem3 (.text:UARTCC26XX_close)
                  0000526c    00000080     nortos_cc13x0.aem3 : ClockPTimer_nortos.oem3 (.text:ClockP_start)
                  000052ec    00000080     drivers_cc13x0.aem3 : UARTCC26XX.oem3 (.text:writeTxFifoFlush)
                  0000536c    0000007e     rf_multiMode_cc13x0.aem3 : RFCC26XX_multiMode.oem3 (.text:RF_verifyGap)
                  000053ea    00000002     nortos_cc13x0.aem3 : SemaphoreP_nortos.oem3 (.text:clkFxn)
                  000053ec    0000007c     rf_multiMode_cc13x0.aem3 : RFCC26XX_multiMode.oem3 (.text:RF_ratFreeChannel)
                  00005468    0000007a     rtsv7M3_T_le_eabi.lib : memset_t2.asm.obj (.text)
                  000054e2    00000002     drivers_cc13x0.aem3 : PowerCC26XX.oem3 (.text:emptyClockFunc)
                  000054e4    00000078     nortos_cc13x0.aem3 : HwiPCC26XX_nortos.oem3 (.text:HwiP_construct)
                  0000555c    00000078     motor.obj (.text:Motor_Control_Timer)
                  000055d4    00000078     pwm.obj (.text:PWM_Params_Set)
                  0000564c    00000074     nortos_cc13x0.aem3 : ClockPTimer_nortos.oem3 (.text:ClockP_walkQueueDynamic)
                  000056c0    00000074     driverlib.lib : setup_rom.obj (.text:NOROM_SetupSetVddrLevel)
                  00005734    00000070     rf_multiMode_cc13x0.aem3 : RFCC26XX_multiMode.oem3 (.text:RF_hwiHw)
                  000057a4    00000070     nortos_cc13x0.aem3 : TimerPCC26XX_nortos.oem3 (.text:TimerP_start)
                  00005814    0000006c     drivers_cc13x0.aem3 : PowerCC26XX_calibrateRCOSC.oem3 (.text:PowerCC26XX_initiateCalibration)
                  00005880    0000006c     rf_multiMode_cc13x0.aem3 : RFCC26XX_multiMode.oem3 (.text:RF_initRadioSetup)
                  000058ec    00000068     driverlib.lib : setup_rom.obj (.text:NOROM_SetupGetTrimForAmpcompCtrl)
                  00005954    00000068                   : setup_rom.obj (.text:NOROM_SetupGetTrimForAnabypassValue1)
                  000059bc    00000068                   : sys_ctrl.obj (.text:NOROM_SysCtrlAdjustRechargeAfterPowerDown)
                  00005a24    00000068                   : sys_ctrl.obj (.text:NOROM_SysCtrl_DCDC_VoltageConditionalControl)
                  00005a8c    00000068     drivers_cc13x0.aem3 : PINCC26XX.oem3 (.text:PIN_add)
                  00005af4    00000068     sensor.obj (.text:Sensor_Manager)
                  00005b5c    00000068     nortos_cc13x0.aem3 : SwiP_nortos.oem3 (.text:SwiP_post)
                  00005bc4    00000068     timer.obj (.text:Timer_Config_init)
                  00005c2c    00000068     rtsv7M3_T_le_eabi.lib : copy_decompress_lzss.c.obj (.text:decompress:lzss:__TI_decompress_lzss)
                  00005c94    00000068     drivers_cc13x0.aem3 : PowerCC26XX.oem3 (.text:lfClockReadyCallback)
                  00005cfc    00000068     main.obj (.text:main)
                  00005d64    00000064     driverlib.lib : osc.obj (.text:NOROM_OSCHF_AttemptToSwitchToXosc)
                  00005dc8    00000064     rf_multiMode_cc13x0.aem3 : RFCC26XX_multiMode.oem3 (.text:RF_checkForPreemption)
                  00005e2c    00000064                              : RFCC26XX_multiMode.oem3 (.text:RF_dispatchNextEvent)
                  00005e90    00000064     drivers_cc13x0.aem3 : PowerCC26XX.oem3 (.text:configureXOSCHF)
                  00005ef4    00000060     nortos_cc13x0.aem3 : ClockPTimer_nortos.oem3 (.text:ClockP_usleep)
                  00005f54    00000060     driverlib.lib : osc.obj (.text:NOROM_OSCClockSourceSet)
                  00005fb4    00000060     drivers_cc13x0.aem3 : PowerCC26XX.oem3 (.text:PowerCC26XX_calibrate)
                  00006014    00000060     rf_multiMode_cc13x0.aem3 : RFCC26XX_multiMode.oem3 (.text:RF_getCurrentTime)
                  00006074    00000060     drivers_cc13x0.aem3 : UARTCC26XX.oem3 (.text:UARTCC26XX_control)
                  000060d4    00000060     EasyLink_nortos.obj (.text:calculateCmdTime)
                  00006134    0000005e     drivers_cc13x0.aem3 : UARTCC26XX.oem3 (.text:UARTCC26XX_swiIntFxn)
                  00006192    00000002     smartrf_settings.obj (.text:enterGenfskSysPatch)
                  00006194    0000005c     drivers_cc13x0.aem3 : PWMTimerCC26XX.oem3 (.text:PWMTimerCC26XX_setPeriod)
                  000061f0    0000005c                         : PowerCC26XX_calibrateRCOSC.oem3 (.text:PowerCC26XX_RCOSC_clockFunc)
                  0000624c    0000005c     rf_multiMode_cc13x0.aem3 : RFCC26XX_multiMode.oem3 (.text:RF_hwiCpe0PowerFsm)
                  000062a8    0000005c                              : RFCC26XX_multiMode.oem3 (.text:RF_syncCb)
                  00006304    0000005c     crc.obj (.text:crc16StrCalc)
                  00006360    0000005a     EasyLink_nortos.obj (.text:createTxAdvFromTx)
                  000063ba    00000002     smartrf_settings_predefined.obj (.text:enterGenfskSysPatch)
                  000063bc    00000058     drivers_cc13x0.aem3 : GPTimerCC26XX.oem3 (.text:GPTimerCC26XXHwiFxn)
                  00006414    00000058                         : GPTimerCC26XX.oem3 (.text:GPTimerCC26XX_stop)
                  0000646c    00000058                         : PINCC26XX.oem3 (.text:PIN_remove)
                  000064c4    00000058     rf_multiMode_cc13x0.aem3 : RFCC26XX_multiMode.oem3 (.text:RF_TxPowerTable_findValue)
                  0000651c    00000058                              : RFCC26XX_multiMode.oem3 (.text:RF_cmdDispatchTime)
                  00006574    00000054                              : RFCC26XX_multiMode.oem3 (.text:RF_applyRfCorePatch)
                  000065c8    00000054     timer.obj (.text:Timer_Interrupt_Handler1)
                  0000661c    00000050     driverlib.lib : setup_rom.obj (.text:NOROM_SetupSetCacheModeAccordingToCcfgSetting)
                  0000666c    00000050     drivers_cc13x0.aem3 : PWMTimerCC26XX.oem3 (.text:PWMTimerCC26XX_getdutyCounts)
                  000066bc    00000050     rf_multiMode_cc13x0.aem3 : RFCC26XX_multiMode.oem3 (.text:RF_fsmXOSCState)
                  0000670c    00000050                              : RFCC26XX_multiMode.oem3 (.text:RF_wakeupNotification)
                  0000675c    00000050     nortos_cc13x0.aem3 : SemaphoreP_nortos.oem3 (.text:SemaphoreP_construct)
                  000067ac    00000050     drivers_cc13x0.aem3 : UARTCC26XX.oem3 (.text:startTxFifoEmptyClk)
                  000067fc    0000004c                         : GPTimerCC26XX.oem3 (.text:GPTimerCC26XX_registerInterrupt)
                  00006848    0000004c                         : GPTimerCC26XX.oem3 (.text:GPTimerCC26XX_start)
                  00006894    0000004c     rf_multiMode_cc13x0.aem3 : RFCC26XX_multiMode.oem3 (.text:RF_setTxPower)
                  000068e0    0000004a     drivers_cc13x0.aem3 : UARTCC26XX.oem3 (.text:UARTCC26XX_readCancel)
                  0000692a    00000002     smartrf_settings_predefined.obj (.text:enterLrmSysPatch)
                  0000692c    00000048     nortos_cc13x0.aem3 : ClockPTimer_nortos.oem3 (.text:ClockP_construct)
                  00006974    00000048     drivers_cc13x0.aem3 : PINCC26XX.oem3 (.text:PIN_setOutputEnable)
                  000069bc    00000048     main.obj (.text:RunningLED)
                  00006a04    00000048     drivers_cc13x0.aem3 : UARTCC26XX.oem3 (.text:writeFinishedDoCallback)
                  00006a4c    00000044                         : PWMTimerCC26XX.oem3 (.text:PWMTimerCC26XX_setDuty)
                  00006a90    00000044                         : RingBuf.oem3 (.text:RingBuf_put)
                  00006ad4    00000044     nortos_cc13x0.aem3 : SwiP_nortos.oem3 (.text:SwiP_restore)
                  00006b18    00000044     rtsv7M3_T_le_eabi.lib : autoinit.c.obj (.text:__TI_auto_init_nobinit_nopinit:__TI_auto_init_nobinit_nopinit)
                  00006b5c    00000040     drivers_cc13x0.aem3 : PINCC26XX.oem3 (.text:PIN_swi)
                  00006b9c    00000040                         : PWM.oem3 (.text:PWM_init)
                  00006bdc    00000040                         : PWM.oem3 (.text:PWM_open)
                  00006c1c    00000040                         : UART.oem3 (.text:UART_init)
                  00006c5c    00000040                         : UART.oem3 (.text:UART_open)
                  00006c9c    0000003e                         : RingBuf.oem3 (.text:RingBuf_get)
                  00006cda    00000002     smartrf_settings_predefined.obj (.text:enterSlLongrangeSysPatch)
                  00006cdc    0000003c     driverlib.lib : chipinfo.obj (.text:NOROM_ChipInfo_GetHwRevision)
                  00006d18    0000003c                   : osc.obj (.text:NOROM_OSC_HPOSCRelativeFrequencyOffsetGet)
                  00006d54    0000003c                   : rfc.obj (.text:NOROM_RFCSynthPowerDown)
                  00006d90    0000003c     drivers_cc13x0.aem3 : PowerCC26XX.oem3 (.text:PowerCC26XX_isStableXOSC_HF)
                  00006dcc    0000003c     rf_multiMode_cc13x0.aem3 : RFCC26XX_multiMode.oem3 (.text:RF_cmdGet)
                  00006e08    0000003c                              : RFCC26XX_multiMode.oem3 (.text:RF_cmdStoreEvents)
                  00006e44    0000003c     nortos_cc13x0.aem3 : SemaphoreP_nortos.oem3 (.text:SemaphoreP_post)
                  00006e80    0000003c     drivers_cc13x0.aem3 : PowerCC26XX.oem3 (.text:disableLfClkQualifiersEnableClkLoss)
                  00006ebc    00000038                         : PINCC26XX.oem3 (.text:PIN_setConfig)
                  00006ef4    00000038                         : PINCC26XX.oem3 (.text:PIN_setOutputValue)
                  00006f2c    00000038     rf_multiMode_cc13x0.aem3 : RFCC26XX_multiMode.oem3 (.text:RF_checkCmdFsError)
                  00006f64    00000038                              : RFCC26XX_multiMode.oem3 (.text:RF_powerConstraintRelease)
                  00006f9c    00000038     uart.obj (.text:UART_Interrupt_Handler)
                  00006fd4    00000038     drivers_cc13x0.aem3 : UARTCC26XX.oem3 (.text:readData)
                  0000700c    00000038     rtsv7M3_T_le_eabi.lib : fs_toi_t2.asm.obj (.text)
                  00007044    00000038     drivers_cc13x0.aem3 : UARTCC26XX.oem3 (.text:writeData)
                  0000707c    00000036     nortos_cc13x0.aem3 : TimerPCC26XX_nortos.oem3 (.text:TimerP_setNextTick)
                  000070b2    00000002                        : startup_cc13xx_cc26xx_ccs.oem3 (.text:faultISR)
                  000070b4    00000034                        : ClockPTimer_nortos.oem3 (.text:ClockP_getTicksUntilInterrupt)
                  000070e8    00000034     drivers_cc13x0.aem3 : GPTimerCC26XX.oem3 (.text:GPTimerCC26XXSetLoadMatch)
                  0000711c    00000034     driverlib.lib : interrupt.obj (.text:NOROM_IntRegister)
                  00007150    00000034                   : osc.obj (.text:NOROM_OSCHF_SwitchToRcOscTurnOffXosc)
                  00007184    00000034     drivers_cc13x0.aem3 : PWMTimerCC26XX.oem3 (.text:PWMTimerCC26XX_getperiodCounts)
                  000071b8    00000034                         : PowerCC26XX.oem3 (.text:Power_releaseConstraint)
                  000071ec    00000034     rf_multiMode_cc13x0.aem3 : RFCC26XX_multiMode.oem3 (.text:RF_runDirectImmediateCmd)
                  00007220    00000034     nortos_cc13x0.aem3 : SwiP_nortos.oem3 (.text:SwiP_destruct)
                  00007254    00000034                        : TimerPCC26XX_nortos.oem3 (.text:TimerP_initDevice)
                  00007288    00000034     drivers_cc13x0.aem3 : PowerCC26XX.oem3 (.text:notify)
                  000072bc    00000034     rtsv7M3_T_le_eabi.lib : rand.c.obj (.text:rand)
                  000072f0    00000032     easyRF.obj (.text:RF_Config_init)
                  00007322    00000002     nortos_cc13x0.aem3 : startup_cc13xx_cc26xx_ccs.oem3 (.text:intDefaultHandler)
                  00007324    00000030     drivers_cc13x0.aem3 : GPTimerCC26XX.oem3 (.text:GPTimerCC26XX_configureDebugStall)
                  00007354    00000030     driverlib.lib : chipinfo.obj (.text:NOROM_ChipInfo_GetChipType)
                  00007384    00000030                   : setup_rom.obj (.text:NOROM_SetupSetAonRtcSubSecInc)
                  000073b4    00000030     drivers_cc13x0.aem3 : PINCC26XX.oem3 (.text:PINCC26XX_setMux)
                  000073e4    00000030                         : PWMTimerCC26XX.oem3 (.text:PWMTimerCC26XX_start)
                  00007414    00000030                         : PowerCC26XX.oem3 (.text:Power_setConstraint)
                  00007444    00000030     nortos_cc13x0.aem3 : TimerPCC26XX_nortos.oem3 (.text:TimerP_getCurrentTick)
                  00007474    00000030                        : TimerPCC26XX_nortos.oem3 (.text:TimerP_setThreshold)
                  000074a4    00000030     timer.obj (.text:getCalcTimer0)
                  000074d4    00000030     timer.obj (.text:getCalcTimer1)
                  00007504    00000030     drivers_cc13x0.aem3 : UARTCC26XX.oem3 (.text:readData2RingBuf)
                  00007534    0000002e     driverlib.lib : rfc.obj (.text:NOROM_RFCOverrideSearch)
                  00007562    0000002e     rf_multiMode_cc13x0.aem3 : RFCC26XX_multiMode.oem3 (.text:RF_queueEnd)
                  00007590    0000002c     drivers_cc13x0.aem3 : GPTimerCC26XX.oem3 (.text:GPTimerCC26XX_getTimerValue)
                  000075bc    0000002c     nortos_cc13x0.aem3 : HwiPCC26XX_nortos.oem3 (.text:HwiP_dispatch)
                  000075e8    0000002c     driverlib.lib : ddi.obj (.text:NOROM_DDI32RegWrite)
                  00007614    0000002c                   : osc.obj (.text:NOROM_OSCClockSourceGet)
                  00007640    0000002c                   : rfc.obj (.text:NOROM_RFCCpePatchReset)
                  0000766c    0000002c                   : setup_rom.obj (.text:NOROM_SetupGetTrimForRadcExtCfg)
                  00007698    0000002c     drivers_cc13x0.aem3 : PWMTimerCC26XX.oem3 (.text:PWMTimerCC26XX_close)
                  000076c4    0000002c                         : PWMTimerCC26XX.oem3 (.text:PWMTimerCC26XX_stop)
                  000076f0    0000002c     rf_multiMode_cc13x0.aem3 : RFCC26XX_multiMode.oem3 (.text:RF_calculateDeltaTimeUs)
                  0000771c    0000002c                              : RFCC26XX_multiMode.oem3 (.text:RF_executeDirectImmediateCmd)
                  00007748    00000028     driverlib.lib : aon_batmon.obj (.text:NOROM_AONBatMonTemperatureGetDegC)
                  00007770    00000028     drivers_cc13x0.aem3 : PowerCC26XX.oem3 (.text:Power_registerNotify)
                  00007798    00000028     rf_multiMode_cc13x0.aem3 : RFCC26XX_multiMode.oem3 (.text:RF_runCmd)
                  000077c0    00000028     driverlib.lib : adi.obj (.text:SafeHapiVoid)
                  000077e8    00000026     motor.obj (.text:Back_UP_Motor)
                  0000780e    00000026     motor.obj (.text:Motor_Config_init)
                  00007834    00000026     motor.obj (.text:Move_forward_Left_Motor)
                  0000785a    00000026     motor.obj (.text:Move_forward_Motor)
                  00007880    00000026     motor.obj (.text:Move_forward_Right_Motor)
                  000078a6    00000002     nortos_cc13x0.aem3 : startup_cc13xx_cc26xx_ccs.oem3 (.text:nmiISR)
                  000078a8    00000024                        : ClockPTimer_nortos.oem3 (.text:ClockP_getTicks)
                  000078cc    00000024                        : ClockPTimer_nortos.oem3 (.text:ClockP_scheduleNextTick)
                  000078f0    00000024     drivers_cc13x0.aem3 : GPTimerCC26XX.oem3 (.text:GPTimerCC26XX_enableInterrupt)
                  00007914    00000024                         : List.oem3 (.text:List_remove)
                  00007938    00000024     driverlib.lib : rfc.obj (.text:NOROM_RFCDoorbellSendTo)
                  0000795c    00000024     rf_multiMode_cc13x0.aem3 : RFCC26XX_multiMode.oem3 (.text:RF_cmdAlloc)
                  00007980    00000024                              : RFCC26XX_multiMode.oem3 (.text:RF_invokeGlobalCallback)
                  000079a4    00000024                              : RFCC26XX_multiMode.oem3 (.text:RF_isStateTransitionAllowed)
                  000079c8    00000024     nortos_cc13x0.aem3 : TimerPCC26XX_nortos.oem3 (.text:TimerP_getMaxTicks)
                  000079ec    00000024     rtsv7M3_T_le_eabi.lib : boot_cortex_m.c.obj (.text:_c_int00:_c_int00)
                  00007a10    00000024                           : u_tofs_t2.asm.obj (.text)
                  00007a34    00000024     nortos_cc13x0.aem3 : ClockPTimer_nortos.oem3 (.text:sleepTicks)
                  00007a58    00000022     drivers_cc13x0.aem3 : List.oem3 (.text:List_get)
                  00007a7a    00000022                         : List.oem3 (.text:List_insert)
                  00007a9c    00000022                         : List.oem3 (.text:List_put)
                  00007abe    00000022                         : List.oem3 (.text:List_putHead)
                  00007ae0    00000020     nortos_cc13x0.aem3 : ClockPTimer_nortos.oem3 (.text:ClockP_add)
                  00007b00    00000020     drivers_cc13x0.aem3 : GPTimerCC26XX.oem3 (.text:GPTimerCC26XXReverseLookupMask)
                  00007b20    00000020     driverlib.lib : rfc.obj (.text:NOROM_RFCAdi3VcoLdoVoltageMode)
                  00007b40    00000020                   : setup_rom.obj (.text:NOROM_SetupGetTrimForXoscHfCtl)
                  00007b60    00000020     drivers_cc13x0.aem3 : PINCC26XX.oem3 (.text:PINCC26XX_setIoCfgMux)
                  00007b80    00000020                         : PowerCC26XX.oem3 (.text:Power_unregisterNotify)
                  00007ba0    00000020     rf_multiMode_cc13x0.aem3 : RFCC26XX_multiMode.oem3 (.text:RF_clkPowerUp)
                  00007bc0    00000020                              : RFCC26XX_multiMode.oem3 (.text:RF_hwiCpe0ChangePhy)
                  00007be0    00000020                              : RFCC26XX_multiMode.oem3 (.text:RF_ratIsRunning)
                  00007c00    00000020     drivers_cc13x0.aem3 : UARTCC26XX.oem3 (.text:threadSafeStdbyDisRelease)
                  00007c20    00000020                         : UARTCC26XX.oem3 (.text:threadSafeStdbyDisSet)
                  00007c40    0000001e                         : PINCC26XX.oem3 (.text:PIN_close)
                  00007c5e    0000001e                         : PowerCC26XX.oem3 (.text:Power_getTransitionLatency)
                  00007c7c    0000001e     rf_multiMode_cc13x0.aem3 : RFCC26XX_multiMode.oem3 (.text:RF_preemptClient)
                  00007c9a    0000001e     nortos_cc13x0.aem3 : SemaphoreP_nortos.oem3 (.text:SemaphoreP_constructBinary)
                  00007cb8    0000001c                        : HwiPCC26XX_nortos.oem3 (.text:HwiP_destruct)
                  00007cd4    0000001c     driverlib.lib : chipinfo.obj (.text:NOROM_ChipInfo_GetChipFamily)
                  00007cf0    0000001c                   : setup_rom.obj (.text:NOROM_SetupGetTrimForAmpcompTh2)
                  00007d0c    0000001c                   : setup_rom.obj (.text:NOROM_SetupGetTrimForRcOscLfRtuneCtuneTrim)
                  00007d28    0000001c     drivers_cc13x0.aem3 : PINCC26XX.oem3 (.text:PIN_hwi)
                  00007d44    0000001c     pwm.obj (.text:PWM_Config_init)
                  00007d60    0000001c     nortos_cc13x0.aem3 : QueueP_nortos.oem3 (.text:QueueP_put)
                  00007d7c    0000001c     rf_multiMode_cc13x0.aem3 : RFCC26XX_multiMode.oem3 (.text:RF_clkInactivityCallback)
                  00007d98    0000001c                              : RFCC26XX_multiMode.oem3 (.text:RF_powerConstraintSet)
                  00007db4    0000001c     nortos_cc13x0.aem3 : SwiP_nortos.oem3 (.text:SwiP_disable)
                  00007dd0    0000001c                        : SwiP_nortos.oem3 (.text:SwiP_or)
                  00007dec    0000001c                        : TimerPCC26XX_nortos.oem3 (.text:TimerP_dynamicStub)
                  00007e08    0000001c     smartrf_settings.obj (.text:enterGenfskCpePatch)
                  00007e24    0000001c     smartrf_settings_predefined.obj (.text:enterGenfskCpePatch)
                  00007e40    0000001c     smartrf_settings_predefined.obj (.text:enterLrmCpePatch)
                  00007e5c    0000001c     smartrf_settings_predefined.obj (.text:enterSlLongrangeCpePatch)
                  00007e78    0000001a     drivers_cc13x0.aem3 : PWMTimerCC26XX.oem3 (.text:PWMTimerCC26XX_control)
                  00007e92    0000001a     nortos_cc13x0.aem3 : QueueP_nortos.oem3 (.text:QueueP_get)
                  00007eac    00000018     CC1310_LAUNCHXL.obj (.text:CC1310_LAUNCHXL_initGeneral)
                  00007ec4    00000018     EasyLink_nortos.obj (.text:ChipInfo_ChipFamilyIs_CC13x2_CC26x2)
                  00007edc    00000018     EasyLink_nortos.obj (.text:ChipInfo_ChipFamilyIs_CC26x0R2)
                  00007ef4    00000018     nortos_cc13x0.aem3 : ClockPTimer_nortos.oem3 (.text:ClockP_destruct)
                  00007f0c    00000018                        : ClockPTimer_nortos.oem3 (.text:ClockP_getTimeout)
                  00007f24    00000018                        : HwiPCC26XX_nortos.oem3 (.text:HwiP_inISR)
                  00007f3c    00000018     driverlib.lib : aon_rtc.obj (.text:NOROM_AONRTCCurrentCompareValueGet)
                  00007f54    00000018                   : chipinfo.obj (.text:NOROM_ChipInfo_GetPackageType)
                  00007f6c    00000018                   : osc.obj (.text:NOROM_OSCHF_TurnOnXosc)
                  00007f84    00000018                   : rfc.obj (.text:NOROM_RFCCpeIntGetAndClear)
                  00007f9c    00000018                   : setup_rom.obj (.text:NOROM_SetupGetTrimForAdcShModeEn)
                  00007fb4    00000018                   : setup_rom.obj (.text:NOROM_SetupGetTrimForAdcShVbufEn)
                  00007fcc    00000018                   : setup_rom.obj (.text:NOROM_SetupGetTrimForAmpcompTh1)
                  00007fe4    00000018                   : setup_rom.obj (.text:NOROM_SetupGetTrimForDblrLoopFilterResetVoltage)
                  00007ffc    00000018                   : setup_rom.obj (.text:NOROM_SetupGetTrimForRcOscLfIBiasTrim)
                  00008014    00000018                   : setup_rom.obj (.text:NOROM_SetupGetTrimForXoscLfRegulatorAndCmirrwrRatio)
                  0000802c    00000018     main.obj (.text:Peripheral_init)
                  00008044    00000018     drivers_cc13x0.aem3 : PowerCC26XX.oem3 (.text:Power_idleFunc)
                  0000805c    00000018     rf_multiMode_cc13x0.aem3 : RFCC26XX_multiMode.oem3 (.text:RF_swiFsm)
                  00008074    00000018     drivers_cc13x0.aem3 : UART.oem3 (.text:UART_Params_init)
                  0000808c    00000018     rtsv7M3_T_le_eabi.lib : args_main.c.obj (.text:_args_main)
                  000080a4    00000018                           : ll_mul_t2.asm.obj (.text)
                  000080bc    00000016     EasyLink_nortos.obj (.text:ChipInfo_ChipFamilyIs_CC26x0)
                  000080d2    00000016     nortos_cc13x0.aem3 : HwiPCC26XX_nortos.oem3 (.text:HwiP_setFunc)
                  000080e8    00000016     driverlib.lib : chipinfo.obj (.text:NOROM_ThisLibraryIsFor_CC13x0_HwRev20AndLater_HaltIfViolated)
                  000080fe    00000016     rf_multiMode_cc13x0.aem3 : RFCC26XX_multiMode.oem3 (.text:RF_restartClockTimeout)
                  00008114    00000014     main.obj (.text:AONBatMonBatteryVoltageGet)
                  00008128    00000014     EasyLink_nortos.obj (.text:EasyLink_Params_init)
                  0000813c    00000014     drivers_cc13x0.aem3 : List.oem3 (.text:List_clearList)
                  00008150    00000014     driverlib.lib : aon_rtc.obj (.text:NOROM_AONRTCCurrent64BitValueGet)
                  00008164    00000014                   : interrupt.obj (.text:NOROM_IntUnregister)
                  00008178    00000014     drivers_cc13x0.aem3 : PINCC26XX.oem3 (.text:PINCC26XX_getInputValue)
                  0000818c    00000014                         : PINCC26XX.oem3 (.text:PINCC26XX_getOutputValue)
                  000081a0    00000014                         : PWM.oem3 (.text:PWM_Params_init)
                  000081b4    00000014                         : PowerCC26XX.oem3 (.text:Power_disablePolicy)
                  000081c8    00000014     rf_multiMode_cc13x0.aem3 : RFCC26XX_multiMode.oem3 (.text:RF_Params_init)
                  000081dc    00000014                              : RFCC26XX_multiMode.oem3 (.text:RF_dbellSyncOnAck)
                  000081f0    00000014                              : RFCC26XX_multiMode.oem3 (.text:RF_ratGetChannel)
                  00008204    00000014                              : RFCC26XX_multiMode.oem3 (.text:RF_schResolveConflict)
                  00008218    00000014     nortos_cc13x0.aem3 : SwiP_nortos.oem3 (.text:SwiP_handleHwi)
                  0000822c    00000014                        : TimerPCC26XX_nortos.oem3 (.text:TimerP_startup)
                  00008240    00000014     drivers_cc13x0.aem3 : PowerCC26XX.oem3 (.text:configureRFCoreClocks)
                  00008254    00000014     nortos_cc13x0.aem3 : startup_cc13xx_cc26xx_ccs.oem3 (.text:resetISR)
                  00008268    00000012     drivers_cc13x0.aem3 : GPTimerCC26XX.oem3 (.text:GPTimerCC26XX_Params_init)
                  0000827a    00000012     nortos_cc13x0.aem3 : HwiPCC26XX_nortos.oem3 (.text:HwiP_Params_init)
                  0000828c    00000012     drivers_cc13x0.aem3 : RingBuf.oem3 (.text:RingBuf_construct)
                  0000829e    00000002     rtsv7M3_T_le_eabi.lib : div0.asm.obj (.text)
                  000082a0    00000010     nortos_cc13x0.aem3 : ClockPTimer_nortos.oem3 (.text:ClockP_Params_init)
                  000082b0    00000010                        : ClockPTimer_nortos.oem3 (.text:ClockP_getCpuFreq)
                  000082c0    00000010                        : HwiPCC26XX_nortos.oem3 (.text:HwiP_disable)
                  000082d0    00000010                        : HwiPCC26XX_nortos.oem3 (.text:HwiP_enableInterrupt)
                  000082e0    00000010                        : HwiPCC26XX_nortos.oem3 (.text:HwiP_post)
                  000082f0    00000010     driverlib.lib : rfc.obj (.text:NOROM_RFCHwIntGetAndClear)
                  00008300    00000010                   : rfc.obj (.text:NOROM_RFCRfTrimSet)
                  00008310    00000010                   : setup_rom.obj (.text:NOROM_SetupGetTrimForXoscHfFastStart)
                  00008320    00000010                   : setup_rom.obj (.text:NOROM_SetupGetTrimForXoscHfIbiastherm)
                  00008330    00000010     drivers_cc13x0.aem3 : PINCC26XX.oem3 (.text:PINCC26XX_getPinCount)
                  00008340    00000010     nortos_cc13x0.aem3 : PowerCC26XX_nortos.oem3 (.text:PowerCC26XX_schedulerDisable)
                  00008350    00000010     drivers_cc13x0.aem3 : PowerCC26XX.oem3 (.text:Power_enablePolicy)
                  00008360    00000010     rf_multiMode_cc13x0.aem3 : RFCC26XX_multiMode.oem3 (.text:RF_dbellSubmitCmdAsync)
                  00008370    00000010                              : RFCC26XX_multiMode.oem3 (.text:RF_isClientOwner)
                  00008380    00000010     nortos_cc13x0.aem3 : SemaphoreP_nortos.oem3 (.text:SemaphoreP_Params_init)
                  00008390    00000010                        : SwiP_nortos.oem3 (.text:SwiP_Params_init)
                  000083a0    00000010                        : TimerPCC26XX_nortos.oem3 (.text:TimerP_Params_init)
                  000083b0    00000010     smartrf_settings.obj (.text:applyGenfskPatch)
                  000083c0    00000010     smartrf_settings_predefined.obj (.text:applyGenfskPatch)
                  000083d0    00000010     smartrf_settings_predefined.obj (.text:applyLrmPatch)
                  000083e0    00000010     smartrf_settings_predefined.obj (.text:applySlLongrangePatch)
                  000083f0    00000010     drivers_cc13x0.aem3 : UARTCC26XX.oem3 (.text:uartPostNotify)
                  00008400    0000000e     driverlib.lib : vims.obj (.text:NOROM_VIMSModeGet)
                  0000840e    0000000e     nortos_cc13x0.aem3 : QueueP_nortos.oem3 (.text:QueueP_empty)
                  0000841c    0000000e                        : QueueP_nortos.oem3 (.text:QueueP_remove)
                  0000842a    0000000e     rf_multiMode_cc13x0.aem3 : RFCC26XX_multiMode.oem3 (.text:RF_getSwitchingTimeInUs)
                  00008438    0000000e     rtsv7M3_T_le_eabi.lib : copy_decompress_none.c.obj (.text:decompress:none:__TI_decompress_none)
                  00008446    00000002     --HOLE-- [fill = 0]
                  00008448    0000000c     nortos_cc13x0.aem3 : ClockPTimer_nortos.oem3 (.text:ClockP_doTick)
                  00008454    0000000c     driverlib.lib : cpu.obj (.text:NOROM_CPUcpsid)
                  00008460    0000000c                   : cpu.obj (.text:NOROM_CPUcpsie)
                  0000846c    0000000c                   : osc.obj (.text:NOROM_OSC_HPOSCRelativeFrequencyOffsetToRFCoreFormatConvert)
                  00008478    0000000c     nortos_cc13x0.aem3 : PowerCC26XX_nortos.oem3 (.text:PowerCC26XX_schedulerRestore)
                  00008484    0000000c     drivers_cc13x0.aem3 : PowerCC26XX.oem3 (.text:Power_getConstraintMask)
                  00008490    0000000c                         : PowerCC26XX.oem3 (.text:Power_getDependencyCount)
                  0000849c    0000000c     rf_multiMode_cc13x0.aem3 : RFCC26XX_multiMode.oem3 (.text:RF_powerConstraintGet)
                  000084a8    0000000c     nortos_cc13x0.aem3 : SwiP_nortos.oem3 (.text:SwiP_getTrigger)
                  000084b4    0000000c                        : TimerPCC26XX_nortos.oem3 (.text:TimerP_getFreq)
                  000084c0    0000000c     rtsv7M3_T_le_eabi.lib : copy_zero_init.c.obj (.text:decompress:ZI:__TI_zero_init)
                  000084cc    0000000a     drivers_cc13x0.aem3 : PWM.oem3 (.text:PWM_start)
                  000084d6    0000000a                         : PWM.oem3 (.text:PWM_stop)
                  000084e0    00000008     CC1310_LAUNCHXL.obj (.text:Board_init)
                  000084e8    00000008     drivers_cc13x0.aem3 : GPTimerCC26XX.oem3 (.text:GPTimerCC26XX_setLoadValue)
                  000084f0    00000008                         : GPTimerCC26XX.oem3 (.text:GPTimerCC26XX_setMatchValue)
                  000084f8    00000008     nortos_cc13x0.aem3 : HwiPCC26XX_nortos.oem3 (.text:HwiP_restore)
                  00008500    00000008     timer.obj (.text:SysCtrlClockGet)
                  00008508    00000008     drivers_cc13x0.aem3 : UARTCC26XX.oem3 (.text:UARTCC26XX_init)
                  00008510    00000008                         : UARTCC26XX.oem3 (.text:readSemCallback)
                  00008518    00000008     smartrf_settings.obj (.text:rf_patch_cpe_genfsk)
                  00008520    00000008     smartrf_settings_predefined.obj (.text:rf_patch_cpe_genfsk)
                  00008528    00000008     smartrf_settings_predefined.obj (.text:rf_patch_cpe_lrm)
                  00008530    00000008     smartrf_settings_predefined.obj (.text:rf_patch_cpe_sl_longrange)
                  00008538    00000008     drivers_cc13x0.aem3 : UARTCC26XX.oem3 (.text:writeSemCallback)
                  00008540    00000006     nortos_cc13x0.aem3 : ClockPTimer_nortos.oem3 (.text:ClockP_stop)
                  00008546    00000006     drivers_cc13x0.aem3 : GPTimerCC26XX.oem3 (.text:GPTimerCC26XX_getValue)
                  0000854c    00000006     nortos_cc13x0.aem3 : QueueP_nortos.oem3 (.text:QueueP_init)
                  00008552    00000006     rf_multiMode_cc13x0.aem3 : RFCC26XX_multiMode.oem3 (.text:RF_clkReqAccess)
                  00008558    00000006     drivers_cc13x0.aem3 : UARTCC26XX.oem3 (.text:UARTCC26XX_readPolling)
                  0000855e    00000006                         : UARTCC26XX.oem3 (.text:UARTCC26XX_writePolling)
                  00008564    00000004     nortos_cc13x0.aem3 : PowerCC26XX_nortos.oem3 (.text:CPUwfi)
                  00008568    00000004                        : ClockPTimer_nortos.oem3 (.text:ClockP_isActive)
                  0000856c    00000004                        : ClockPTimer_nortos.oem3 (.text:ClockP_setTimeout)
                  00008570    00000004                        : HwiPCC26XX_nortos.oem3 (.text:HwiP_enable)
                  00008574    00000004     driverlib.lib : rfc.obj (.text:NOROM_RFCOverrideUpdate)
                  00008578    00000004     drivers_cc13x0.aem3 : PowerCC26XX.oem3 (.text:PowerCC26XX_switchXOSC_HF)
                  0000857c    00000004     nortos_cc13x0.aem3 : QueueP_nortos.oem3 (.text:QueueP_head)
                  00008580    00000004                        : QueueP_nortos.oem3 (.text:QueueP_next)
                  00008584    00000004                        : TimerPCC26XX_nortos.oem3 (.text:TimerP_getCount64)
                  00008588    00000004     rtsv7M3_T_le_eabi.lib : pre_init.c.obj (.text:_system_pre_init)
                  0000858c    00000004                           : exit.c.obj (.text:abort:abort)
                  00008590    00000004     drivers_cc13x0.aem3 : PowerCC26XX.oem3 (.text:nopResourceHandler)

.const     0    00008594    000032b6     
                  00008594    000006b4     smartrf_settings.obj (.const:patchGenfskRfe)
                  00008c48    000006b4     smartrf_settings_predefined.obj (.const:patchGenfskRfe)
                  000092fc    000006b4     smartrf_settings_predefined.obj (.const:patchLrmRfe)
                  000099b0    000006b4     smartrf_settings_predefined.obj (.const:patchSl_longrangeRfe)
                  0000a064    00000400     smartrf_settings.obj (.const:patchImageGenfsk)
                  0000a464    00000400     smartrf_settings_predefined.obj (.const:patchImageGenfsk)
                  0000a864    00000400     smartrf_settings_predefined.obj (.const:patchImageLrm)
                  0000ac64    00000400     smartrf_settings_predefined.obj (.const:patchImageSlLongrange)
                  0000b064    00000400     smartrf_settings_predefined.obj (.const:patchSl_longrangeMce)
                  0000b464    00000090     easyRF.obj (.const:$P$T0$1)
                  0000b4f4    00000060     CC1310_LAUNCHXL.obj (.const:GPTimerCC26XX_config)
                  0000b554    00000060     CC1310_LAUNCHXL.obj (.const:PWM_config)
                  0000b5b4    00000060     CC1310_LAUNCHXL.obj (.const:gptimerCC26xxHWAttrs)
                  0000b614    0000004c     drivers_cc13x0.aem3 : PowerCC26XX.oem3 (.const:resourceDB)
                  0000b660    00000044                         : UARTCC26XX.oem3 (.const:$O1$$)
                  0000b6a4    00000028     CC1310_LAUNCHXL.obj (.const:BoardGpioInitTable)
                  0000b6cc    00000028     drivers_cc13x0.aem3 : UARTCC26XX.oem3 (.const:UARTCC26XX_fxnTable)
                  0000b6f4    00000028     CC1310_LAUNCHXL.obj (.const:uartCC26XXHWAttrs)
                  0000b71c    00000024     drivers_cc13x0.aem3 : GPTimerCC26XX.oem3 (.const:$O1$$)
                  0000b740    00000024                         : PWMTimerCC26XX.oem3 (.const:PWMTimerCC26XX_fxnTable)
                  0000b764    00000024                         : UART.oem3 (.const:UART_defaultParams)
                  0000b788    0000001c     rf_multiMode_cc13x0.aem3 : RFCC26XX_multiMode.oem3 (.const:RF_defaultParams)
                  0000b7a4    00000018     drivers_cc13x0.aem3 : PWM.oem3 (.const:PWM_defaultParams)
                  0000b7bc    00000018     CC1310_LAUNCHXL.obj (.const:PowerCC26XX_config)
                  0000b7d4    00000018     driverlib.lib : rfc.obj (.const:rfc_defaultIrqAddr)
                  0000b7ec    00000010     EasyLink_nortos.obj (.const:EasyLink_defaultParams)
                  0000b7fc    00000010     nortos_cc13x0.aem3 : SwiP_nortos.oem3 (.const:SwiP_defaultParams)
                  0000b80c    00000010     CC1310_LAUNCHXL.obj (.const:pwmtimerCC26xxHWAttrs)
                  0000b81c    0000000c     CC1310_LAUNCHXL.obj (.const:RFCC26XX_hwAttrs)
                  0000b828    0000000c     CC1310_LAUNCHXL.obj (.const:UART_config)
                  0000b834    00000008     sensor.obj (.const:.string:cbits)
                  0000b83c    00000008     CC1310_LAUNCHXL.obj (.const:PINCC26XX_hwAttrs)
                  0000b844    00000005     CC1310_LAUNCHXL.obj (.const)
                  0000b849    00000001     easylink_config.obj (.const)

.cinit     0    0000b858    00000480     
                  0000b858    00000448     (.cinit..data.load) [load image, compression = lzss]
                  0000bca0    0000000c     (__TI_handler_table)
                  0000bcac    00000004     --HOLE-- [fill = 0]
                  0000bcb0    00000008     (.cinit..bss.load) [load image, compression = zero_init]
                  0000bcb8    00000008     (.cinit..vtable_ram.load) [load image, compression = zero_init]
                  0000bcc0    00000018     (__TI_cinit_table)

.init_array 
*          0    00000000    00000000     UNINITIALIZED

.ccfg      0    0001ffa8    00000058     
                  0001ffa8    00000058     ccfg.obj (.ccfg:retain)

.bss       0    20000000    00000c59     UNINITIALIZED
                  20000000    000003d8     rf_multiMode_cc13x0.aem3 : RFCC26XX_multiMode.oem3 (.bss:$O1$$)
                  200003d8    000001f8     (.common:UartQueue)
                  200005d0    0000012c     (.common:uartCC26XXObjects)
                  200006fc    00000120     (.common:gptimerCC26XXObjects)
                  2000081c    00000100     (.common:pwmtimerCC26xxObjects)
                  2000091c    00000004     nortos_cc13x0.aem3 : PowerCC26XX_nortos.oem3 (.bss)
                  20000920    000000a8     EasyLink_nortos.obj (.bss:rfObject)
                  200009c8    0000008c     EasyLink_nortos.obj (.bss:txBuffer)
                  20000a54    0000003c     nortos_cc13x0.aem3 : SwiP_nortos.oem3 (.bss:$O1$$)
                  20000a90    00000030     EasyLink_nortos.obj (.bss:EasyLink_cmdPropRxAdv)
                  20000ac0    00000028     EasyLink_nortos.obj (.bss:EasyLink_cmdPropRadioSetup)
                  20000ae8    00000024     (.common:uartParams)
                  20000b0c    00000020     EasyLink_nortos.obj (.bss:EasyLink_cmdPropTxAdv)
                  20000b2c    00000020     (.common:uartCC26XXRingBuffer)
                  20000b4c    0000001c     EasyLink_nortos.obj (.bss:EasyLink_cmdPropCs)
                  20000b68    0000001c     EasyLink_nortos.obj (.bss:rfParams)
                  20000b84    00000018     EasyLink_nortos.obj (.bss:EasyLink_cmdFs)
                  20000b9c    00000018     (.common:params)
                  20000bb4    00000014     EasyLink_nortos.obj (.bss)
                  20000bc8    00000014     rf_multiMode_cc13x0.aem3 : RFCC26XX_multiMode.oem3 (.bss:RF_ratSyncCmd)
                  20000bdc    00000014     driverlib.lib : osc.obj (.bss:oscHfGlobals)
                  20000bf0    00000010     EasyLink_nortos.obj (.bss:EasyLink_RF_prop)
                  20000c00    00000010     EasyLink_nortos.obj (.bss:EasyLink_params)
                  20000c10    0000000d     nortos_cc13x0.aem3 : SwiP_nortos.oem3 (.bss)
                  20000c1d    00000002     (.common:Timer_Motor)
                  20000c1f    00000001     rf_multiMode_cc13x0.aem3 : RFCC26XX_multiMode.oem3 (.bss)
                  20000c20    0000000c     EasyLink_nortos.obj (.bss:rxStatistics)
                  20000c2c    0000000a     (.common:timerData)
                  20000c36    00000001     (.common:cmd_motor)
                  20000c37    00000001     (.common:driverlib_release_0_55724)
                  20000c38    00000008     EasyLink_nortos.obj (.bss:dataQueue)
                  20000c40    00000008     driverlib.lib : sys_ctrl.obj (.bss:powerQualGlobals)
                  20000c48    00000004     (.common:Timer1)
                  20000c4c    00000004     (.common:pinHandle)
                  20000c50    00000004     (.common:rxTimeoutVal)
                  20000c54    00000004     (.common:uart)
                  20000c58    00000001     (.common:status)

.data      0    20000c60    00000a44     UNINITIALIZED
                  20000c60    00000200     crc.obj (.data:CrcTable)
                  20000e60    00000114     drivers_cc13x0.aem3 : PINCC26XX.oem3 (.data:$O1$$)
                  20000f74    00000114                         : PowerCC26XX.oem3 (.data:PowerCC26XX_module)
                  20001088    000000d0     nortos_cc13x0.aem3 : HwiPCC26XX_nortos.oem3 (.data:$O1$$)
                  20001158    000000c0                        : ClockPTimer_nortos.oem3 (.data:$O1$$)
                  20001218    00000090     easylink_config.obj (.data:EasyLink_supportedPhys)
                  200012a8    00000064     smartrf_settings_predefined.obj (.data:pOverrides_sl_lr)
                  2000130c    00000058     smartrf_settings_predefined.obj (.data:pOverrides_lrm)
                  20001364    00000055     smartrf_settings_predefined.obj (.data:RF_PROP_txPowerTable)
                  200013b9    00000001     drivers_cc13x0.aem3 : PWM.oem3 (.data)
                  200013ba    00000001                         : UART.oem3 (.data)
                  200013bb    00000001     easyRF.obj (.data)
                  200013bc    00000054     smartrf_settings.obj (.data:pOverrides)
                  20001410    00000054     smartrf_settings_predefined.obj (.data:pOverrides_fsk)
                  20001464    00000040     EasyLink_nortos.obj (.data:addrFilterTable)
                  200014a4    00000030     nortos_cc13x0.aem3 : TimerPCC26XX_nortos.oem3 (.data:$O1$$)
                  200014d4    00000030     smartrf_settings_predefined.obj (.data:RF_cmdPropRxAdv_preDef)
                  20001504    00000028     smartrf_settings.obj (.data:RF_cmdPropRadioDivSetup)
                  2000152c    00000028     smartrf_settings_predefined.obj (.data:RF_cmdPropRadioDivSetup_fsk)
                  20001554    00000028     smartrf_settings_predefined.obj (.data:RF_cmdPropRadioDivSetup_lrm)
                  2000157c    00000028     smartrf_settings_predefined.obj (.data:RF_cmdPropRadioDivSetup_sl_lr)
                  200015a4    00000020     pwm.obj (.data)
                  200015c4    00000019     EasyLink_nortos.obj (.data)
                  200015dd    00000001     nortos_cc13x0.aem3 : SwiP_nortos.oem3 (.data)
                  200015de    00000002     --HOLE--
                  200015e0    00000018     smartrf_settings.obj (.data:RF_cmdFs)
                  200015f8    00000018     smartrf_settings_predefined.obj (.data:RF_cmdFs_preDef)
                  20001610    00000018     smartrf_settings.obj (.data:RF_cmdPropTx)
                  20001628    00000010     drivers_cc13x0.aem3 : PWMTimerCC26XX.oem3 (.data:$O1$$)
                  20001638    00000010     smartrf_settings.obj (.data:RF_prop)
                  20001648    00000010     smartrf_settings_predefined.obj (.data:RF_prop_fsk)
                  20001658    00000010     smartrf_settings_predefined.obj (.data:RF_prop_lrm)
                  20001668    00000010     smartrf_settings_predefined.obj (.data:RF_prop_sl_lr)
                  20001678    0000000c     nortos_cc13x0.aem3 : SemaphoreP_nortos.oem3 (.data:$O1$$)
                  20001684    0000000c     main.obj (.data)
                  20001690    00000008     rtsv7M3_T_le_eabi.lib : _lock.c.obj (.data:$O1$$)
                  20001698    00000008     motor.obj (.data)
                  200016a0    00000004     rtsv7M3_T_le_eabi.lib : rand.c.obj (.data)

.sysmem    0    200016a8    00000100     UNINITIALIZED
                  200016a8    00000010     rtsv7M3_T_le_eabi.lib : memory.c.obj (.sysmem)
                  200016b8    000000f0     --HOLE--

.vtable_ram 
*          0    20001800    000000c8     UNINITIALIZED
                  20001800    000000c8     driverlib.lib : interrupt.obj (.vtable_ram)

.stack     0    20004c00    00000400     UNINITIALIZED
                  20004c00    00000004     rtsv7M3_T_le_eabi.lib : boot_cortex_m.c.obj (.stack)
                  20004c04    000003fc     --HOLE--

.binit     0    00000000    00000000     

.args      0    0000b84c    00000008     
                  0000b84c    00000008     --HOLE-- [fill = 0]

MODULE SUMMARY

       Module                            code    ro data   rw data
       ------                            ----    -------   -------
    .\easylink\
       EasyLink_nortos.obj               2628    16        1198   
       easylink_config.obj               0       1         144    
    +--+---------------------------------+-------+---------+---------+
       Total:                            2628    17        1342   
                                                                  
    .\smartrf_settings\
       smartrf_settings_predefined.obj   1678    9244      597    
       smartrf_settings.obj              494     2740      188    
    +--+---------------------------------+-------+---------+---------+
       Total:                            2172    11984     785    
                                                                  
    .\source\
       CC1310_LAUNCHXL.obj               32      445       876    
       pwm.obj                           984     0         57     
       motor.obj                         670     0         8      
       crc.obj                           92      0         512    
       easyRF.obj                        218     144       1      
       timer.obj                         292     0         0      
       uart.obj                          204     0         40     
       main.obj                          220     0         12     
       sensor.obj                        104     8         0      
       ccfg.obj                          0       88        0      
    +--+---------------------------------+-------+---------+---------+
       Total:                            2816    685       1506   
                                                                  
    C:/ti/simplelink_cc13x0_sdk_3_20_00_23/kernel/nortos/lib/nortos_cc13x0.aem3
       ClockPTimer_nortos.oem3           1034    0         192    
       SwiP_nortos.oem3                  704     16        74     
       TimerPCC26XX_nortos.oem3          606     0         48     
       HwiPCC26XX_nortos.oem3            316     0         208    
       SemaphoreP_nortos.oem3            342     0         12     
       PowerCC26XX_nortos.oem3           288     0         4      
       startup_cc13xx_cc26xx_ccs.oem3    26      200       0      
       QueueP_nortos.oem3                96      0         0      
    +--+---------------------------------+-------+---------+---------+
       Total:                            3412    216       538    
                                                                  
    C:/ti/simplelink_cc13x0_sdk_3_20_00_23/source/ti/devices/cc13x0/driverlib/bin/ccs/driverlib.lib
       setup_rom.obj                     1456    0         0      
       sys_ctrl.obj                      760     0         8      
       rfc.obj                           694     24        0      
       osc.obj                           388     0         20     
       setup.obj                         364     0         0      
       interrupt.obj                     74      0         200    
       chipinfo.obj                      182     0         0      
       aon_rtc.obj                       44      0         0      
       ddi.obj                           44      0         0      
       adi.obj                           40      0         0      
       aon_batmon.obj                    40      0         0      
       cpu.obj                           24      0         0      
       vims.obj                          14      0         0      
       driverlib_release.obj             0       0         1      
    +--+---------------------------------+-------+---------+---------+
       Total:                            4124    24        229    
                                                                  
    C:/ti/simplelink_cc13x0_sdk_3_20_00_23/source/ti/drivers/lib/drivers_cc13x0.aem3
       UARTCC26XX.oem3                   2630    108       0      
       PowerCC26XX.oem3                  2144    76        276    
       PINCC26XX.oem3                    1466    0         276    
       PowerCC26XX_calibrateRCOSC.oem3   1380    0         0      
       GPTimerCC26XX.oem3                952     36        0      
       PWMTimerCC26XX.oem3               828     36        16     
       PWM.oem3                          168     24        1      
       List.oem3                         192     0         0      
       UART.oem3                         152     36        1      
       RingBuf.oem3                      148     0         0      
    +--+---------------------------------+-------+---------+---------+
       Total:                            10060   316       570    
                                                                  
    C:/ti/simplelink_cc13x0_sdk_3_20_00_23/source/ti/drivers/rf/lib/rf_multiMode_cc13x0.aem3
       RFCC26XX_multiMode.oem3           7770    28        1005   
    +--+---------------------------------+-------+---------+---------+
       Total:                            7770    28        1005   
                                                                  
    C:\ti\ccs910\ccs\tools\compiler\ti-cgt-arm_18.12.2.LTS\lib\rtsv7M3_T_le_eabi.lib
       memcpy_t2.asm.obj                 156     0         0      
       ull_div_t2.asm.obj                150     0         0      
       fs_div_t2.asm.obj                 146     0         0      
       memset_t2.asm.obj                 122     0         0      
       copy_decompress_lzss.c.obj        104     0         0      
       autoinit.c.obj                    68      0         0      
       fs_toi_t2.asm.obj                 56      0         0      
       rand.c.obj                        52      0         4      
       boot_cortex_m.c.obj               36      0         0      
       u_tofs_t2.asm.obj                 36      0         0      
       args_main.c.obj                   24      0         0      
       ll_mul_t2.asm.obj                 24      0         0      
       copy_decompress_none.c.obj        14      0         0      
       copy_zero_init.c.obj              12      0         0      
       _lock.c.obj                       2       0         8      
       exit.c.obj                        4       0         0      
       pre_init.c.obj                    4       0         0      
       div0.asm.obj                      2       0         0      
    +--+---------------------------------+-------+---------+---------+
       Total:                            1012    0         12     
                                                                  
       Heap:                             0       0         256    
       Stack:                            0       0         1024   
       Linker Generated:                 0       1148      0      
    +--+---------------------------------+-------+---------+---------+
       Grand Total:                      33994   14418     7267   


LINKER GENERATED COPY TABLES

__TI_cinit_table @ 0000bcc0 records: 3, size/record: 8, table size: 24
	.data: load addr=0000b858, load size=00000448 bytes, run addr=20000c60, run size=00000a44 bytes, compression=lzss
	.bss: load addr=0000bcb0, load size=00000008 bytes, run addr=20000000, run size=00000c59 bytes, compression=zero_init
	.vtable_ram: load addr=0000bcb8, load size=00000008 bytes, run addr=20001800, run size=000000c8 bytes, compression=zero_init


LINKER GENERATED HANDLER TABLE

__TI_handler_table @ 0000bca0 records: 3, size/record: 4, table size: 12
	index: 0, handler: __TI_zero_init
	index: 1, handler: __TI_decompress_lzss
	index: 2, handler: __TI_decompress_none


GLOBAL SYMBOLS: SORTED ALPHABETICALLY BY Name 

address   name                                                        
-------   ----                                                        
0000b844  ADC_count                                                   
000077e9  Back_UP_Motor                                               
0000b6a4  BoardGpioInitTable                                          
000084e1  Board_init                                                  
0000858d  C$$EXIT                                                     
00007ead  CC1310_LAUNCHXL_initGeneral                                 
000082a1  ClockP_Params_init                                          
00007ae1  ClockP_add                                                  
0000692d  ClockP_construct                                            
00007ef5  ClockP_destruct                                             
00008449  ClockP_doTick                                               
000082b1  ClockP_getCpuFreq                                           
000078a9  ClockP_getTicks                                             
000070b5  ClockP_getTicksUntilInterrupt                               
00007f0d  ClockP_getTimeout                                           
00008569  ClockP_isActive                                             
000078cd  ClockP_scheduleNextTick                                     
0000856d  ClockP_setTimeout                                           
0000526d  ClockP_start                                                
000048a5  ClockP_startup                                              
00008541  ClockP_stop                                                 
2000115c  ClockP_tickPeriod                                           
00005ef5  ClockP_usleep                                               
0000564d  ClockP_walkQueueDynamic                                     
00004235  ClockP_workFuncDynamic                                      
20000c60  CrcTable                                                    
00001e15  DC_Motor_Manger                                             
00008129  EasyLink_Params_init                                        
000000c9  EasyLink_init                                               
0000b849  EasyLink_numSupportedPhys                                   
000033d5  EasyLink_setRfPower                                         
20001218  EasyLink_supportedPhys                                      
0000157d  EasyLink_transmit                                           
00008269  GPTimerCC26XX_Params_init                                   
000044d5  GPTimerCC26XX_close                                         
0000b4f4  GPTimerCC26XX_config                                        
00007325  GPTimerCC26XX_configureDebugStall                           
000078f1  GPTimerCC26XX_enableInterrupt                               
00008547  GPTimerCC26XX_getValue                                      
00003abd  GPTimerCC26XX_open                                          
000067fd  GPTimerCC26XX_registerInterrupt                             
000084e9  GPTimerCC26XX_setLoadValue                                  
000084f1  GPTimerCC26XX_setMatchValue                                 
00006849  GPTimerCC26XX_start                                         
00006415  GPTimerCC26XX_stop                                          
0000827b  HwiP_Params_init                                            
000054e5  HwiP_construct                                              
00007cb9  HwiP_destruct                                               
000082c1  HwiP_disable                                                
00008571  HwiP_enable                                                 
000082d1  HwiP_enableInterrupt                                        
00007f25  HwiP_inISR                                                  
000082e1  HwiP_post                                                   
000084f9  HwiP_restore                                                
000080d3  HwiP_setFunc                                                
2000108c  HwiP_swiPIntNum                                             
0000b845  I2C_count                                                   
0000813d  List_clearList                                              
00007a59  List_get                                                    
00007a7b  List_insert                                                 
00007a9d  List_put                                                    
00007abf  List_putHead                                                
00007915  List_remove                                                 
0000780f  Motor_Config_init                                           
0000555d  Motor_Control_Timer                                         
00007835  Move_forward_Left_Motor                                     
0000785b  Move_forward_Motor                                          
00007881  Move_forward_Right_Motor                                    
00007749  NOROM_AONBatMonTemperatureGetDegC                           
00008151  NOROM_AONRTCCurrent64BitValueGet                            
00007f3d  NOROM_AONRTCCurrentCompareValueGet                          
00008455  NOROM_CPUcpsid                                              
00008461  NOROM_CPUcpsie                                              
00007cd5  NOROM_ChipInfo_GetChipFamily                                
00007355  NOROM_ChipInfo_GetChipType                                  
00006cdd  NOROM_ChipInfo_GetHwRevision                                
00007f55  NOROM_ChipInfo_GetPackageType                               
000075e9  NOROM_DDI32RegWrite                                         
0000711d  NOROM_IntRegister                                           
00008165  NOROM_IntUnregister                                         
00007615  NOROM_OSCClockSourceGet                                     
00005f55  NOROM_OSCClockSourceSet                                     
00005d65  NOROM_OSCHF_AttemptToSwitchToXosc                           
00007151  NOROM_OSCHF_SwitchToRcOscTurnOffXosc                        
00007f6d  NOROM_OSCHF_TurnOnXosc                                      
00006d19  NOROM_OSC_HPOSCRelativeFrequencyOffsetGet                   
0000846d  NOROM_OSC_HPOSCRelativeFrequencyOffsetToRFCoreFormatConvert 
00007b21  NOROM_RFCAdi3VcoLdoVoltageMode                              
00007f85  NOROM_RFCCpeIntGetAndClear                                  
00007641  NOROM_RFCCpePatchReset                                      
00007939  NOROM_RFCDoorbellSendTo                                     
000082f1  NOROM_RFCHwIntGetAndClear                                   
00007535  NOROM_RFCOverrideSearch                                     
00008575  NOROM_RFCOverrideUpdate                                     
00003b8d  NOROM_RFCRTrim                                              
00003915  NOROM_RFCRfTrimRead                                         
00008301  NOROM_RFCRfTrimSet                                          
00006d55  NOROM_RFCSynthPowerDown                                     
00004579  NOROM_SetupAfterColdResetWakeupFromShutDownCfg1             
0000310d  NOROM_SetupAfterColdResetWakeupFromShutDownCfg2             
00002a89  NOROM_SetupAfterColdResetWakeupFromShutDownCfg3             
00007f9d  NOROM_SetupGetTrimForAdcShModeEn                            
00007fb5  NOROM_SetupGetTrimForAdcShVbufEn                            
000058ed  NOROM_SetupGetTrimForAmpcompCtrl                            
00007fcd  NOROM_SetupGetTrimForAmpcompTh1                             
00007cf1  NOROM_SetupGetTrimForAmpcompTh2                             
00005955  NOROM_SetupGetTrimForAnabypassValue1                        
00007fe5  NOROM_SetupGetTrimForDblrLoopFilterResetVoltage             
0000766d  NOROM_SetupGetTrimForRadcExtCfg                             
00007ffd  NOROM_SetupGetTrimForRcOscLfIBiasTrim                       
00007d0d  NOROM_SetupGetTrimForRcOscLfRtuneCtuneTrim                  
00007b41  NOROM_SetupGetTrimForXoscHfCtl                              
00008311  NOROM_SetupGetTrimForXoscHfFastStart                        
00008321  NOROM_SetupGetTrimForXoscHfIbiastherm                       
00008015  NOROM_SetupGetTrimForXoscLfRegulatorAndCmirrwrRatio         
00007385  NOROM_SetupSetAonRtcSubSecInc                               
0000661d  NOROM_SetupSetCacheModeAccordingToCcfgSetting               
000056c1  NOROM_SetupSetVddrLevel                                     
000042dd  NOROM_SetupTrimDevice                                       
000059bd  NOROM_SysCtrlAdjustRechargeAfterPowerDown                   
00001131  NOROM_SysCtrlSetRechargeBeforePowerDown                     
00005a25  NOROM_SysCtrl_DCDC_VoltageConditionalControl                
000080e9  NOROM_ThisLibraryIsFor_CC13x0_HwRev20AndLater_HaltIfViolated
00008401  NOROM_VIMSModeGet                                           
00008571  NoRTOS_start                                                
00008331  PINCC26XX_getPinCount                                       
0000b83c  PINCC26XX_hwAttrs                                           
000073b5  PINCC26XX_setMux                                            
00005a8d  PIN_add                                                     
00007c41  PIN_close                                                   
00008179  PIN_getInputValue                                           
0000818d  PIN_getOutputValue                                          
00001959  PIN_init                                                    
00004765  PIN_open                                                    
0000646d  PIN_remove                                                  
00006ebd  PIN_setConfig                                               
00006975  PIN_setOutputEnable                                         
00006ef5  PIN_setOutputValue                                          
00007699  PWMTimerCC26XX_close                                        
00007e79  PWMTimerCC26XX_control                                      
0000b740  PWMTimerCC26XX_fxnTable                                     
00003763  PWMTimerCC26XX_init                                         
00003765  PWMTimerCC26XX_open                                         
00006a4d  PWMTimerCC26XX_setDuty                                      
00004941  PWMTimerCC26XX_setDutyAndPeriod                             
00006195  PWMTimerCC26XX_setPeriod                                    
000073e5  PWMTimerCC26XX_start                                        
000076c5  PWMTimerCC26XX_stop                                         
00007d45  PWM_Config_init                                             
00001c99  PWM_Handler_Open                                            
000034b9  PWM_Handler_Start                                           
0000359d  PWM_Handler_Stop                                            
000055d5  PWM_Params_Set                                              
000081a1  PWM_Params_init                                             
0000b554  PWM_config                                                  
0000b846  PWM_count                                                   
0000b7a4  PWM_defaultParams                                           
00006b9d  PWM_init                                                    
00006bdd  PWM_open                                                    
000084cd  PWM_start                                                   
000084d7  PWM_stop                                                    
0000802d  Peripheral_init                                             
000061f1  PowerCC26XX_RCOSC_clockFunc                                 
00000b9d  PowerCC26XX_auxISR                                          
00005fb5  PowerCC26XX_calibrate                                       
0000b7bc  PowerCC26XX_config                                          
00001b09  PowerCC26XX_doCalibrate                                     
00005815  PowerCC26XX_initiateCalibration                             
00006d91  PowerCC26XX_isStableXOSC_HF                                 
20000f74  PowerCC26XX_module                                          
00008341  PowerCC26XX_schedulerDisable                                
00008479  PowerCC26XX_schedulerRestore                                
0000300d  PowerCC26XX_standbyPolicy                                   
00008579  PowerCC26XX_switchXOSC_HF                                   
000081b5  Power_disablePolicy                                         
00008351  Power_enablePolicy                                          
00008485  Power_getConstraintMask                                     
00008491  Power_getDependencyCount                                    
00007c5f  Power_getTransitionLatency                                  
00008045  Power_idleFunc                                              
00002de9  Power_init                                                  
00007771  Power_registerNotify                                        
000071b9  Power_releaseConstraint                                     
00003ead  Power_releaseDependency                                     
00007415  Power_setConstraint                                         
00004021  Power_setDependency                                         
00001359  Power_sleep                                                 
00007b81  Power_unregisterNotify                                      
0000840f  QueueP_empty                                                
00007e93  QueueP_get                                                  
0000857d  QueueP_head                                                 
0000854d  QueueP_init                                                 
00008581  QueueP_next                                                 
00007d61  QueueP_put                                                  
0000841d  QueueP_remove                                               
0000b81c  RFCC26XX_hwAttrs                                            
000072f1  RF_Config_init                                              
20001364  RF_PROP_txPowerTable                                        
000081c9  RF_Params_init                                              
00004385  RF_Send_Manager                                             
000064c5  RF_TxPowerTable_findValue                                   
00002efd  RF_close                                                    
200015e0  RF_cmdFs                                                    
200015f8  RF_cmdFs_preDef                                             
20001504  RF_cmdPropRadioDivSetup                                     
2000152c  RF_cmdPropRadioDivSetup_fsk                                 
20001554  RF_cmdPropRadioDivSetup_lrm                                 
2000157c  RF_cmdPropRadioDivSetup_sl_lr                               
200014d4  RF_cmdPropRxAdv_preDef                                      
20001610  RF_cmdPropTx                                                
00006015  RF_getCurrentTime                                           
00001781  RF_open                                                     
000039e9  RF_pendCmd                                                  
00003f69  RF_postCmd                                                  
0000849d  RF_powerConstraintGet                                       
00006f65  RF_powerConstraintRelease                                   
00007d99  RF_powerConstraintSet                                       
20001638  RF_prop                                                     
20001648  RF_prop_fsk                                                 
20001658  RF_prop_lrm                                                 
20001668  RF_prop_sl_lr                                               
00007799  RF_runCmd                                                   
[...]
000064c5  RF_TxPowerTable_findValue                                   
000065c9  Timer_Interrupt_Handler1                                    
0000661d  NOROM_SetupSetCacheModeAccordingToCcfgSetting               
0000675d  SemaphoreP_construct                                        
000067fd  GPTimerCC26XX_registerInterrupt                             
00006849  GPTimerCC26XX_start                                         
00006895  RF_setTxPower                                               
000068e1  UARTCC26XX_readCancel                                       
0000692d  ClockP_construct                                            
00006975  PIN_setOutputEnable                                         
000069bd  RunningLED                                                  
00006a4d  PWMTimerCC26XX_setDuty                                      
00006a91  RingBuf_put                                                 
00006ad5  SwiP_restore                                                
00006b19  __TI_auto_init_nobinit_nopinit                              
00006b9d  PWM_init                                                    
00006bdd  PWM_open                                                    
00006c1d  UART_init                                                   
00006c5d  UART_open                                                   
00006c9d  RingBuf_get                                                 
00006cdd  NOROM_ChipInfo_GetHwRevision                                
00006d19  NOROM_OSC_HPOSCRelativeFrequencyOffsetGet                   
00006d55  NOROM_RFCSynthPowerDown                                     
00006d91  PowerCC26XX_isStableXOSC_HF                                 
00006e45  SemaphoreP_post                                             
00006ebd  PIN_setConfig                                               
00006ef5  PIN_setOutputValue                                          
00006f65  RF_powerConstraintRelease                                   
0000700d  __aeabi_f2iz                                                
0000707d  TimerP_setNextTick                                          
000070b5  ClockP_getTicksUntilInterrupt                               
0000711d  NOROM_IntRegister                                           
00007151  NOROM_OSCHF_SwitchToRcOscTurnOffXosc                        
000071b9  Power_releaseConstraint                                     
00007221  SwiP_destruct                                               
00007255  TimerP_initDevice                                           
000072bd  rand                                                        
000072f1  RF_Config_init                                              
00007325  GPTimerCC26XX_configureDebugStall                           
00007355  NOROM_ChipInfo_GetChipType                                  
00007385  NOROM_SetupSetAonRtcSubSecInc                               
000073b5  PINCC26XX_setMux                                            
000073e5  PWMTimerCC26XX_start                                        
00007415  Power_setConstraint                                         
00007445  TimerP_getCurrentTick                                       
00007475  TimerP_setThreshold                                         
000074a5  getCalcTimer0                                               
000074d5  getCalcTimer1                                               
00007535  NOROM_RFCOverrideSearch                                     
000075e9  NOROM_DDI32RegWrite                                         
00007615  NOROM_OSCClockSourceGet                                     
00007641  NOROM_RFCCpePatchReset                                      
0000766d  NOROM_SetupGetTrimForRadcExtCfg                             
00007699  PWMTimerCC26XX_close                                        
000076c5  PWMTimerCC26XX_stop                                         
00007749  NOROM_AONBatMonTemperatureGetDegC                           
00007771  Power_registerNotify                                        
00007799  RF_runCmd                                                   
000077c1  SafeHapiVoid                                                
000077e9  Back_UP_Motor                                               
0000780f  Motor_Config_init                                           
00007835  Move_forward_Left_Motor                                     
0000785b  Move_forward_Motor                                          
00007881  Move_forward_Right_Motor                                    
000078a9  ClockP_getTicks                                             
000078cd  ClockP_scheduleNextTick                                     
000078f1  GPTimerCC26XX_enableInterrupt                               
00007915  List_remove                                                 
00007939  NOROM_RFCDoorbellSendTo                                     
000079c9  TimerP_getMaxTicks                                          
000079ed  _c_int00                                                    
00007a11  __aeabi_ui2f                                                
00007a59  List_get                                                    
00007a7b  List_insert                                                 
00007a9d  List_put                                                    
00007abf  List_putHead                                                
00007ae1  ClockP_add                                                  
00007b21  NOROM_RFCAdi3VcoLdoVoltageMode                              
00007b41  NOROM_SetupGetTrimForXoscHfCtl                              
00007b81  Power_unregisterNotify                                      
00007c41  PIN_close                                                   
00007c5f  Power_getTransitionLatency                                  
00007c9b  SemaphoreP_constructBinary                                  
00007cb9  HwiP_destruct                                               
00007cd5  NOROM_ChipInfo_GetChipFamily                                
00007cf1  NOROM_SetupGetTrimForAmpcompTh2                             
00007d0d  NOROM_SetupGetTrimForRcOscLfRtuneCtuneTrim                  
00007d45  PWM_Config_init                                             
00007d61  QueueP_put                                                  
00007d99  RF_powerConstraintSet                                       
00007db5  SwiP_disable                                                
00007dd1  SwiP_or                                                     
00007ded  TimerP_dynamicStub                                          
00007e79  PWMTimerCC26XX_control                                      
00007e93  QueueP_get                                                  
00007ead  CC1310_LAUNCHXL_initGeneral                                 
00007ef5  ClockP_destruct                                             
00007f0d  ClockP_getTimeout                                           
00007f25  HwiP_inISR                                                  
00007f3d  NOROM_AONRTCCurrentCompareValueGet                          
00007f55  NOROM_ChipInfo_GetPackageType                               
00007f6d  NOROM_OSCHF_TurnOnXosc                                      
00007f85  NOROM_RFCCpeIntGetAndClear                                  
00007f9d  NOROM_SetupGetTrimForAdcShModeEn                            
00007fb5  NOROM_SetupGetTrimForAdcShVbufEn                            
00007fcd  NOROM_SetupGetTrimForAmpcompTh1                             
00007fe5  NOROM_SetupGetTrimForDblrLoopFilterResetVoltage             
00007ffd  NOROM_SetupGetTrimForRcOscLfIBiasTrim                       
00008015  NOROM_SetupGetTrimForXoscLfRegulatorAndCmirrwrRatio         
0000802d  Peripheral_init                                             
00008045  Power_idleFunc                                              
00008075  UART_Params_init                                            
0000808d  _args_main                                                  
000080a5  __aeabi_lmul                                                
000080d3  HwiP_setFunc                                                
000080e9  NOROM_ThisLibraryIsFor_CC13x0_HwRev20AndLater_HaltIfViolated
00008129  EasyLink_Params_init                                        
0000813d  List_clearList                                              
00008151  NOROM_AONRTCCurrent64BitValueGet                            
00008165  NOROM_IntUnregister                                         
00008179  PIN_getInputValue                                           
0000818d  PIN_getOutputValue                                          
000081a1  PWM_Params_init                                             
000081b5  Power_disablePolicy                                         
000081c9  RF_Params_init                                              
0000822d  TimerP_startup                                              
00008255  resetISR                                                    
00008269  GPTimerCC26XX_Params_init                                   
0000827b  HwiP_Params_init                                            
0000828d  RingBuf_construct                                           
0000829f  __aeabi_idiv0                                               
0000829f  __aeabi_ldiv0                                               
000082a1  ClockP_Params_init                                          
000082b1  ClockP_getCpuFreq                                           
000082c1  HwiP_disable                                                
000082d1  HwiP_enableInterrupt                                        
000082e1  HwiP_post                                                   
000082f1  NOROM_RFCHwIntGetAndClear                                   
00008301  NOROM_RFCRfTrimSet                                          
00008311  NOROM_SetupGetTrimForXoscHfFastStart                        
00008321  NOROM_SetupGetTrimForXoscHfIbiastherm                       
00008331  PINCC26XX_getPinCount                                       
00008341  PowerCC26XX_schedulerDisable                                
00008351  Power_enablePolicy                                          
00008381  SemaphoreP_Params_init                                      
00008391  SwiP_Params_init                                            
000083a1  TimerP_Params_init                                          
00008401  NOROM_VIMSModeGet                                           
0000840f  QueueP_empty                                                
0000841d  QueueP_remove                                               
00008439  __TI_decompress_none                                        
00008449  ClockP_doTick                                               
00008455  NOROM_CPUcpsid                                              
00008461  NOROM_CPUcpsie                                              
0000846d  NOROM_OSC_HPOSCRelativeFrequencyOffsetToRFCoreFormatConvert 
00008479  PowerCC26XX_schedulerRestore                                
00008485  Power_getConstraintMask                                     
00008491  Power_getDependencyCount                                    
0000849d  RF_powerConstraintGet                                       
000084a9  SwiP_getTrigger                                             
000084b5  TimerP_getFreq                                              
000084c1  __TI_zero_init                                              
000084cd  PWM_start                                                   
000084d7  PWM_stop                                                    
000084e1  Board_init                                                  
000084e9  GPTimerCC26XX_setLoadValue                                  
000084f1  GPTimerCC26XX_setMatchValue                                 
000084f9  HwiP_restore                                                
00008509  UARTCC26XX_init                                             
00008541  ClockP_stop                                                 
00008547  GPTimerCC26XX_getValue                                      
0000854d  QueueP_init                                                 
00008559  UARTCC26XX_readPolling                                      
0000855f  UARTCC26XX_writePolling                                     
00008569  ClockP_isActive                                             
0000856d  ClockP_setTimeout                                           
00008571  HwiP_enable                                                 
00008571  NoRTOS_start                                                
00008575  NOROM_RFCOverrideUpdate                                     
00008579  PowerCC26XX_switchXOSC_HF                                   
0000857d  QueueP_head                                                 
00008581  QueueP_next                                                 
00008585  TimerP_getCount64                                           
00008589  _system_pre_init                                            
0000858d  C$$EXIT                                                     
0000858d  abort                                                       
0000b4f4  GPTimerCC26XX_config                                        
0000b554  PWM_config                                                  
0000b5b4  gptimerCC26xxHWAttrs                                        
0000b614  resourceDB                                                  
0000b6a4  BoardGpioInitTable                                          
0000b6cc  UARTCC26XX_fxnTable                                         
0000b6f4  uartCC26XXHWAttrs                                           
0000b740  PWMTimerCC26XX_fxnTable                                     
0000b764  UART_defaultParams                                          
0000b7a4  PWM_defaultParams                                           
0000b7bc  PowerCC26XX_config                                          
0000b80c  pwmtimerCC26xxHWAttrs                                       
0000b81c  RFCC26XX_hwAttrs                                            
0000b828  UART_config                                                 
0000b834  cbits                                                       
0000b83c  PINCC26XX_hwAttrs                                           
0000b844  ADC_count                                                   
0000b845  I2C_count                                                   
0000b846  PWM_count                                                   
0000b847  UART_count                                                  
0000b848  Watchdog_count                                              
0000b849  EasyLink_numSupportedPhys                                   
0000b84c  __c_args__                                                  
0000bca0  __TI_Handler_Table_Base                                     
0000bcac  __TI_Handler_Table_Limit                                    
0000bcc0  __TI_CINIT_Base                                             
0000bcd8  __TI_CINIT_Limit                                            
0001ffa8  __ccfg                                                      
200003d8  UartQueue                                                   
200005d0  uartCC26XXObjects                                           
200006fc  gptimerCC26XXObjects                                        
2000081c  pwmtimerCC26xxObjects                                       
20000ae8  uartParams                                                  
20000b2c  uartCC26XXRingBuffer                                        
20000b9c  params                                                      
20000c1d  Timer_Motor                                                 
20000c2c  timerData                                                   
20000c36  cmd_motor                                                   
20000c37  driverlib_release_0_55724                                   
20000c48  Timer1                                                      
20000c4c  pinHandle                                                   
20000c50  rxTimeoutVal                                                
20000c54  uart                                                        
20000c58  status                                                      
20000c60  CrcTable                                                    
20000e60  pinUpperBound                                               
20000e64  pinLowerBound                                               
20000ef8  pinHandleTable                                              
20000f74  PowerCC26XX_module                                          
2000108c  HwiP_swiPIntNum                                             
2000115c  ClockP_tickPeriod                                           
20001218  EasyLink_supportedPhys                                      
200012a8  pOverrides_sl_lr                                            
2000130c  pOverrides_lrm                                              
20001364  RF_PROP_txPowerTable                                        
200013bc  pOverrides                                                  
20001410  pOverrides_fsk                                              
200014d4  RF_cmdPropRxAdv_preDef                                      
20001504  RF_cmdPropRadioDivSetup                                     
2000152c  RF_cmdPropRadioDivSetup_fsk                                 
20001554  RF_cmdPropRadioDivSetup_lrm                                 
2000157c  RF_cmdPropRadioDivSetup_sl_lr                               
200015a4  pwm1                                                        
200015a8  pwm2                                                        
200015ac  pwm3                                                        
200015b0  pwm4                                                        
200015b4  pwm5                                                        
200015b8  pwm6                                                        
200015bc  pwm7                                                        
200015c0  pwm8                                                        
200015e0  RF_cmdFs                                                    
200015f8  RF_cmdFs_preDef                                             
20001610  RF_cmdPropTx                                                
20001638  RF_prop                                                     
20001648  RF_prop_fsk                                                 
20001658  RF_prop_lrm                                                 
20001668  RF_prop_sl_lr                                               
2000167c  SemaphoreP_defaultParams                                    
20001690  _lock                                                       
20001694  _unlock                                                     
200016a8  _sys_memory                                                 
20001800  g_pfnRAMVectors                                             
20004c00  __stack                                                     
20005000  __STACK_END                                                 
ffffffff  __TI_pprof_out_hndl                                         
ffffffff  __TI_prof_data_size                                         
ffffffff  __TI_prof_data_start                                        
ffffffff  __binit__                                                   
ffffffff  binit                                                       
UNDEFED   __mpu_init                                                  
UNDEFED   _system_post_cinit                                          

[376 symbols]
